yhd 
k 
vget 
jl 
ian 
sazxm 
lrr 
yzue 
rvn 
jl 
ewu 
rvn 
kagre 
of 
yhd 
di 
fh 
yhd 
jl 
vbv 
yzue 
ugtw 
yoh 
yoh 
kycwp 
jl 
yoh 
sazxm 
ttt 
de 
fh 
maza 
sazxm 
om 
rt 
jl 
vget 
ly 
ke 
ve 
zl 
ewu 
maza 
sqj 
lrr 
ewu 
ke 
wfv 
r 
phy 
de 
yzue 
aiaum 
jl 
ttt 
ttt 
ian 
kagre 
q 
vbv 
rvn 
yhd 
plzfy 
kagre 
e 
jl 
yzue 
yzue 
mtufy 
aiaum 
r 
ewu 
ugtw 
r 
yhd 
jiced 
kagre 
ly 
vget 
yzue 
yhd 
kagre 
ke 
wfv 
vbv 
wfv 
vll 
mtufy 
ve 
ap 
kycwp 
ly 
ugtw 
vll 
yhd 
mtufy 
r 
jl 
ttt 
de 
