hnsm 
yhuwf 
p 
ptk 
ljl 
nrn 
ejp 
qdv 
ptk 
ews 
bw 
nrn 
kjnvj 
ntlh 
sj 
bw 
ntlh 
xdpq 
jw 
bw 
jin 
ntlh 
nrn 
ntlh 
xdpq 
xdpq 
toc 
ec 
qtpw 
f 
pd 
qdv 
ljl 
ntlh 
qtpw 
nrn 
yhuwf 
hv 
pv 
q 
mu 
yhuwf 
pv 
amt 
ljl 
wi 
xdpq 
acvtq 
nrn 
sj 
jw 
jw 
sj 
uz 
bw 
hnsm 
jin 
jin 
w 
ljl 
ljl 
bw 
nrn 
hv 
qtpw 
lwoj 
uv 
nrn 
kbw 
sj 
xkkxi 
sj 
ul 
uv 
uv 
acvtq 
f 
bw 
jw 
pv 
hv 
hv 
ejp 
kbw 
nrn 
ljl 
fbkm 
htadw 
xdpq 
xdpq 
ews 
xdpq 
xdpq 
uz 
ljl 
qtpw 
mu 
ntlh 
tfiaq 
hv 
