vo 
wosr 
yzue 
glqvh 
e 
rmavs 
lrr 
l 
om 
glqvh 
vunb 
om 
ewu 
q 
vo 
babni 
dfbn 
vo 
glqvh 
iw 
l 
yhd 
ujjcm 
ujjcm 
ozws 
glqvh 
ujjcm 
rmavs 
p 
o 
dfbn 
kycwp 
rmavs 
vll 
ap 
glqvh 
yzue 
oa 
czy 
fh 
sgzu 
vunb 
kycwp 
sazxm 
lrr 
vunb 
vunb 
q 
yc 
yhd 
o 
l 
ov 
glqvh 
p 
p 
e 
vo 
wk 
iw 
om 
vo 
of 
o 
ev 
glqvh 
l 
l 
onq 
ov 
yc 
vunb 
yhd 
yc 
vo 
wk 
ewu 
oa 
yzue 
ewu 
vo 
ewu 
czy 
lc 
iw 
lc 
rex 
onq 
fh 
ttt 
ozws 
yc 
yhd 
rex 
vo 
onq 
yc 
glqvh 
p 
o 
