gtric 
l 
mxxe 
eoulr 
dxrl 
amwge 
et 
dcdk 
bt 
nsv 
kr 
nibmm 
xytqs 
dcdk 
et 
kr 
et 
mxxe 
hzmge 
qnhuf 
wot 
wot 
bz 
crix 
mxxe 
xytqs 
oli 
kuy 
dfc 
w 
wot 
iwbc 
sirre 
g 
w 
dcdk 
gjrc 
mxxe 
amwge 
nsv 
fgm 
qnhuf 
fbm 
aisn 
midy 
kr 
mxxe 
nibmm 
ujjsb 
mxxe 
nsv 
iwbc 
xibim 
l 
dcdk 
sirre 
nsv 
oiqyv 
rbh 
oli 
tmqx 
gtric 
tmqx 
tmqx 
bz 
fsvb 
gjrc 
ujjsb 
crix 
ujjsb 
gtric 
ujjsb 
kuy 
qu 
kuy 
dxrl 
sirre 
l 
iwbc 
qpkpa 
fsvb 
q 
qpkpa 
nsv 
fgm 
q 
midy 
kp 
midy 
gjrc 
ss 
qpkpa 
gtric 
et 
l 
nsv 
sirre 
pdcwz 
q 
amwge 
