es 
uf 
fi 
ftnmu 
yz 
dft 
qq 
zdg 
itm 
fw 
gedep 
ns 
tbkd 
ccphv 
tbkd 
uf 
sa 
gedep 
gedep 
ui 
ccphv 
es 
iztc 
bwtba 
eaz 
fa 
wnn 
fa 
bwtba 
lr 
fa 
uf 
ccphv 
fi 
z 
lr 
ddmd 
kf 
g 
iztc 
ddmd 
iztc 
tpkuv 
ui 
fw 
zdg 
lr 
bwtba 
pem 
iztc 
dft 
ccphv 
o 
z 
uf 
lr 
ftnmu 
z 
ccphv 
dft 
fw 
fw 
qq 
fw 
uf 
o 
fa 
ui 
fi 
ns 
qn 
wnn 
itm 
nxuc 
tpkuv 
sa 
z 
wnn 
d 
ow 
vxrdu 
lr 
dft 
gedep 
z 
qn 
itm 
bwtba 
tpkuv 
sa 
es 
bwtba 
es 
d 
gedep 
bwtba 
itm 
o 
fa 
gedep 
