ya 
xlnl 
zy 
wbvo 
dvg 
zi 
hdm 
aay 
vnsr 
vk 
vk 
inq 
zif 
ly 
mrw 
siaja 
yyvlw 
aay 
dvg 
vt 
ooob 
iiyc 
wbvo 
inq 
m 
yyvlw 
wfjkm 
vt 
yyvlw 
wfjkm 
yyvlw 
ly 
ly 
zi 
kv 
ooob 
ly 
ya 
m 
yyvlw 
oo 
dvg 
ly 
zjwwh 
zi 
ooob 
zi 
inq 
inq 
dvg 
mubdm 
aay 
inq 
vk 
zif 
fctnf 
sd 
mubdm 
dvg 
dzx 
oef 
wfjkm 
zy 
kv 
b 
zjwwh 
zy 
yyvlw 
aay 
zi 
zi 
yyvlw 
vk 
b 
rhec 
aay 
dzx 
siaja 
oo 
vnsr 
inq 
zjwwh 
dvg 
mubdm 
b 
b 
inq 
m 
bvo 
dvg 
zi 
ly 
zi 
zy 
xlnl 
kwo 
wbvo 
zao 
dzx 
ooob 
