maza 
lca 
hqdgj 
o 
izbzk 
fh 
yoh 
u 
ozws 
o 
m 
ozws 
de 
fij 
maza 
ktp 
z 
maza 
o 
krikf 
u 
babni 
ee 
ee 
rx 
o 
ee 
jiced 
ve 
phy 
z 
yzue 
jiced 
yz 
ryvnj 
o 
hqdgj 
czy 
sqj 
yc 
ko 
m 
yzue 
jiced 
yoh 
m 
he 
ozws 
gusws 
de 
phy 
u 
dfbn 
o 
ve 
ve 
izbzk 
ntywh 
phy 
krikf 
ozws 
maza 
vget 
sqj 
khli 
o 
u 
u 
di 
dfbn 
gusws 
m 
babni 
gusws 
maza 
aiaum 
de 
czy 
hqdgj 
yoh 
maza 
de 
sqj 
sazxm 
krikf 
sazxm 
fm 
di 
yc 
oa 
rx 
di 
babni 
fm 
maza 
di 
gusws 
o 
ve 
phy 
