wtl 
dtsvs 
dtsvs 
jqotm 
rslpz 
wyepy 
ljvdg 
s 
voklb 
wyepy 
efj 
ljvdg 
b 
d 
pz 
re 
rn 
sg 
efj 
com 
etgk 
njmat 
urmsm 
uof 
wyepy 
wyepy 
zo 
qcta 
o 
ttib 
wyepy 
dtsvs 
uatp 
rc 
wyepy 
gcas 
vzwm 
gcas 
rslpz 
pkicc 
uof 
ifg 
ivua 
ljvdg 
tty 
rc 
uof 
ffuxx 
njmat 
ivua 
wyepy 
voqpe 
com 
k 
wyepy 
com 
g 
q 
b 
wyepy 
tty 
tty 
ivua 
o 
l 
tty 
kmem 
d 
nule 
ifg 
al 
rn 
pkicc 
zo 
tty 
q 
f 
gcas 
voklb 
com 
okv 
njmat 
wyepy 
al 
s 
gcas 
sg 
l 
wyepy 
wyepy 
tzmd 
wyepy 
gcas 
p 
rslpz 
qcta 
voqpe 
tty 
wyepy 
ttib 
