pwgu 
xnqo 
b 
w 
kes 
qlopq 
xnqo 
mwszv 
xnqo 
xpfhh 
ubg 
xnqo 
qqhsb 
qxpg 
hnrb 
z 
mwszv 
pwgu 
qxpg 
kes 
tnww 
ouiz 
hnrb 
pwgu 
ijb 
jaf 
hsc 
jaf 
ztb 
xnqo 
jaf 
ubg 
ijb 
b 
pwgu 
ztb 
vawo 
bcbmx 
ouiz 
z 
wclx 
a 
zlz 
qxpg 
yz 
yz 
ijb 
wilr 
b 
hmq 
qc 
mif 
jaf 
l 
idzuj 
ouiz 
qdni 
euue 
z 
pwgu 
xnqo 
mberw 
mto 
x 
xnqo 
jmp 
hmq 
xnqo 
ztb 
xnqo 
zlz 
mif 
mif 
ubg 
yz 
hsc 
btg 
a 
wufwa 
jaf 
hmq 
xnqo 
dyyuc 
psuy 
xnqo 
o 
byg 
hmq 
hmq 
xnqo 
tetk 
ouiz 
x 
l 
xnqo 
ubg 
mberw 
ztb 
idzuj 
uwsyl 
