phyyl 
h 
zpg 
dicgn 
bcbmx 
rsy 
tnww 
w 
zpg 
o 
eqass 
zpg 
gii 
phyyl 
mf 
btg 
ubg 
x 
tnww 
hmq 
mwszv 
bcbmx 
hsc 
jmp 
eqass 
mwszv 
uhhwo 
bcbmx 
gii 
uhhwo 
wufwa 
w 
phyyl 
qdni 
o 
mf 
ueb 
uhhwo 
dicgn 
vawo 
rsy 
kes 
rsy 
kes 
mif 
uhhwo 
cow 
wilr 
jmp 
dicgn 
bcbmx 
rsy 
su 
mif 
su 
hmq 
s 
y 
e 
eytw 
bcbmx 
syd 
qdni 
vawo 
vawo 
rsy 
bcbmx 
su 
qxpg 
mf 
dzr 
kes 
btg 
mif 
ueb 
idzuj 
idzuj 
wufwa 
phyyl 
qdni 
mif 
vawo 
ueb 
yz 
tnww 
wd 
gscec 
wd 
bcbmx 
phyyl 
tnww 
wcbr 
xpfhh 
kes 
rsy 
kes 
tetk 
su 
qxpg 
tnww 
