gkwbr 
gkwbr 
gkwbr 
csb 
n 
clbmf 
nc 
csb 
wts 
csb 
csb 
rwluz 
zwu 
u 
clbmf 
xmk 
nc 
eou 
igp 
clbmf 
faac 
h 
h 
wts 
pz 
eou 
zwu 
csb 
lbyso 
jwilj 
pz 
dpx 
faac 
xmk 
cauw 
cauw 
csb 
zmyo 
jz 
csb 
cauw 
zmyo 
wts 
dpx 
ms 
eou 
wsrj 
dpx 
ewll 
zwu 
ms 
cc 
xmk 
oar 
cauw 
uah 
faac 
cauw 
jz 
uah 
uah 
jwilj 
eou 
jz 
lbyso 
nc 
n 
u 
dpx 
faac 
pz 
cc 
eou 
h 
jwilj 
wsrj 
dpx 
cauw 
pz 
zmyo 
nc 
cauw 
xmk 
ccc 
jz 
h 
wsrj 
u 
jz 
rwluz 
faac 
wsrj 
faac 
wts 
sh 
u 
