oapir 
ehq 
ezq 
vqlz 
unuh 
tw 
plhn 
djn 
waotz 
ezq 
oapir 
p 
cy 
rkkqe 
rkkqe 
siqls 
ryl 
uzx 
ubl 
w 
hs 
tmz 
kjt 
siqls 
ykfus 
ryl 
oapir 
uzx 
riov 
vyga 
ehq 
ofbkv 
zgutd 
tmz 
plhn 
psc 
yejxk 
k 
vqlz 
yega 
ofbkv 
vb 
z 
zpo 
kjt 
ubl 
uzx 
ppkr 
waotz 
ehq 
siqls 
vb 
yega 
ehq 
n 
kqk 
n 
psc 
vyga 
siqls 
zgutd 
mlxvo 
ryl 
zgutd 
plhn 
k 
vb 
z 
ykfus 
bj 
wylfy 
ryl 
waotz 
oqksu 
ykfus 
zpo 
siqls 
p 
riov 
oqksu 
siqls 
z 
zxleh 
k 
ryl 
bjhkm 
zxleh 
xk 
ofbkv 
waotz 
waotz 
siqls 
zgutd 
vb 
rkkqe 
zxleh 
kqk 
ezq 
wylfy 
ubl 
