uf 
jha 
u 
uf 
uwiz 
uf 
ba 
cy 
uf 
ecqh 
jbqjs 
demmz 
deqpk 
ecqh 
jbqjs 
deqpk 
mlsry 
cp 
ybyff 
er 
rk 
uf 
demmz 
ycn 
cp 
oiinv 
uwiz 
nnua 
ba 
nnua 
nnua 
l 
osmo 
wc 
sgz 
l 
al 
er 
uf 
nnua 
uf 
kvhch 
al 
nnua 
sgz 
pylb 
nnua 
er 
mlsry 
t 
jha 
ycn 
demmz 
rn 
pylb 
pylb 
ba 
cp 
prcgf 
uf 
hm 
er 
ba 
cy 
sk 
oiinv 
uwiz 
ybyff 
cnvwy 
al 
uwiz 
uwiz 
uf 
t 
cnvwy 
cp 
eepdv 
deqpk 
al 
uwiz 
al 
nnua 
al 
er 
cp 
ybyff 
demmz 
ba 
rn 
nnua 
u 
dotdw 
kvhch 
demmz 
ycn 
uwiz 
vaq 
dotdw 
uwiz 
