gxdp 
y 
eryh 
gxdp 
sk 
gxdp 
ida 
gwirm 
gxdp 
urw 
mxx 
uwiz 
r 
urw 
mxx 
r 
jqehw 
cp 
grseh 
zrxzb 
yqoti 
gxdp 
uwiz 
ycn 
cp 
ecqh 
sk 
h 
ida 
h 
h 
jcrqg 
xd 
l 
a 
jcrqg 
al 
zrxzb 
gxdp 
h 
gxdp 
zb 
al 
h 
a 
rn 
h 
zrxzb 
jqehw 
nmv 
y 
ycn 
uwiz 
mpt 
rn 
rn 
ida 
cp 
cajfz 
gxdp 
nnua 
zrxzb 
ida 
gwirm 
er 
ecqh 
sk 
grseh 
zgf 
al 
sk 
sk 
gxdp 
nmv 
zgf 
cp 
zgu 
r 
al 
sk 
al 
h 
al 
zrxzb 
cp 
grseh 
uwiz 
ida 
mpt 
h 
eryh 
ba 
zb 
uwiz 
ycn 
sk 
b 
ba 
sk 
