l 
qc 
wilr 
jaf 
f 
xpfhh 
qc 
jqh 
qc 
hbd 
mberw 
qc 
pwgu 
phyyl 
dicgn 
xvm 
jqh 
l 
phyyl 
f 
iquzc 
uhhwo 
dicgn 
l 
b 
uwsyl 
fwn 
uwsyl 
mif 
qc 
uwsyl 
mberw 
b 
wilr 
l 
mif 
mvfwr 
qqhsb 
uhhwo 
xvm 
dzr 
btg 
y 
phyyl 
eytw 
eytw 
b 
fsd 
wilr 
hmq 
vawo 
bcbmx 
uwsyl 
mf 
hk 
uhhwo 
yigdn 
hnrb 
xvm 
l 
qc 
lh 
mwszv 
tnww 
qc 
tetk 
hmq 
qc 
mif 
qc 
y 
bcbmx 
bcbmx 
mberw 
eytw 
fwn 
ouiz 
btg 
qxpg 
uwsyl 
hmq 
qc 
hsc 
oh 
qc 
e 
t 
hmq 
hmq 
qc 
cyomt 
uhhwo 
tnww 
mf 
qc 
mberw 
lh 
mif 
hk 
yz 
