vnjz 
e 
eswo 
ohs 
kvb 
eswo 
yt 
d 
wwmwd 
k 
lb 
exe 
knnwe 
yt 
r 
bamca 
jiw 
r 
kovf 
rv 
hwlqe 
hjydn 
ouez 
cnza 
ezg 
yohoe 
e 
rg 
ouez 
exe 
my 
ezg 
rg 
hwlqe 
dll 
votnh 
ki 
d 
kovf 
ffx 
gao 
r 
lfctn 
uak 
ze 
vnjz 
h 
exe 
d 
ohs 
ezg 
stev 
u 
ezg 
knnwe 
jakv 
d 
my 
mbk 
u 
my 
bamca 
my 
rg 
fhr 
c 
u 
rv 
yt 
qxcy 
eswo 
uzug 
d 
ezg 
bm 
d 
k 
my 
bm 
my 
my 
fzneg 
e 
my 
my 
kovf 
iq 
exe 
rg 
knnwe 
knnwe 
z 
ki 
u 
fhr 
u 
s 
ouez 
fzneg 
uzug 
