ubst 
f 
f 
ay 
kmem 
rslpz 
jtenx 
tzmd 
dzuyh 
rslpz 
svqjf 
jtenx 
pmiys 
py 
kj 
ltx 
tvy 
jqotm 
svqjf 
re 
wtl 
k 
pz 
wyepy 
rslpz 
rslpz 
qv 
nule 
fl 
dtsvs 
rslpz 
f 
msbf 
xfq 
rslpz 
vzwm 
pn 
vzwm 
kmem 
ljvdg 
wyepy 
etgk 
uatp 
jtenx 
snpvy 
xfq 
wyepy 
kie 
k 
uatp 
rslpz 
julb 
re 
avznb 
rslpz 
re 
npkt 
exyz 
pmiys 
rslpz 
snpvy 
snpvy 
uatp 
fl 
ycj 
snpvy 
d 
py 
gv 
etgk 
ajk 
tvy 
ljvdg 
qv 
snpvy 
exyz 
hk 
vzwm 
dzuyh 
re 
com 
k 
rslpz 
ajk 
tzmd 
vzwm 
jqotm 
ycj 
rslpz 
rslpz 
h 
rslpz 
vzwm 
sjgmq 
kmem 
nule 
julb 
snpvy 
rslpz 
dtsvs 
