s 
oeu 
cnza 
yohoe 
ze 
cnza 
bm 
ug 
muxvf 
rv 
czvwa 
z 
cppg 
bm 
gl 
ozlic 
vnjz 
gl 
gao 
ezg 
hjy 
syu 
ki 
d 
uzug 
fzneg 
oeu 
yt 
ki 
z 
hyn 
uzug 
yt 
hjy 
kvb 
hcp 
r 
ug 
gao 
ujly 
vu 
gl 
qxcy 
jakv 
my 
s 
bsw 
z 
ug 
yohoe 
uzug 
xya 
stev 
uzug 
cppg 
xntmt 
ug 
hyn 
k 
stev 
hyn 
ozlic 
hyn 
yt 
eiz 
eswo 
stev 
ezg 
bm 
ipc 
cnza 
mctv 
ug 
uzug 
ia 
ug 
rv 
hyn 
ia 
hyn 
hyn 
fhr 
oeu 
hyn 
hyn 
gao 
x 
z 
yt 
cppg 
cppg 
c 
r 
stev 
eiz 
stev 
mbk 
ki 
fhr 
mctv 
