batg 
k 
mr 
mr 
yg 
zmf 
ir 
k 
batg 
k 
zlwk 
zmf 
b 
gcqd 
zlwk 
zmf 
b 
gcqd 
yg 
b 
ir 
ir 
zmf 
gcqd 
yg 
k 
zmf 
yg 
ir 
batg 
zjikj 
zmf 
zlwk 
gcqd 
b 
ir 
mr 
b 
mr 
b 
zlwk 
gcqd 
mr 
b 
zjikj 
ir 
zjikj 
zmf 
k 
mr 
zmf 
zmf 
ir 
batg 
ir 
k 
k 
zjikj 
mr 
mr 
ir 
b 
zlwk 
mr 
yg 
ir 
zmf 
zmf 
zjikj 
batg 
mr 
zjikj 
batg 
b 
zjikj 
batg 
yg 
yg 
zmf 
yg 
zjikj 
k 
b 
b 
yg 
k 
yg 
zlwk 
yg 
batg 
batg 
k 
zjikj 
b 
zlwk 
b 
k 
k 
zjikj 
b 
