n 
ssx 
ilbzu 
zsn 
ir 
zpd 
axvw 
axvw 
ssx 
au 
feeq 
hwm 
elb 
ssx 
rrfgd 
r 
dbp 
sjx 
iclx 
juwj 
g 
we 
sho 
dbp 
n 
scm 
hojhm 
scm 
rrfgd 
sjx 
hojhm 
n 
r 
feeq 
odpcv 
e 
lb 
il 
mqgp 
scm 
tvkp 
te 
scm 
d 
ssx 
eq 
d 
ztxyj 
eq 
ssx 
ssx 
ssx 
odpcv 
tvkp 
n 
fmhgk 
qyzt 
kmzql 
au 
hojhm 
x 
ja 
tvkp 
ssx 
ji 
i 
xft 
zsn 
sjx 
aklh 
te 
x 
fmhgk 
ilbzu 
fx 
ssx 
n 
dylrn 
n 
e 
ltb 
r 
dbp 
hojhm 
scm 
lb 
elb 
e 
aklh 
odpcv 
dylrn 
mqgp 
scm 
sjx 
sho 
d 
fmhgk 
