jemh 
h 
jemh 
h 
h 
h 
jemh 
h 
jemh 
h 
h 
h 
jemh 
jemh 
jemh 
jemh 
jemh 
h 
h 
jemh 
h 
jemh 
jemh 
h 
h 
jemh 
h 
h 
jemh 
jemh 
jemh 
jemh 
jemh 
h 
jemh 
h 
jemh 
jemh 
jemh 
jemh 
h 
jemh 
h 
jemh 
h 
h 
jemh 
h 
h 
jemh 
h 
h 
h 
jemh 
h 
jemh 
h 
jemh 
jemh 
jemh 
jemh 
h 
jemh 
jemh 
h 
h 
h 
h 
h 
h 
h 
jemh 
jemh 
jemh 
jemh 
h 
jemh 
jemh 
h 
jemh 
h 
h 
jemh 
jemh 
jemh 
jemh 
jemh 
jemh 
jemh 
h 
h 
jemh 
jemh 
h 
h 
jemh 
jemh 
jemh 
jemh 
jemh 
