wwph wwph wwph wwph wwph wwph 
wwph wwph wwph wwph wwph wwph 
wwph wwph wwph wwph wwph wwph 
wwph wwph wwph wwph wwph wwph 
wwph wwph wwph wwph wwph wwph 
wwph wwph wwph wwph wwph wwph 
wwph wwph wwph wwph wwph wwph 
wwph wwph wwph wwph wwph wwph 
wwph wwph wwph wwph wwph wwph 
wwph wwph wwph wwph wwph wwph 
