uedj uedj uedj uedj uedj uedj uedj 
uedj uedj uedj uedj uedj uedj uedj 
uedj uedj uedj uedj uedj uedj uedj 
bd bd bd bd bd bd bd 
uedj uedj uedj uedj uedj uedj uedj 
bd bd bd bd bd bd bd 
uedj uedj uedj uedj uedj uedj uedj 
bd bd bd bd bd bd bd 
uedj uedj uedj uedj uedj uedj uedj 
uedj uedj uedj uedj uedj uedj uedj 
