jmrvg jmrvg jmrvg jmrvg jmrvg jmrvg 
jmrvg jmrvg jmrvg jmrvg jmrvg jmrvg 
jmrvg jmrvg jmrvg jmrvg jmrvg jmrvg 
jmrvg jmrvg jmrvg jmrvg jmrvg jmrvg 
jmrvg jmrvg jmrvg jmrvg jmrvg jmrvg 
jmrvg jmrvg jmrvg jmrvg jmrvg jmrvg 
jmrvg jmrvg jmrvg jmrvg jmrvg jmrvg 
jmrvg jmrvg jmrvg jmrvg jmrvg jmrvg 
jmrvg jmrvg jmrvg jmrvg jmrvg jmrvg 
jmrvg jmrvg jmrvg jmrvg jmrvg jmrvg 
