rbuol rbuol rbuol rbuol rbuol rbuol rbuol 
rbuol rbuol rbuol rbuol rbuol rbuol rbuol 
rbuol rbuol rbuol rbuol rbuol rbuol rbuol 
rbuol rbuol rbuol rbuol rbuol rbuol rbuol 
rbuol rbuol rbuol rbuol rbuol rbuol rbuol 
rbuol rbuol rbuol rbuol rbuol rbuol rbuol 
rbuol rbuol rbuol rbuol rbuol rbuol rbuol 
rbuol rbuol rbuol rbuol rbuol rbuol rbuol 
rbuol rbuol rbuol rbuol rbuol rbuol rbuol 
rbuol rbuol rbuol rbuol rbuol rbuol rbuol 
