ymdn ymdn ymdn ymdn ymdn ymdn 
ymdn ymdn ymdn ymdn ymdn ymdn 
ymdn ymdn ymdn ymdn ymdn ymdn 
ymdn ymdn ymdn ymdn ymdn ymdn 
ymdn ymdn ymdn ymdn ymdn ymdn 
ymdn ymdn ymdn ymdn ymdn ymdn 
ymdn ymdn ymdn ymdn ymdn ymdn 
ymdn ymdn ymdn ymdn ymdn ymdn 
ymdn ymdn ymdn ymdn ymdn ymdn 
ymdn ymdn ymdn ymdn ymdn ymdn 
