pdoj pdoj pdoj pdoj pdoj pdoj pdoj 
pdoj pdoj pdoj pdoj pdoj pdoj pdoj 
pdoj pdoj pdoj pdoj pdoj pdoj pdoj 
pdoj pdoj pdoj pdoj pdoj pdoj pdoj 
pdoj pdoj pdoj pdoj pdoj pdoj pdoj 
pdoj pdoj pdoj pdoj pdoj pdoj pdoj 
pdoj pdoj pdoj pdoj pdoj pdoj pdoj 
pdoj pdoj pdoj pdoj pdoj pdoj pdoj 
pdoj pdoj pdoj pdoj pdoj pdoj pdoj 
pdoj pdoj pdoj pdoj pdoj pdoj pdoj 
