ftwcb ftwcb ftwcb ftwcb ftwcb ftwcb ftwcb 
ftwcb ftwcb ftwcb ftwcb ftwcb ftwcb ftwcb 
ftwcb ftwcb ftwcb ftwcb ftwcb ftwcb ftwcb 
ftwcb ftwcb ftwcb ftwcb ftwcb ftwcb ftwcb 
ftwcb ftwcb ftwcb ftwcb ftwcb ftwcb ftwcb 
ftwcb ftwcb ftwcb ftwcb ftwcb ftwcb ftwcb 
ftwcb ftwcb ftwcb ftwcb ftwcb ftwcb ftwcb 
ftwcb ftwcb ftwcb ftwcb ftwcb ftwcb ftwcb 
ftwcb ftwcb ftwcb ftwcb ftwcb ftwcb ftwcb 
ftwcb ftwcb ftwcb ftwcb ftwcb ftwcb ftwcb 
