js xc xc xc xc xc xc xc xc xc xc xc xc xc xc xc xc xc xc xc xc xc xc xc xc xc xc xc xc xc xc xc xc xc xc xc xc xc xc xc xc xc xc xc xc xc xc xc xc xc 
qdeeg js xc xc xc xc xc xc xc xc xc xc xc xc xc xc xc xc xc xc xc xc xc xc xc xc xc xc xc xc xc xc xc xc xc xc xc xc xc xc xc xc xc xc xc xc xc xc xc xc 
wab lcv js xc xc xc xc xc xc xc xc xc xc xc xc xc xc xc xc xc xc xc xc xc xc xc xc xc xc xc xc xc xc xc xc xc xc xc xc xc xc xc xc xc xc xc xc xc xc xc 
js xc xc xc xc xc xc xc xc xc xc xc xc xc xc xc xc xc xc xc xc xc xc xc xc xc xc xc xc xc xc xc xc xc xc xc xc xc xc xc xc xc xc xc xc xc xc xc xc xc 
xc xc xc xc xc xc xc xc xc xc xc xc xc xc xc xc xc xc xc xc xc xc xc xc xc xc xc xc xc xc xc xc xc xc xc xc xc xc xc xc xc xc xc xc xc xc xc xc xc xc 
xc xc xc xc xc xc xc xc xc xc xc xc xc xc xc xc xc xc xc xc xc xc xc xc xc xc xc xc xc xc xc xc xc xc xc xc xc xc xc xc xc xc xc xc xc xc xc xc xc xc 
wab lcv js xc xc xc xc xc xc xc xc xc xc xc xc xc xc xc xc xc xc xc xc xc xc xc xc xc xc xc xc xc xc xc xc xc xc xc xc xc xc xc xc xc xc xc xc xc xc xc 
qdeeg js xc xc xc xc xc xc xc xc xc xc xc xc xc xc xc xc xc xc xc xc xc xc xc xc xc xc xc xc xc xc xc xc xc xc xc xc xc xc xc xc xc xc xc xc xc xc xc xc 
qdeeg js xc xc xc xc xc xc xc xc xc xc xc xc xc xc xc xc xc xc xc xc xc xc xc xc xc xc xc xc xc xc xc xc xc xc xc xc xc xc xc xc xc xc xc xc xc xc xc xc 
js xc xc xc xc xc xc xc xc xc xc xc xc xc xc xc xc xc xc xc xc xc xc xc xc xc xc xc xc xc xc xc xc xc xc xc xc xc xc xc xc xc xc xc xc xc xc xc xc xc 
js xc xc xc xc xc xc xc xc xc xc xc xc xc xc xc xc xc xc xc xc xc xc xc xc xc xc xc xc xc xc xc xc xc xc xc xc xc xc xc xc xc xc xc xc xc xc xc xc xc 
js xc xc xc xc xc xc xc xc xc xc xc xc xc xc xc xc xc xc xc xc xc xc xc xc xc xc xc xc xc xc xc xc xc xc xc xc xc xc xc xc xc xc xc xc xc xc xc xc xc 
js xc xc xc xc xc xc xc xc xc xc xc xc xc xc xc xc xc xc xc xc xc xc xc xc xc xc xc xc xc xc xc xc xc xc xc xc xc xc xc xc xc xc xc xc xc xc xc xc xc 
js xc xc xc xc xc xc xc xc xc xc xc xc xc xc xc xc xc xc xc xc xc xc xc xc xc xc xc xc xc xc xc xc xc xc xc xc xc xc xc xc xc xc xc xc xc xc xc xc xc 
js xc xc xc xc xc xc xc xc xc xc xc xc xc xc xc xc xc xc xc xc xc xc xc xc xc xc xc xc xc xc xc xc xc xc xc xc xc xc xc xc xc xc xc xc xc xc xc xc xc 
qdeeg js xc xc xc xc xc xc xc xc xc xc xc xc xc xc xc xc xc xc xc xc xc xc xc xc xc xc xc xc xc xc xc xc xc xc xc xc xc xc xc xc xc xc xc xc xc xc xc xc 
js xc xc xc xc xc xc xc xc xc xc xc xc xc xc xc xc xc xc xc xc xc xc xc xc xc xc xc xc xc xc xc xc xc xc xc xc xc xc xc xc xc xc xc xc xc xc xc xc xc 
xc xc xc xc xc xc xc xc xc xc xc xc xc xc xc xc xc xc xc xc xc xc xc xc xc xc xc xc xc xc xc xc xc xc xc xc xc xc xc xc xc xc xc xc xc xc xc xc xc xc 
qdeeg js xc xc xc xc xc xc xc xc xc xc xc xc xc xc xc xc xc xc xc xc xc xc xc xc xc xc xc xc xc xc xc xc xc xc xc xc xc xc xc xc xc xc xc xc xc xc xc xc 
wab lcv js xc xc xc xc xc xc xc xc xc xc xc xc xc xc xc xc xc xc xc xc xc xc xc xc xc xc xc xc xc xc xc xc xc xc xc xc xc xc xc xc xc xc xc xc xc xc xc 
js xc xc xc xc xc xc xc xc xc xc xc xc xc xc xc xc xc xc xc xc xc xc xc xc xc xc xc xc xc xc xc xc xc xc xc xc xc xc xc xc xc xc xc xc xc xc xc xc xc 
js xc xc xc xc xc xc xc xc xc xc xc xc xc xc xc xc xc xc xc xc xc xc xc xc xc xc xc xc xc xc xc xc xc xc xc xc xc xc xc xc xc xc xc xc xc xc xc xc xc 
js xc xc xc xc xc xc xc xc xc xc xc xc xc xc xc xc xc xc xc xc xc xc xc xc xc xc xc xc xc xc xc xc xc xc xc xc xc xc xc xc xc xc xc xc xc xc xc xc xc 
lcv js xc xc xc xc xc xc xc xc xc xc xc xc xc xc xc xc xc xc xc xc xc xc xc xc xc xc xc xc xc xc xc xc xc xc xc xc xc xc xc xc xc xc xc xc xc xc xc xc 
xc xc xc xc xc xc xc xc xc xc xc xc xc xc xc xc xc xc xc xc xc xc xc xc xc xc xc xc xc xc xc xc xc xc xc xc xc xc xc xc xc xc xc xc xc xc xc xc xc xc 
qdeeg js xc xc xc xc xc xc xc xc xc xc xc xc xc xc xc xc xc xc xc xc xc xc xc xc xc xc xc xc xc xc xc xc xc xc xc xc xc xc xc xc xc xc xc xc xc xc xc xc 
lcv js xc xc xc xc xc xc xc xc xc xc xc xc xc xc xc xc xc xc xc xc xc xc xc xc xc xc xc xc xc xc xc xc xc xc xc xc xc xc xc xc xc xc xc xc xc xc xc xc 
js xc xc xc xc xc xc xc xc xc xc xc xc xc xc xc xc xc xc xc xc xc xc xc xc xc xc xc xc xc xc xc xc xc xc xc xc xc xc xc xc xc xc xc xc xc xc xc xc xc 
qdeeg js xc xc xc xc xc xc xc xc xc xc xc xc xc xc xc xc xc xc xc xc xc xc xc xc xc xc xc xc xc xc xc xc xc xc xc xc xc xc xc xc xc xc xc xc xc xc xc xc 
qdeeg js xc xc xc xc xc xc xc xc xc xc xc xc xc xc xc xc xc xc xc xc xc xc xc xc xc xc xc xc xc xc xc xc xc xc xc xc xc xc xc xc xc xc xc xc xc xc xc xc 
lcv js xc xc xc xc xc xc xc xc xc xc xc xc xc xc xc xc xc xc xc xc xc xc xc xc xc xc xc xc xc xc xc xc xc xc xc xc xc xc xc xc xc xc xc xc xc xc xc xc 
js xc xc xc xc xc xc xc xc xc xc xc xc xc xc xc xc xc xc xc xc xc xc xc xc xc xc xc xc xc xc xc xc xc xc xc xc xc xc xc xc xc xc xc xc xc xc xc xc xc 
lcv js xc xc xc xc xc xc xc xc xc xc xc xc xc xc xc xc xc xc xc xc xc xc xc xc xc xc xc xc xc xc xc xc xc xc xc xc xc xc xc xc xc xc xc xc xc xc xc xc 
js xc xc xc xc xc xc xc xc xc xc xc xc xc xc xc xc xc xc xc xc xc xc xc xc xc xc xc xc xc xc xc xc xc xc xc xc xc xc xc xc xc xc xc xc xc xc xc xc xc 
lcv js xc xc xc xc xc xc xc xc xc xc xc xc xc xc xc xc xc xc xc xc xc xc xc xc xc xc xc xc xc xc xc xc xc xc xc xc xc xc xc xc xc xc xc xc xc xc xc xc 
wab lcv js xc xc xc xc xc xc xc xc xc xc xc xc xc xc xc xc xc xc xc xc xc xc xc xc xc xc xc xc xc xc xc xc xc xc xc xc xc xc xc xc xc xc xc xc xc xc xc 
lcv js xc xc xc xc xc xc xc xc xc xc xc xc xc xc xc xc xc xc xc xc xc xc xc xc xc xc xc xc xc xc xc xc xc xc xc xc xc xc xc xc xc xc xc xc xc xc xc xc 
js xc xc xc xc xc xc xc xc xc xc xc xc xc xc xc xc xc xc xc xc xc xc xc xc xc xc xc xc xc xc xc xc xc xc xc xc xc xc xc xc xc xc xc xc xc xc xc xc xc 
js xc xc xc xc xc xc xc xc xc xc xc xc xc xc xc xc xc xc xc xc xc xc xc xc xc xc xc xc xc xc xc xc xc xc xc xc xc xc xc xc xc xc xc xc xc xc xc xc xc 
qdeeg js xc xc xc xc xc xc xc xc xc xc xc xc xc xc xc xc xc xc xc xc xc xc xc xc xc xc xc xc xc xc xc xc xc xc xc xc xc xc xc xc xc xc xc xc xc xc xc xc 
js xc xc xc xc xc xc xc xc xc xc xc xc xc xc xc xc xc xc xc xc xc xc xc xc xc xc xc xc xc xc xc xc xc xc xc xc xc xc xc xc xc xc xc xc xc xc xc xc xc 
js xc xc xc xc xc xc xc xc xc xc xc xc xc xc xc xc xc xc xc xc xc xc xc xc xc xc xc xc xc xc xc xc xc xc xc xc xc xc xc xc xc xc xc xc xc xc xc xc xc 
js xc xc xc xc xc xc xc xc xc xc xc xc xc xc xc xc xc xc xc xc xc xc xc xc xc xc xc xc xc xc xc xc xc xc xc xc xc xc xc xc xc xc xc xc xc xc xc xc xc 
js xc xc xc xc xc xc xc xc xc xc xc xc xc xc xc xc xc xc xc xc xc xc xc xc xc xc xc xc xc xc xc xc xc xc xc xc xc xc xc xc xc xc xc xc xc xc xc xc xc 
xc xc xc xc xc xc xc xc xc xc xc xc xc xc xc xc xc xc xc xc xc xc xc xc xc xc xc xc xc xc xc xc xc xc xc xc xc xc xc xc xc xc xc xc xc xc xc xc xc xc 
lcv js xc xc xc xc xc xc xc xc xc xc xc xc xc xc xc xc xc xc xc xc xc xc xc xc xc xc xc xc xc xc xc xc xc xc xc xc xc xc xc xc xc xc xc xc xc xc xc xc 
js xc xc xc xc xc xc xc xc xc xc xc xc xc xc xc xc xc xc xc xc xc xc xc xc xc xc xc xc xc xc xc xc xc xc xc xc xc xc xc xc xc xc xc xc xc xc xc xc xc 
js xc xc xc xc xc xc xc xc xc xc xc xc xc xc xc xc xc xc xc xc xc xc xc xc xc xc xc xc xc xc xc xc xc xc xc xc xc xc xc xc xc xc xc xc xc xc xc xc xc 
qdeeg js xc xc xc xc xc xc xc xc xc xc xc xc xc xc xc xc xc xc xc xc xc xc xc xc xc xc xc xc xc xc xc xc xc xc xc xc xc xc xc xc xc xc xc xc xc xc xc xc 
qdeeg js xc xc xc xc xc xc xc xc xc xc xc xc xc xc xc xc xc xc xc xc xc xc xc xc xc xc xc xc xc xc xc xc xc xc xc xc xc xc xc xc xc xc xc xc xc xc xc xc 
js xc xc xc xc xc xc xc xc xc xc xc xc xc xc xc xc xc xc xc xc xc xc xc xc xc xc xc xc xc xc xc xc xc xc xc xc xc xc xc xc xc xc xc xc xc xc xc xc xc 
js xc xc xc xc xc xc xc xc xc xc xc xc xc xc xc xc xc xc xc xc xc xc xc xc xc xc xc xc xc xc xc xc xc xc xc xc xc xc xc xc xc xc xc xc xc xc xc xc xc 
wab lcv js xc xc xc xc xc xc xc xc xc xc xc xc xc xc xc xc xc xc xc xc xc xc xc xc xc xc xc xc xc xc xc xc xc xc xc xc xc xc xc xc xc xc xc xc xc xc xc 
xc xc xc xc xc xc xc xc xc xc xc xc xc xc xc xc xc xc xc xc xc xc xc xc xc xc xc xc xc xc xc xc xc xc xc xc xc xc xc xc xc xc xc xc xc xc xc xc xc xc 
js xc xc xc xc xc xc xc xc xc xc xc xc xc xc xc xc xc xc xc xc xc xc xc xc xc xc xc xc xc xc xc xc xc xc xc xc xc xc xc xc xc xc xc xc xc xc xc xc xc 
lcv js xc xc xc xc xc xc xc xc xc xc xc xc xc xc xc xc xc xc xc xc xc xc xc xc xc xc xc xc xc xc xc xc xc xc xc xc xc xc xc xc xc xc xc xc xc xc xc xc 
js xc xc xc xc xc xc xc xc xc xc xc xc xc xc xc xc xc xc xc xc xc xc xc xc xc xc xc xc xc xc xc xc xc xc xc xc xc xc xc xc xc xc xc xc xc xc xc xc xc 
xc xc xc xc xc xc xc xc xc xc xc xc xc xc xc xc xc xc xc xc xc xc xc xc xc xc xc xc xc xc xc xc xc xc xc xc xc xc xc xc xc xc xc xc xc xc xc xc xc xc 
js xc xc xc xc xc xc xc xc xc xc xc xc xc xc xc xc xc xc xc xc xc xc xc xc xc xc xc xc xc xc xc xc xc xc xc xc xc xc xc xc xc xc xc xc xc xc xc xc xc 
wab lcv js xc xc xc xc xc xc xc xc xc xc xc xc xc xc xc xc xc xc xc xc xc xc xc xc xc xc xc xc xc xc xc xc xc xc xc xc xc xc xc xc xc xc xc xc xc xc xc 
qdeeg js xc xc xc xc xc xc xc xc xc xc xc xc xc xc xc xc xc xc xc xc xc xc xc xc xc xc xc xc xc xc xc xc xc xc xc xc xc xc xc xc xc xc xc xc xc xc xc xc 
js xc xc xc xc xc xc xc xc xc xc xc xc xc xc xc xc xc xc xc xc xc xc xc xc xc xc xc xc xc xc xc xc xc xc xc xc xc xc xc xc xc xc xc xc xc xc xc xc xc 
js xc xc xc xc xc xc xc xc xc xc xc xc xc xc xc xc xc xc xc xc xc xc xc xc xc xc xc xc xc xc xc xc xc xc xc xc xc xc xc xc xc xc xc xc xc xc xc xc xc 
js xc xc xc xc xc xc xc xc xc xc xc xc xc xc xc xc xc xc xc xc xc xc xc xc xc xc xc xc xc xc xc xc xc xc xc xc xc xc xc xc xc xc xc xc xc xc xc xc xc 
js xc xc xc xc xc xc xc xc xc xc xc xc xc xc xc xc xc xc xc xc xc xc xc xc xc xc xc xc xc xc xc xc xc xc xc xc xc xc xc xc xc xc xc xc xc xc xc xc xc 
js xc xc xc xc xc xc xc xc xc xc xc xc xc xc xc xc xc xc xc xc xc xc xc xc xc xc xc xc xc xc xc xc xc xc xc xc xc xc xc xc xc xc xc xc xc xc xc xc xc 
wab lcv js xc xc xc xc xc xc xc xc xc xc xc xc xc xc xc xc xc xc xc xc xc xc xc xc xc xc xc xc xc xc xc xc xc xc xc xc xc xc xc xc xc xc xc xc xc xc xc 
js xc xc xc xc xc xc xc xc xc xc xc xc xc xc xc xc xc xc xc xc xc xc xc xc xc xc xc xc xc xc xc xc xc xc xc xc xc xc xc xc xc xc xc xc xc xc xc xc xc 
xc xc xc xc xc xc xc xc xc xc xc xc xc xc xc xc xc xc xc xc xc xc xc xc xc xc xc xc xc xc xc xc xc xc xc xc xc xc xc xc xc xc xc xc xc xc xc xc xc xc 
js xc xc xc xc xc xc xc xc xc xc xc xc xc xc xc xc xc xc xc xc xc xc xc xc xc xc xc xc xc xc xc xc xc xc xc xc xc xc xc xc xc xc xc xc xc xc xc xc xc 
js xc xc xc xc xc xc xc xc xc xc xc xc xc xc xc xc xc xc xc xc xc xc xc xc xc xc xc xc xc xc xc xc xc xc xc xc xc xc xc xc xc xc xc xc xc xc xc xc xc 
js xc xc xc xc xc xc xc xc xc xc xc xc xc xc xc xc xc xc xc xc xc xc xc xc xc xc xc xc xc xc xc xc xc xc xc xc xc xc xc xc xc xc xc xc xc xc xc xc xc 
qdeeg js xc xc xc xc xc xc xc xc xc xc xc xc xc xc xc xc xc xc xc xc xc xc xc xc xc xc xc xc xc xc xc xc xc xc xc xc xc xc xc xc xc xc xc xc xc xc xc xc 
js xc xc xc xc xc xc xc xc xc xc xc xc xc xc xc xc xc xc xc xc xc xc xc xc xc xc xc xc xc xc xc xc xc xc xc xc xc xc xc xc xc xc xc xc xc xc xc xc xc 
qdeeg js xc xc xc xc xc xc xc xc xc xc xc xc xc xc xc xc xc xc xc xc xc xc xc xc xc xc xc xc xc xc xc xc xc xc xc xc xc xc xc xc xc xc xc xc xc xc xc xc 
wab lcv js xc xc xc xc xc xc xc xc xc xc xc xc xc xc xc xc xc xc xc xc xc xc xc xc xc xc xc xc xc xc xc xc xc xc xc xc xc xc xc xc xc xc xc xc xc xc xc 
js xc xc xc xc xc xc xc xc xc xc xc xc xc xc xc xc xc xc xc xc xc xc xc xc xc xc xc xc xc xc xc xc xc xc xc xc xc xc xc xc xc xc xc xc xc xc xc xc xc 
js xc xc xc xc xc xc xc xc xc xc xc xc xc xc xc xc xc xc xc xc xc xc xc xc xc xc xc xc xc xc xc xc xc xc xc xc xc xc xc xc xc xc xc xc xc xc xc xc xc 
qdeeg js xc xc xc xc xc xc xc xc xc xc xc xc xc xc xc xc xc xc xc xc xc xc xc xc xc xc xc xc xc xc xc xc xc xc xc xc xc xc xc xc xc xc xc xc xc xc xc xc 
xc xc xc xc xc xc xc xc xc xc xc xc xc xc xc xc xc xc xc xc xc xc xc xc xc xc xc xc xc xc xc xc xc xc xc xc xc xc xc xc xc xc xc xc xc xc xc xc xc xc 
js xc xc xc xc xc xc xc xc xc xc xc xc xc xc xc xc xc xc xc xc xc xc xc xc xc xc xc xc xc xc xc xc xc xc xc xc xc xc xc xc xc xc xc xc xc xc xc xc xc 
xc xc xc xc xc xc xc xc xc xc xc xc xc xc xc xc xc xc xc xc xc xc xc xc xc xc xc xc xc xc xc xc xc xc xc xc xc xc xc xc xc xc xc xc xc xc xc xc xc xc 
js xc xc xc xc xc xc xc xc xc xc xc xc xc xc xc xc xc xc xc xc xc xc xc xc xc xc xc xc xc xc xc xc xc xc xc xc xc xc xc xc xc xc xc xc xc xc xc xc xc 
js xc xc xc xc xc xc xc xc xc xc xc xc xc xc xc xc xc xc xc xc xc xc xc xc xc xc xc xc xc xc xc xc xc xc xc xc xc xc xc xc xc xc xc xc xc xc xc xc xc 
xc xc xc xc xc xc xc xc xc xc xc xc xc xc xc xc xc xc xc xc xc xc xc xc xc xc xc xc xc xc xc xc xc xc xc xc xc xc xc xc xc xc xc xc xc xc xc xc xc xc 
js xc xc xc xc xc xc xc xc xc xc xc xc xc xc xc xc xc xc xc xc xc xc xc xc xc xc xc xc xc xc xc xc xc xc xc xc xc xc xc xc xc xc xc xc xc xc xc xc xc 
js xc xc xc xc xc xc xc xc xc xc xc xc xc xc xc xc xc xc xc xc xc xc xc xc xc xc xc xc xc xc xc xc xc xc xc xc xc xc xc xc xc xc xc xc xc xc xc xc xc 
js xc xc xc xc xc xc xc xc xc xc xc xc xc xc xc xc xc xc xc xc xc xc xc xc xc xc xc xc xc xc xc xc xc xc xc xc xc xc xc xc xc xc xc xc xc xc xc xc xc 
js xc xc xc xc xc xc xc xc xc xc xc xc xc xc xc xc xc xc xc xc xc xc xc xc xc xc xc xc xc xc xc xc xc xc xc xc xc xc xc xc xc xc xc xc xc xc xc xc xc 
qdeeg js xc xc xc xc xc xc xc xc xc xc xc xc xc xc xc xc xc xc xc xc xc xc xc xc xc xc xc xc xc xc xc xc xc xc xc xc xc xc xc xc xc xc xc xc xc xc xc xc 
js xc xc xc xc xc xc xc xc xc xc xc xc xc xc xc xc xc xc xc xc xc xc xc xc xc xc xc xc xc xc xc xc xc xc xc xc xc xc xc xc xc xc xc xc xc xc xc xc xc 
xc xc xc xc xc xc xc xc xc xc xc xc xc xc xc xc xc xc xc xc xc xc xc xc xc xc xc xc xc xc xc xc xc xc xc xc xc xc xc xc xc xc xc xc xc xc xc xc xc xc 
js xc xc xc xc xc xc xc xc xc xc xc xc xc xc xc xc xc xc xc xc xc xc xc xc xc xc xc xc xc xc xc xc xc xc xc xc xc xc xc xc xc xc xc xc xc xc xc xc xc 
lcv js xc xc xc xc xc xc xc xc xc xc xc xc xc xc xc xc xc xc xc xc xc xc xc xc xc xc xc xc xc xc xc xc xc xc xc xc xc xc xc xc xc xc xc xc xc xc xc xc 
xc xc xc xc xc xc xc xc xc xc xc xc xc xc xc xc xc xc xc xc xc xc xc xc xc xc xc xc xc xc xc xc xc xc xc xc xc xc xc xc xc xc xc xc xc xc xc xc xc xc 
wab lcv js xc xc xc xc xc xc xc xc xc xc xc xc xc xc xc xc xc xc xc xc xc xc xc xc xc xc xc xc xc xc xc xc xc xc xc xc xc xc xc xc xc xc xc xc xc xc xc 
js xc xc xc xc xc xc xc xc xc xc xc xc xc xc xc xc xc xc xc xc xc xc xc xc xc xc xc xc xc xc xc xc xc xc xc xc xc xc xc xc xc xc xc xc xc xc xc xc xc 
lcv js xc xc xc xc xc xc xc xc xc xc xc xc xc xc xc xc xc xc xc xc xc xc xc xc xc xc xc xc xc xc xc xc xc xc xc xc xc xc xc xc xc xc xc xc xc xc xc xc 
qdeeg js xc xc xc xc xc xc xc xc xc xc xc xc xc xc xc xc xc xc xc xc xc xc xc xc xc xc xc xc xc xc xc xc xc xc xc xc xc xc xc xc xc xc xc xc xc xc xc xc 
js xc xc xc xc xc xc xc xc xc xc xc xc xc xc xc xc xc xc xc xc xc xc xc xc xc xc xc xc xc xc xc xc xc xc xc xc xc xc xc xc xc xc xc xc xc xc xc xc xc 
