b pfgny pfgny hvciy ml ml knig pfgny ml e e b b gt hvciy hvciy pfgny gt b hvciy ptr ml b e ml gt pgtow ptr pfgny p knig pfgny e ptr hvciy e gt ml e pfgny gt ptr pgtow pfgny ptr gt pgtow ptr p pgtow 
pgtow knig b ml e ptr gt gt ml hvciy pfgny b pfgny gt gt knig ml pgtow ml hvciy gt e knig b knig knig ml hvciy ptr hvciy p ml pfgny pgtow e hvciy e p pfgny pgtow ptr b ptr ptr ml p knig b gt gt 
pfgny ptr knig gt knig pgtow gt b knig gt ml b gt hvciy p pgtow b pfgny pfgny e pgtow ptr ml hvciy p ml ml p b hvciy pgtow e p ptr e p p b hvciy gt e pgtow e ml e p p ptr pfgny ml 
ptr gt gt ml hvciy pfgny b pfgny gt gt knig ml pgtow ml hvciy gt e knig b knig knig ml hvciy ptr hvciy p ml pfgny pgtow e hvciy e p pfgny pgtow ptr b ptr ptr ml p knig b gt gt pgtow ptr pfgny p knig 
ptr e hvciy pgtow pfgny pfgny e e gt gt p hvciy pgtow p hvciy pgtow b e gt b e pfgny gt ml e ml b pgtow pgtow pgtow pfgny e ml p ml ptr pgtow e ml ml pfgny b b b pgtow gt ml pfgny ml e 
pfgny pfgny pfgny pfgny pfgny pfgny pfgny pfgny pfgny pfgny pfgny pfgny pfgny pfgny pfgny pfgny pfgny pfgny pfgny pfgny pfgny pfgny pfgny pfgny pfgny pfgny pfgny pfgny pfgny pfgny pfgny pfgny pfgny pfgny pfgny pfgny pfgny pfgny pfgny pfgny pfgny pfgny pfgny pfgny pfgny pfgny pfgny pfgny pfgny pfgny 
knig gt hvciy ptr e knig e e pgtow pfgny p pfgny p gt knig knig ml e pgtow pgtow b gt pgtow hvciy ml pgtow ml hvciy gt e knig b knig knig ml hvciy ptr hvciy p ml pfgny pgtow e hvciy e p pfgny pgtow ptr b 
p e ml gt e hvciy hvciy pgtow pfgny ptr knig gt knig pgtow gt b knig gt ml b gt hvciy p pgtow b pfgny pfgny e pgtow ptr ml hvciy p ml ml p b hvciy pgtow e p ptr e p p b hvciy gt e pgtow 
b ml e ptr gt gt ml hvciy pfgny b pfgny gt gt knig ml pgtow ml hvciy gt e knig b knig knig ml hvciy ptr hvciy p ml pfgny pgtow e hvciy e p pfgny pgtow ptr b ptr ptr ml p knig b gt gt pgtow ptr 
pfgny pfgny pfgny pfgny pfgny pfgny pfgny pfgny pfgny pfgny pfgny pfgny pfgny pfgny pfgny pfgny pfgny pfgny pfgny pfgny pfgny pfgny pfgny pfgny pfgny pfgny pfgny pfgny pfgny pfgny pfgny pfgny pfgny pfgny pfgny pfgny pfgny pfgny pfgny pfgny pfgny pfgny pfgny pfgny pfgny pfgny pfgny pfgny pfgny pfgny 
hvciy p ml ml p b hvciy pgtow e p ptr e p p b hvciy gt e pgtow e ml e p p ptr pfgny ml e pgtow pgtow b gt pgtow hvciy ml pgtow ml hvciy gt e knig b knig knig ml hvciy ptr hvciy p ml 
b e pfgny gt ml e ml b pgtow pgtow pgtow pfgny e ml p ml ptr pgtow e ml ml pfgny b b b pgtow gt ml pfgny ml e hvciy b gt hvciy pgtow pfgny hvciy e ml pgtow ml pgtow ml ptr ml pgtow e ptr ml 
pfgny pfgny pfgny pfgny pfgny pfgny pfgny pfgny pfgny pfgny pfgny pfgny pfgny pfgny pfgny pfgny pfgny pfgny pfgny pfgny pfgny pfgny pfgny pfgny pfgny pfgny pfgny pfgny pfgny pfgny pfgny pfgny pfgny pfgny pfgny pfgny pfgny pfgny pfgny pfgny pfgny pfgny pfgny pfgny pfgny pfgny pfgny pfgny pfgny pfgny 
e pfgny gt ml e ml b pgtow pgtow pgtow pfgny e ml p ml ptr pgtow e ml ml pfgny b b b pgtow gt ml pfgny ml e hvciy b gt hvciy pgtow pfgny hvciy e ml pgtow ml pgtow ml ptr ml pgtow e ptr ml e 
gt hvciy ptr e knig e e pgtow pfgny p pfgny p gt knig knig ml e pgtow pgtow b gt pgtow hvciy ml pgtow ml hvciy gt e knig b knig knig ml hvciy ptr hvciy p ml pfgny pgtow e hvciy e p pfgny pgtow ptr b ptr 
pfgny pfgny pfgny pfgny pfgny pfgny pfgny pfgny pfgny pfgny pfgny pfgny pfgny pfgny pfgny pfgny pfgny pfgny pfgny pfgny pfgny pfgny pfgny pfgny pfgny pfgny pfgny pfgny pfgny pfgny pfgny pfgny pfgny pfgny pfgny pfgny pfgny pfgny pfgny pfgny pfgny pfgny pfgny pfgny pfgny pfgny pfgny pfgny pfgny pfgny 
pfgny pfgny pfgny pfgny pfgny pfgny pfgny pfgny pfgny pfgny pfgny pfgny pfgny pfgny pfgny pfgny pfgny pfgny pfgny pfgny pfgny pfgny pfgny pfgny pfgny pfgny pfgny pfgny pfgny pfgny pfgny pfgny pfgny pfgny pfgny pfgny pfgny pfgny pfgny pfgny pfgny pfgny pfgny pfgny pfgny pfgny pfgny pfgny pfgny pfgny 
ml e b gt e e knig pgtow e gt b knig p knig hvciy ml gt ptr hvciy e p e ml gt e hvciy hvciy pgtow pfgny ptr knig gt knig pgtow gt b knig gt ml b gt hvciy p pgtow b pfgny pfgny e pgtow ptr 
gt knig gt ptr e b e ml knig e gt e p gt p pfgny ptr ml knig knig pgtow knig p gt pgtow ml p ptr pfgny pfgny ptr ptr e hvciy pgtow pfgny pfgny e e gt gt p hvciy pgtow p hvciy pgtow b e gt 
pgtow ml hvciy gt e knig b knig knig ml hvciy ptr hvciy p ml pfgny pgtow e hvciy e p pfgny pgtow ptr b ptr ptr ml p knig b gt gt pgtow ptr pfgny p knig pfgny e ptr hvciy e gt ml e pfgny gt ptr pgtow 
e pgtow ptr knig pfgny knig gt hvciy ptr e knig e e pgtow pfgny p pfgny p gt knig knig ml e pgtow pgtow b gt pgtow hvciy ml pgtow ml hvciy gt e knig b knig knig ml hvciy ptr hvciy p ml pfgny pgtow e hvciy e 
pfgny pfgny pfgny pfgny pfgny pfgny pfgny pfgny pfgny pfgny pfgny pfgny pfgny pfgny pfgny pfgny pfgny pfgny pfgny pfgny pfgny pfgny pfgny pfgny pfgny pfgny pfgny pfgny pfgny pfgny pfgny pfgny pfgny pfgny pfgny pfgny pfgny pfgny pfgny pfgny pfgny pfgny pfgny pfgny pfgny pfgny pfgny pfgny pfgny pfgny 
e ml gt e hvciy hvciy pgtow pfgny ptr knig gt knig pgtow gt b knig gt ml b gt hvciy p pgtow b pfgny pfgny e pgtow ptr ml hvciy p ml ml p b hvciy pgtow e p ptr e p p b hvciy gt e pgtow e 
pfgny pfgny pfgny pfgny pfgny pfgny pfgny pfgny pfgny pfgny pfgny pfgny pfgny pfgny pfgny pfgny pfgny pfgny pfgny pfgny pfgny pfgny pfgny pfgny pfgny pfgny pfgny pfgny pfgny pfgny pfgny pfgny pfgny pfgny pfgny pfgny pfgny pfgny pfgny pfgny pfgny pfgny pfgny pfgny pfgny pfgny pfgny pfgny pfgny pfgny 
hvciy knig knig knig b pfgny pfgny hvciy ml ml knig pfgny ml e e b b gt hvciy hvciy pfgny gt b hvciy ptr ml b e ml gt pgtow ptr pfgny p knig pfgny e ptr hvciy e gt ml e pfgny gt ptr pgtow pfgny ptr gt 
pgtow e hvciy e p pfgny pgtow ptr b ptr ptr ml p knig b gt gt pgtow ptr pfgny p knig pfgny e ptr hvciy e gt ml e pfgny gt ptr pgtow pfgny ptr gt pgtow ptr p pgtow hvciy hvciy ptr gt pgtow pgtow knig b ml 
ptr e p p b hvciy gt e pgtow e ml e p p ptr pfgny ml e pgtow pgtow b gt pgtow hvciy ml pgtow ml hvciy gt e knig b knig knig ml hvciy ptr hvciy p ml pfgny pgtow e hvciy e p pfgny pgtow ptr b 
p pgtow pfgny ptr p p b gt e ptr hvciy pgtow b p e ml e ptr e ptr gt e pgtow knig pgtow e pgtow p p hvciy e knig pgtow e gt b knig p knig hvciy ml gt ptr hvciy e p e ml gt e 
gt ml e ml b pgtow pgtow pgtow pfgny e ml p ml ptr pgtow e ml ml pfgny b b b pgtow gt ml pfgny ml e hvciy b gt hvciy pgtow pfgny hvciy e ml pgtow ml pgtow ml ptr ml pgtow e ptr ml e b gt 
ml p ptr pfgny pfgny ptr ptr e hvciy pgtow pfgny pfgny e e gt gt p hvciy pgtow p hvciy pgtow b e gt b e pfgny gt ml e ml b pgtow pgtow pgtow pfgny e ml p ml ptr pgtow e ml ml pfgny b b b 
pfgny pfgny pfgny pfgny pfgny pfgny pfgny pfgny pfgny pfgny pfgny pfgny pfgny pfgny pfgny pfgny pfgny pfgny pfgny pfgny pfgny pfgny pfgny pfgny pfgny pfgny pfgny pfgny pfgny pfgny pfgny pfgny pfgny pfgny pfgny pfgny pfgny pfgny pfgny pfgny pfgny pfgny pfgny pfgny pfgny pfgny pfgny pfgny pfgny pfgny 
ml p ml ptr pgtow e ml ml pfgny b b b pgtow gt ml pfgny ml e hvciy b gt hvciy pgtow pfgny hvciy e ml pgtow ml pgtow ml ptr ml pgtow e ptr ml e b gt e e knig pgtow e gt b knig p knig 
gt b e pfgny gt ml e ml b pgtow pgtow pgtow pfgny e ml p ml ptr pgtow e ml ml pfgny b b b pgtow gt ml pfgny ml e hvciy b gt hvciy pgtow pfgny hvciy e ml pgtow ml pgtow ml ptr ml pgtow e ptr 
hvciy ptr hvciy p ml pfgny pgtow e hvciy e p pfgny pgtow ptr b ptr ptr ml p knig b gt gt pgtow ptr pfgny p knig pfgny e ptr hvciy e gt ml e pfgny gt ptr pgtow pfgny ptr gt pgtow ptr p pgtow hvciy hvciy ptr 
hvciy p pgtow b pfgny pfgny e pgtow ptr ml hvciy p ml ml p b hvciy pgtow e p ptr e p p b hvciy gt e pgtow e ml e p p ptr pfgny ml e pgtow pgtow b gt pgtow hvciy ml pgtow ml hvciy gt e 
knig e e pgtow pfgny p pfgny p gt knig knig ml e pgtow pgtow b gt pgtow hvciy ml pgtow ml hvciy gt e knig b knig knig ml hvciy ptr hvciy p ml pfgny pgtow e hvciy e p pfgny pgtow ptr b ptr ptr ml p knig 
gt gt pgtow ptr pfgny p knig pfgny e ptr hvciy e gt ml e pfgny gt ptr pgtow pfgny ptr gt pgtow ptr p pgtow hvciy hvciy ptr gt pgtow pgtow knig b ml e ptr gt gt ml hvciy pfgny b pfgny gt gt knig ml pgtow ml 
ptr b p hvciy ml knig hvciy pgtow e pgtow hvciy knig ptr e hvciy pfgny pfgny ml e ml ptr gt knig gt ptr e b e ml knig e gt e p gt p pfgny ptr ml knig knig pgtow knig p gt pgtow ml p ptr pfgny 
pfgny pfgny hvciy ml ml knig pfgny ml e e b b gt hvciy hvciy pfgny gt b hvciy ptr ml b e ml gt pgtow ptr pfgny p knig pfgny e ptr hvciy e gt ml e pfgny gt ptr pgtow pfgny ptr gt pgtow ptr p pgtow hvciy 
ml pgtow ml hvciy gt e knig b knig knig ml hvciy ptr hvciy p ml pfgny pgtow e hvciy e p pfgny pgtow ptr b ptr ptr ml p knig b gt gt pgtow ptr pfgny p knig pfgny e ptr hvciy e gt ml e pfgny gt ptr 
p ptr pfgny ptr p e pgtow ptr knig pfgny knig gt hvciy ptr e knig e e pgtow pfgny p pfgny p gt knig knig ml e pgtow pgtow b gt pgtow hvciy ml pgtow ml hvciy gt e knig b knig knig ml hvciy ptr hvciy p ml 
pfgny pfgny e pgtow ptr ml hvciy p ml ml p b hvciy pgtow e p ptr e p p b hvciy gt e pgtow e ml e p p ptr pfgny ml e pgtow pgtow b gt pgtow hvciy ml pgtow ml hvciy gt e knig b knig knig 
b e hvciy e gt e e e e p ptr pfgny ptr p e pgtow ptr knig pfgny knig gt hvciy ptr e knig e e pgtow pfgny p pfgny p gt knig knig ml e pgtow pgtow b gt pgtow hvciy ml pgtow ml hvciy gt e knig 
ml e ptr gt gt ml hvciy pfgny b pfgny gt gt knig ml pgtow ml hvciy gt e knig b knig knig ml hvciy ptr hvciy p ml pfgny pgtow e hvciy e p pfgny pgtow ptr b ptr ptr ml p knig b gt gt pgtow ptr pfgny 
e ml ml pfgny b b b pgtow gt ml pfgny ml e hvciy b gt hvciy pgtow pfgny hvciy e ml pgtow ml pgtow ml ptr ml pgtow e ptr ml e b gt e e knig pgtow e gt b knig p knig hvciy ml gt ptr hvciy 
hvciy p ml pfgny pgtow e hvciy e p pfgny pgtow ptr b ptr ptr ml p knig b gt gt pgtow ptr pfgny p knig pfgny e ptr hvciy e gt ml e pfgny gt ptr pgtow pfgny ptr gt pgtow ptr p pgtow hvciy hvciy ptr gt pgtow 
pfgny pfgny pfgny pfgny pfgny pfgny pfgny pfgny pfgny pfgny pfgny pfgny pfgny pfgny pfgny pfgny pfgny pfgny pfgny pfgny pfgny pfgny pfgny pfgny pfgny pfgny pfgny pfgny pfgny pfgny pfgny pfgny pfgny pfgny pfgny pfgny pfgny pfgny pfgny pfgny pfgny pfgny pfgny pfgny pfgny pfgny pfgny pfgny pfgny pfgny 
pfgny pfgny pfgny pfgny pfgny pfgny pfgny pfgny pfgny pfgny pfgny pfgny pfgny pfgny pfgny pfgny pfgny pfgny pfgny pfgny pfgny pfgny pfgny pfgny pfgny pfgny pfgny pfgny pfgny pfgny pfgny pfgny pfgny pfgny pfgny pfgny pfgny pfgny pfgny pfgny pfgny pfgny pfgny pfgny pfgny pfgny pfgny pfgny pfgny pfgny 
p gt p e p pgtow pfgny ptr p p b gt e ptr hvciy pgtow b p e ml e ptr e ptr gt e pgtow knig pgtow e pgtow p p hvciy e knig pgtow e gt b knig p knig hvciy ml gt ptr hvciy e p 
p b gt e ptr hvciy pgtow b p e ml e ptr e ptr gt e pgtow knig pgtow e pgtow p p hvciy e knig pgtow e gt b knig p knig hvciy ml gt ptr hvciy e p e ml gt e hvciy hvciy pgtow pfgny ptr 
b pgtow gt ml pfgny ml e hvciy b gt hvciy pgtow pfgny hvciy e ml pgtow ml pgtow ml ptr ml pgtow e ptr ml e b gt e e knig pgtow e gt b knig p knig hvciy ml gt ptr hvciy e p e ml gt e 
hvciy pgtow pfgny ptr knig gt knig pgtow gt b knig gt ml b gt hvciy p pgtow b pfgny pfgny e pgtow ptr ml hvciy p ml ml p b hvciy pgtow e p ptr e p p b hvciy gt e pgtow e ml e p p ptr 
gt gt pgtow ptr pfgny p knig pfgny e ptr hvciy e gt ml e pfgny gt ptr pgtow pfgny ptr gt pgtow ptr p pgtow hvciy hvciy ptr gt pgtow pgtow knig b ml e ptr gt gt ml hvciy pfgny b pfgny gt gt knig ml pgtow ml 
gt pgtow ptr p pgtow hvciy hvciy ptr gt pgtow pgtow knig b ml e ptr gt gt ml hvciy pfgny b pfgny gt gt knig ml pgtow ml hvciy gt e knig b knig knig ml hvciy ptr hvciy p ml pfgny pgtow e hvciy e p pfgny pgtow 
e knig pgtow e gt b knig p knig hvciy ml gt ptr hvciy e p e ml gt e hvciy hvciy pgtow pfgny ptr knig gt knig pgtow gt b knig gt ml b gt hvciy p pgtow b pfgny pfgny e pgtow ptr ml hvciy p ml ml 
hvciy e knig pgtow e gt b knig p knig hvciy ml gt ptr hvciy e p e ml gt e hvciy hvciy pgtow pfgny ptr knig gt knig pgtow gt b knig gt ml b gt hvciy p pgtow b pfgny pfgny e pgtow ptr ml hvciy p ml 
pgtow e ml ml pfgny b b b pgtow gt ml pfgny ml e hvciy b gt hvciy pgtow pfgny hvciy e ml pgtow ml pgtow ml ptr ml pgtow e ptr ml e b gt e e knig pgtow e gt b knig p knig hvciy ml gt ptr 
gt e hvciy hvciy pgtow pfgny ptr knig gt knig pgtow gt b knig gt ml b gt hvciy p pgtow b pfgny pfgny e pgtow ptr ml hvciy p ml ml p b hvciy pgtow e p ptr e p p b hvciy gt e pgtow e ml e 
ml pgtow ml ptr ml pgtow e ptr ml e b gt e e knig pgtow e gt b knig p knig hvciy ml gt ptr hvciy e p e ml gt e hvciy hvciy pgtow pfgny ptr knig gt knig pgtow gt b knig gt ml b gt hvciy 
pfgny pfgny e pgtow ptr ml hvciy p ml ml p b hvciy pgtow e p ptr e p p b hvciy gt e pgtow e ml e p p ptr pfgny ml e pgtow pgtow b gt pgtow hvciy ml pgtow ml hvciy gt e knig b knig knig 
ml b e ml gt pgtow ptr pfgny p knig pfgny e ptr hvciy e gt ml e pfgny gt ptr pgtow pfgny ptr gt pgtow ptr p pgtow hvciy hvciy ptr gt pgtow pgtow knig b ml e ptr gt gt ml hvciy pfgny b pfgny gt gt knig 
pfgny pfgny pfgny pfgny pfgny pfgny pfgny pfgny pfgny pfgny pfgny pfgny pfgny pfgny pfgny pfgny pfgny pfgny pfgny pfgny pfgny pfgny pfgny pfgny pfgny pfgny pfgny pfgny pfgny pfgny pfgny pfgny pfgny pfgny pfgny pfgny pfgny pfgny pfgny pfgny pfgny pfgny pfgny pfgny pfgny pfgny pfgny pfgny pfgny pfgny 
gt ml e pfgny gt ptr pgtow pfgny ptr gt pgtow ptr p pgtow hvciy hvciy ptr gt pgtow pgtow knig b ml e ptr gt gt ml hvciy pfgny b pfgny gt gt knig ml pgtow ml hvciy gt e knig b knig knig ml hvciy ptr hvciy p 
gt e ptr hvciy pgtow b p e ml e ptr e ptr gt e pgtow knig pgtow e pgtow p p hvciy e knig pgtow e gt b knig p knig hvciy ml gt ptr hvciy e p e ml gt e hvciy hvciy pgtow pfgny ptr knig gt 
ml knig hvciy pgtow e pgtow hvciy knig ptr e hvciy pfgny pfgny ml e ml ptr gt knig gt ptr e b e ml knig e gt e p gt p pfgny ptr ml knig knig pgtow knig p gt pgtow ml p ptr pfgny pfgny ptr ptr e 
pgtow knig b ml e ptr gt gt ml hvciy pfgny b pfgny gt gt knig ml pgtow ml hvciy gt e knig b knig knig ml hvciy ptr hvciy p ml pfgny pgtow e hvciy e p pfgny pgtow ptr b ptr ptr ml p knig b gt gt 
knig ml e pgtow pgtow b gt pgtow hvciy ml pgtow ml hvciy gt e knig b knig knig ml hvciy ptr hvciy p ml pfgny pgtow e hvciy e p pfgny pgtow ptr b ptr ptr ml p knig b gt gt pgtow ptr pfgny p knig pfgny e 
pfgny e ml p ml ptr pgtow e ml ml pfgny b b b pgtow gt ml pfgny ml e hvciy b gt hvciy pgtow pfgny hvciy e ml pgtow ml pgtow ml ptr ml pgtow e ptr ml e b gt e e knig pgtow e gt b knig 
ml hvciy p ml ml p b hvciy pgtow e p ptr e p p b hvciy gt e pgtow e ml e p p ptr pfgny ml e pgtow pgtow b gt pgtow hvciy ml pgtow ml hvciy gt e knig b knig knig ml hvciy ptr hvciy p 
p pfgny pgtow ptr b ptr ptr ml p knig b gt gt pgtow ptr pfgny p knig pfgny e ptr hvciy e gt ml e pfgny gt ptr pgtow pfgny ptr gt pgtow ptr p pgtow hvciy hvciy ptr gt pgtow pgtow knig b ml e ptr gt gt 
pfgny pfgny pfgny pfgny pfgny pfgny pfgny pfgny pfgny pfgny pfgny pfgny pfgny pfgny pfgny pfgny pfgny pfgny pfgny pfgny pfgny pfgny pfgny pfgny pfgny pfgny pfgny pfgny pfgny pfgny pfgny pfgny pfgny pfgny pfgny pfgny pfgny pfgny pfgny pfgny pfgny pfgny pfgny pfgny pfgny pfgny pfgny pfgny pfgny pfgny 
ptr e knig e e pgtow pfgny p pfgny p gt knig knig ml e pgtow pgtow b gt pgtow hvciy ml pgtow ml hvciy gt e knig b knig knig ml hvciy ptr hvciy p ml pfgny pgtow e hvciy e p pfgny pgtow ptr b ptr ptr ml 
p ptr pfgny ml e pgtow pgtow b gt pgtow hvciy ml pgtow ml hvciy gt e knig b knig knig ml hvciy ptr hvciy p ml pfgny pgtow e hvciy e p pfgny pgtow ptr b ptr ptr ml p knig b gt gt pgtow ptr pfgny p knig 
ptr ml e b gt e e knig pgtow e gt b knig p knig hvciy ml gt ptr hvciy e p e ml gt e hvciy hvciy pgtow pfgny ptr knig gt knig pgtow gt b knig gt ml b gt hvciy p pgtow b pfgny pfgny e pgtow 
knig hvciy ml gt ptr hvciy e p e ml gt e hvciy hvciy pgtow pfgny ptr knig gt knig pgtow gt b knig gt ml b gt hvciy p pgtow b pfgny pfgny e pgtow ptr ml hvciy p ml ml p b hvciy pgtow e p ptr e 
p hvciy ml knig hvciy pgtow e pgtow hvciy knig ptr e hvciy pfgny pfgny ml e ml ptr gt knig gt ptr e b e ml knig e gt e p gt p pfgny ptr ml knig knig pgtow knig p gt pgtow ml p ptr pfgny pfgny ptr 
knig knig ml e pgtow pgtow b gt pgtow hvciy ml pgtow ml hvciy gt e knig b knig knig ml hvciy ptr hvciy p ml pfgny pgtow e hvciy e p pfgny pgtow ptr b ptr ptr ml p knig b gt gt pgtow ptr pfgny p knig pfgny 
pfgny pfgny pfgny pfgny pfgny pfgny pfgny pfgny pfgny pfgny pfgny pfgny pfgny pfgny pfgny pfgny pfgny pfgny pfgny pfgny pfgny pfgny pfgny pfgny pfgny pfgny pfgny pfgny pfgny pfgny pfgny pfgny pfgny pfgny pfgny pfgny pfgny pfgny pfgny pfgny pfgny pfgny pfgny pfgny pfgny pfgny pfgny pfgny pfgny pfgny 
hvciy p ml ml p b hvciy pgtow e p ptr e p p b hvciy gt e pgtow e ml e p p ptr pfgny ml e pgtow pgtow b gt pgtow hvciy ml pgtow ml hvciy gt e knig b knig knig ml hvciy ptr hvciy p ml 
pfgny pfgny pfgny pfgny pfgny pfgny pfgny pfgny pfgny pfgny pfgny pfgny pfgny pfgny pfgny pfgny pfgny pfgny pfgny pfgny pfgny pfgny pfgny pfgny pfgny pfgny pfgny pfgny pfgny pfgny pfgny pfgny pfgny pfgny pfgny pfgny pfgny pfgny pfgny pfgny pfgny pfgny pfgny pfgny pfgny pfgny pfgny pfgny pfgny pfgny 
gt b knig gt ml b gt hvciy p pgtow b pfgny pfgny e pgtow ptr ml hvciy p ml ml p b hvciy pgtow e p ptr e p p b hvciy gt e pgtow e ml e p p ptr pfgny ml e pgtow pgtow b gt pgtow 
ptr ml e b gt e e knig pgtow e gt b knig p knig hvciy ml gt ptr hvciy e p e ml gt e hvciy hvciy pgtow pfgny ptr knig gt knig pgtow gt b knig gt ml b gt hvciy p pgtow b pfgny pfgny e pgtow 
knig b pfgny pfgny hvciy ml ml knig pfgny ml e e b b gt hvciy hvciy pfgny gt b hvciy ptr ml b e ml gt pgtow ptr pfgny p knig pfgny e ptr hvciy e gt ml e pfgny gt ptr pgtow pfgny ptr gt pgtow ptr p 
p pfgny pgtow ptr b ptr ptr ml p knig b gt gt pgtow ptr pfgny p knig pfgny e ptr hvciy e gt ml e pfgny gt ptr pgtow pfgny ptr gt pgtow ptr p pgtow hvciy hvciy ptr gt pgtow pgtow knig b ml e ptr gt gt 
pfgny pfgny pfgny pfgny pfgny pfgny pfgny pfgny pfgny pfgny pfgny pfgny pfgny pfgny pfgny pfgny pfgny pfgny pfgny pfgny pfgny pfgny pfgny pfgny pfgny pfgny pfgny pfgny pfgny pfgny pfgny pfgny pfgny pfgny pfgny pfgny pfgny pfgny pfgny pfgny pfgny pfgny pfgny pfgny pfgny pfgny pfgny pfgny pfgny pfgny 
pfgny pfgny pfgny pfgny pfgny pfgny pfgny pfgny pfgny pfgny pfgny pfgny pfgny pfgny pfgny pfgny pfgny pfgny pfgny pfgny pfgny pfgny pfgny pfgny pfgny pfgny pfgny pfgny pfgny pfgny pfgny pfgny pfgny pfgny pfgny pfgny pfgny pfgny pfgny pfgny pfgny pfgny pfgny pfgny pfgny pfgny pfgny pfgny pfgny pfgny 
e ptr e ptr gt e pgtow knig pgtow e pgtow p p hvciy e knig pgtow e gt b knig p knig hvciy ml gt ptr hvciy e p e ml gt e hvciy hvciy pgtow pfgny ptr knig gt knig pgtow gt b knig gt ml b gt 
pfgny pfgny pfgny pfgny pfgny pfgny pfgny pfgny pfgny pfgny pfgny pfgny pfgny pfgny pfgny pfgny pfgny pfgny pfgny pfgny pfgny pfgny pfgny pfgny pfgny pfgny pfgny pfgny pfgny pfgny pfgny pfgny pfgny pfgny pfgny pfgny pfgny pfgny pfgny pfgny pfgny pfgny pfgny pfgny pfgny pfgny pfgny pfgny pfgny pfgny 
p e pgtow ptr knig pfgny knig gt hvciy ptr e knig e e pgtow pfgny p pfgny p gt knig knig ml e pgtow pgtow b gt pgtow hvciy ml pgtow ml hvciy gt e knig b knig knig ml hvciy ptr hvciy p ml pfgny pgtow e hvciy 
pfgny pfgny pfgny pfgny pfgny pfgny pfgny pfgny pfgny pfgny pfgny pfgny pfgny pfgny pfgny pfgny pfgny pfgny pfgny pfgny pfgny pfgny pfgny pfgny pfgny pfgny pfgny pfgny pfgny pfgny pfgny pfgny pfgny pfgny pfgny pfgny pfgny pfgny pfgny pfgny pfgny pfgny pfgny pfgny pfgny pfgny pfgny pfgny pfgny pfgny 
pfgny ml e ml ptr gt knig gt ptr e b e ml knig e gt e p gt p pfgny ptr ml knig knig pgtow knig p gt pgtow ml p ptr pfgny pfgny ptr ptr e hvciy pgtow pfgny pfgny e e gt gt p hvciy pgtow p 
pfgny pfgny pfgny pfgny pfgny pfgny pfgny pfgny pfgny pfgny pfgny pfgny pfgny pfgny pfgny pfgny pfgny pfgny pfgny pfgny pfgny pfgny pfgny pfgny pfgny pfgny pfgny pfgny pfgny pfgny pfgny pfgny pfgny pfgny pfgny pfgny pfgny pfgny pfgny pfgny pfgny pfgny pfgny pfgny pfgny pfgny pfgny pfgny pfgny pfgny 
ptr gt pgtow ptr p pgtow hvciy hvciy ptr gt pgtow pgtow knig b ml e ptr gt gt ml hvciy pfgny b pfgny gt gt knig ml pgtow ml hvciy gt e knig b knig knig ml hvciy ptr hvciy p ml pfgny pgtow e hvciy e p pfgny 
e e b b gt hvciy hvciy pfgny gt b hvciy ptr ml b e ml gt pgtow ptr pfgny p knig pfgny e ptr hvciy e gt ml e pfgny gt ptr pgtow pfgny ptr gt pgtow ptr p pgtow hvciy hvciy ptr gt pgtow pgtow knig b ml 
ptr e hvciy pfgny pfgny ml e ml ptr gt knig gt ptr e b e ml knig e gt e p gt p pfgny ptr ml knig knig pgtow knig p gt pgtow ml p ptr pfgny pfgny ptr ptr e hvciy pgtow pfgny pfgny e e gt gt 
pfgny pfgny pfgny pfgny pfgny pfgny pfgny pfgny pfgny pfgny pfgny pfgny pfgny pfgny pfgny pfgny pfgny pfgny pfgny pfgny pfgny pfgny pfgny pfgny pfgny pfgny pfgny pfgny pfgny pfgny pfgny pfgny pfgny pfgny pfgny pfgny pfgny pfgny pfgny pfgny pfgny pfgny pfgny pfgny pfgny pfgny pfgny pfgny pfgny pfgny 
gt pgtow ptr pfgny p knig pfgny e ptr hvciy e gt ml e pfgny gt ptr pgtow pfgny ptr gt pgtow ptr p pgtow hvciy hvciy ptr gt pgtow pgtow knig b ml e ptr gt gt ml hvciy pfgny b pfgny gt gt knig ml pgtow ml hvciy 
pgtow b p e ml e ptr e ptr gt e pgtow knig pgtow e pgtow p p hvciy e knig pgtow e gt b knig p knig hvciy ml gt ptr hvciy e p e ml gt e hvciy hvciy pgtow pfgny ptr knig gt knig pgtow gt b 
ptr ml p knig b gt gt pgtow ptr pfgny p knig pfgny e ptr hvciy e gt ml e pfgny gt ptr pgtow pfgny ptr gt pgtow ptr p pgtow hvciy hvciy ptr gt pgtow pgtow knig b ml e ptr gt gt ml hvciy pfgny b pfgny gt 
e gt b knig p knig hvciy ml gt ptr hvciy e p e ml gt e hvciy hvciy pgtow pfgny ptr knig gt knig pgtow gt b knig gt ml b gt hvciy p pgtow b pfgny pfgny e pgtow ptr ml hvciy p ml ml p b hvciy 
