b hvciy hvciy e pgtow pgtow pfgny hvciy pgtow knig knig b b p e e hvciy p b e ml pgtow b knig pgtow p gt ml hvciy ptr pfgny hvciy knig ml e knig p pgtow knig hvciy p ml gt hvciy ml p gt ml ptr gt 
gt pfgny b pgtow knig ml p p pgtow e hvciy b hvciy p p pfgny pgtow gt pgtow e p knig pfgny b pfgny pfgny pgtow e ml e ptr pgtow hvciy gt knig e knig ptr hvciy gt ml b ml ml pgtow ptr pfgny b p p 
hvciy ml pfgny p pfgny gt p b pfgny p pgtow b p e ptr gt b hvciy hvciy knig gt ml pgtow e ptr pgtow pgtow ptr b e gt knig ptr ml knig ptr ptr b e p knig gt knig pgtow knig ptr ptr ml hvciy pgtow 
ml p p pgtow e hvciy b hvciy p p pfgny pgtow gt pgtow e p knig pfgny b pfgny pfgny pgtow e ml e ptr pgtow hvciy gt knig e knig ptr hvciy gt ml b ml ml pgtow ptr pfgny b p p gt ml hvciy ptr pfgny 
ml knig e gt hvciy hvciy knig knig p p ptr e gt ptr e gt b knig p b knig hvciy p pgtow knig pgtow b gt gt gt hvciy knig pgtow ptr pgtow ml gt knig pgtow pgtow hvciy b b b gt p pgtow hvciy pgtow knig 
hvciy hvciy hvciy hvciy hvciy hvciy hvciy hvciy hvciy hvciy hvciy hvciy hvciy hvciy hvciy hvciy hvciy hvciy hvciy hvciy hvciy hvciy hvciy hvciy hvciy hvciy hvciy hvciy hvciy hvciy hvciy hvciy hvciy hvciy hvciy hvciy hvciy hvciy hvciy hvciy hvciy hvciy hvciy hvciy hvciy hvciy hvciy hvciy hvciy hvciy 
pfgny p e ml knig pfgny knig knig gt hvciy ptr hvciy ptr p pfgny pfgny pgtow knig gt gt b p gt e pgtow gt pgtow e p knig pfgny b pfgny pfgny pgtow e ml e ptr pgtow hvciy gt knig e knig ptr hvciy gt ml b 
ptr knig pgtow p knig e e gt hvciy ml pfgny p pfgny gt p b pfgny p pgtow b p e ptr gt b hvciy hvciy knig gt ml pgtow e ptr pgtow pgtow ptr b e gt knig ptr ml knig ptr ptr b e p knig gt 
b pgtow knig ml p p pgtow e hvciy b hvciy p p pfgny pgtow gt pgtow e p knig pfgny b pfgny pfgny pgtow e ml e ptr pgtow hvciy gt knig e knig ptr hvciy gt ml b ml ml pgtow ptr pfgny b p p gt ml 
hvciy hvciy hvciy hvciy hvciy hvciy hvciy hvciy hvciy hvciy hvciy hvciy hvciy hvciy hvciy hvciy hvciy hvciy hvciy hvciy hvciy hvciy hvciy hvciy hvciy hvciy hvciy hvciy hvciy hvciy hvciy hvciy hvciy hvciy hvciy hvciy hvciy hvciy hvciy hvciy hvciy hvciy hvciy hvciy hvciy hvciy hvciy hvciy hvciy hvciy 
e ptr pgtow pgtow ptr b e gt knig ptr ml knig ptr ptr b e p knig gt knig pgtow knig ptr ptr ml hvciy pgtow knig gt gt b p gt e pgtow gt pgtow e p knig pfgny b pfgny pfgny pgtow e ml e ptr pgtow 
b knig hvciy p pgtow knig pgtow b gt gt gt hvciy knig pgtow ptr pgtow ml gt knig pgtow pgtow hvciy b b b gt p pgtow hvciy pgtow knig e b p e gt hvciy e knig pgtow gt pgtow gt pgtow ml pgtow gt knig ml pgtow 
hvciy hvciy hvciy hvciy hvciy hvciy hvciy hvciy hvciy hvciy hvciy hvciy hvciy hvciy hvciy hvciy hvciy hvciy hvciy hvciy hvciy hvciy hvciy hvciy hvciy hvciy hvciy hvciy hvciy hvciy hvciy hvciy hvciy hvciy hvciy hvciy hvciy hvciy hvciy hvciy hvciy hvciy hvciy hvciy hvciy hvciy hvciy hvciy hvciy hvciy 
knig hvciy p pgtow knig pgtow b gt gt gt hvciy knig pgtow ptr pgtow ml gt knig pgtow pgtow hvciy b b b gt p pgtow hvciy pgtow knig e b p e gt hvciy e knig pgtow gt pgtow gt pgtow ml pgtow gt knig ml pgtow knig 
p e ml knig pfgny knig knig gt hvciy ptr hvciy ptr p pfgny pfgny pgtow knig gt gt b p gt e pgtow gt pgtow e p knig pfgny b pfgny pfgny pgtow e ml e ptr pgtow hvciy gt knig e knig ptr hvciy gt ml b ml 
hvciy hvciy hvciy hvciy hvciy hvciy hvciy hvciy hvciy hvciy hvciy hvciy hvciy hvciy hvciy hvciy hvciy hvciy hvciy hvciy hvciy hvciy hvciy hvciy hvciy hvciy hvciy hvciy hvciy hvciy hvciy hvciy hvciy hvciy hvciy hvciy hvciy hvciy hvciy hvciy hvciy hvciy hvciy hvciy hvciy hvciy hvciy hvciy hvciy hvciy 
hvciy hvciy hvciy hvciy hvciy hvciy hvciy hvciy hvciy hvciy hvciy hvciy hvciy hvciy hvciy hvciy hvciy hvciy hvciy hvciy hvciy hvciy hvciy hvciy hvciy hvciy hvciy hvciy hvciy hvciy hvciy hvciy hvciy hvciy hvciy hvciy hvciy hvciy hvciy hvciy hvciy hvciy hvciy hvciy hvciy hvciy hvciy hvciy hvciy hvciy 
pgtow knig b p knig knig pfgny gt knig p b pfgny ptr pfgny e pgtow p ml e knig ptr knig pgtow p knig e e gt hvciy ml pfgny p pfgny gt p b pfgny p pgtow b p e ptr gt b hvciy hvciy knig gt ml 
p pfgny p ml knig b knig pgtow pfgny knig p knig ptr p ptr hvciy ml pgtow pfgny pfgny gt pfgny ptr p gt pgtow ptr ml hvciy hvciy ml ml knig e gt hvciy hvciy knig knig p p ptr e gt ptr e gt b knig p 
gt pgtow e p knig pfgny b pfgny pfgny pgtow e ml e ptr pgtow hvciy gt knig e knig ptr hvciy gt ml b ml ml pgtow ptr pfgny b p p gt ml hvciy ptr pfgny hvciy knig ml e knig p pgtow knig hvciy p ml gt 
knig gt ml pfgny hvciy pfgny p e ml knig pfgny knig knig gt hvciy ptr hvciy ptr p pfgny pfgny pgtow knig gt gt b p gt e pgtow gt pgtow e p knig pfgny b pfgny pfgny pgtow e ml e ptr pgtow hvciy gt knig e knig 
hvciy hvciy hvciy hvciy hvciy hvciy hvciy hvciy hvciy hvciy hvciy hvciy hvciy hvciy hvciy hvciy hvciy hvciy hvciy hvciy hvciy hvciy hvciy hvciy hvciy hvciy hvciy hvciy hvciy hvciy hvciy hvciy hvciy hvciy hvciy hvciy hvciy hvciy hvciy hvciy hvciy hvciy hvciy hvciy hvciy hvciy hvciy hvciy hvciy hvciy 
knig pgtow p knig e e gt hvciy ml pfgny p pfgny gt p b pfgny p pgtow b p e ptr gt b hvciy hvciy knig gt ml pgtow e ptr pgtow pgtow ptr b e gt knig ptr ml knig ptr ptr b e p knig gt knig 
hvciy hvciy hvciy hvciy hvciy hvciy hvciy hvciy hvciy hvciy hvciy hvciy hvciy hvciy hvciy hvciy hvciy hvciy hvciy hvciy hvciy hvciy hvciy hvciy hvciy hvciy hvciy hvciy hvciy hvciy hvciy hvciy hvciy hvciy hvciy hvciy hvciy hvciy hvciy hvciy hvciy hvciy hvciy hvciy hvciy hvciy hvciy hvciy hvciy hvciy 
e pfgny pfgny pfgny b hvciy hvciy e pgtow pgtow pfgny hvciy pgtow knig knig b b p e e hvciy p b e ml pgtow b knig pgtow p gt ml hvciy ptr pfgny hvciy knig ml e knig p pgtow knig hvciy p ml gt hvciy ml p 
gt knig e knig ptr hvciy gt ml b ml ml pgtow ptr pfgny b p p gt ml hvciy ptr pfgny hvciy knig ml e knig p pgtow knig hvciy p ml gt hvciy ml p gt ml ptr gt e e ml p gt gt pfgny b pgtow 
ml knig ptr ptr b e p knig gt knig pgtow knig ptr ptr ml hvciy pgtow knig gt gt b p gt e pgtow gt pgtow e p knig pfgny b pfgny pfgny pgtow e ml e ptr pgtow hvciy gt knig e knig ptr hvciy gt ml b 
ptr gt hvciy ml ptr ptr b p knig ml e gt b ptr knig pgtow knig ml knig ml p knig gt pfgny gt knig gt ptr ptr e knig pfgny gt knig p b pfgny ptr pfgny e pgtow p ml e knig ptr knig pgtow p knig 
p pgtow knig pgtow b gt gt gt hvciy knig pgtow ptr pgtow ml gt knig pgtow pgtow hvciy b b b gt p pgtow hvciy pgtow knig e b p e gt hvciy e knig pgtow gt pgtow gt pgtow ml pgtow gt knig ml pgtow knig b p 
pgtow ptr ml hvciy hvciy ml ml knig e gt hvciy hvciy knig knig p p ptr e gt ptr e gt b knig p b knig hvciy p pgtow knig pgtow b gt gt gt hvciy knig pgtow ptr pgtow ml gt knig pgtow pgtow hvciy b b b 
hvciy hvciy hvciy hvciy hvciy hvciy hvciy hvciy hvciy hvciy hvciy hvciy hvciy hvciy hvciy hvciy hvciy hvciy hvciy hvciy hvciy hvciy hvciy hvciy hvciy hvciy hvciy hvciy hvciy hvciy hvciy hvciy hvciy hvciy hvciy hvciy hvciy hvciy hvciy hvciy hvciy hvciy hvciy hvciy hvciy hvciy hvciy hvciy hvciy hvciy 
pgtow ptr pgtow ml gt knig pgtow pgtow hvciy b b b gt p pgtow hvciy pgtow knig e b p e gt hvciy e knig pgtow gt pgtow gt pgtow ml pgtow gt knig ml pgtow knig b p knig knig pfgny gt knig p b pfgny ptr pfgny 
p b knig hvciy p pgtow knig pgtow b gt gt gt hvciy knig pgtow ptr pgtow ml gt knig pgtow pgtow hvciy b b b gt p pgtow hvciy pgtow knig e b p e gt hvciy e knig pgtow gt pgtow gt pgtow ml pgtow gt knig ml 
e ml e ptr pgtow hvciy gt knig e knig ptr hvciy gt ml b ml ml pgtow ptr pfgny b p p gt ml hvciy ptr pfgny hvciy knig ml e knig p pgtow knig hvciy p ml gt hvciy ml p gt ml ptr gt e e ml 
e ptr gt b hvciy hvciy knig gt ml pgtow e ptr pgtow pgtow ptr b e gt knig ptr ml knig ptr ptr b e p knig gt knig pgtow knig ptr ptr ml hvciy pgtow knig gt gt b p gt e pgtow gt pgtow e p knig 
pfgny knig knig gt hvciy ptr hvciy ptr p pfgny pfgny pgtow knig gt gt b p gt e pgtow gt pgtow e p knig pfgny b pfgny pfgny pgtow e ml e ptr pgtow hvciy gt knig e knig ptr hvciy gt ml b ml ml pgtow ptr pfgny 
p p gt ml hvciy ptr pfgny hvciy knig ml e knig p pgtow knig hvciy p ml gt hvciy ml p gt ml ptr gt e e ml p gt gt pfgny b pgtow knig ml p p pgtow e hvciy b hvciy p p pfgny pgtow gt pgtow 
ml b ptr e pgtow pfgny e gt knig gt e pfgny ml knig e hvciy hvciy pgtow knig pgtow ml p pfgny p ml knig b knig pgtow pfgny knig p knig ptr p ptr hvciy ml pgtow pfgny pfgny gt pfgny ptr p gt pgtow ptr ml hvciy 
hvciy hvciy e pgtow pgtow pfgny hvciy pgtow knig knig b b p e e hvciy p b e ml pgtow b knig pgtow p gt ml hvciy ptr pfgny hvciy knig ml e knig p pgtow knig hvciy p ml gt hvciy ml p gt ml ptr gt e 
pgtow gt pgtow e p knig pfgny b pfgny pfgny pgtow e ml e ptr pgtow hvciy gt knig e knig ptr hvciy gt ml b ml ml pgtow ptr pfgny b p p gt ml hvciy ptr pfgny hvciy knig ml e knig p pgtow knig hvciy p ml 
ptr ml hvciy ml ptr knig gt ml pfgny hvciy pfgny p e ml knig pfgny knig knig gt hvciy ptr hvciy ptr p pfgny pfgny pgtow knig gt gt b p gt e pgtow gt pgtow e p knig pfgny b pfgny pfgny pgtow e ml e ptr pgtow 
hvciy hvciy knig gt ml pgtow e ptr pgtow pgtow ptr b e gt knig ptr ml knig ptr ptr b e p knig gt knig pgtow knig ptr ptr ml hvciy pgtow knig gt gt b p gt e pgtow gt pgtow e p knig pfgny b pfgny pfgny 
b knig e knig p knig knig knig knig ptr ml hvciy ml ptr knig gt ml pfgny hvciy pfgny p e ml knig pfgny knig knig gt hvciy ptr hvciy ptr p pfgny pfgny pgtow knig gt gt b p gt e pgtow gt pgtow e p knig pfgny 
pgtow knig ml p p pgtow e hvciy b hvciy p p pfgny pgtow gt pgtow e p knig pfgny b pfgny pfgny pgtow e ml e ptr pgtow hvciy gt knig e knig ptr hvciy gt ml b ml ml pgtow ptr pfgny b p p gt ml hvciy 
knig pgtow pgtow hvciy b b b gt p pgtow hvciy pgtow knig e b p e gt hvciy e knig pgtow gt pgtow gt pgtow ml pgtow gt knig ml pgtow knig b p knig knig pfgny gt knig p b pfgny ptr pfgny e pgtow p ml e 
e ptr pgtow hvciy gt knig e knig ptr hvciy gt ml b ml ml pgtow ptr pfgny b p p gt ml hvciy ptr pfgny hvciy knig ml e knig p pgtow knig hvciy p ml gt hvciy ml p gt ml ptr gt e e ml p gt 
hvciy hvciy hvciy hvciy hvciy hvciy hvciy hvciy hvciy hvciy hvciy hvciy hvciy hvciy hvciy hvciy hvciy hvciy hvciy hvciy hvciy hvciy hvciy hvciy hvciy hvciy hvciy hvciy hvciy hvciy hvciy hvciy hvciy hvciy hvciy hvciy hvciy hvciy hvciy hvciy hvciy hvciy hvciy hvciy hvciy hvciy hvciy hvciy hvciy hvciy 
hvciy hvciy hvciy hvciy hvciy hvciy hvciy hvciy hvciy hvciy hvciy hvciy hvciy hvciy hvciy hvciy hvciy hvciy hvciy hvciy hvciy hvciy hvciy hvciy hvciy hvciy hvciy hvciy hvciy hvciy hvciy hvciy hvciy hvciy hvciy hvciy hvciy hvciy hvciy hvciy hvciy hvciy hvciy hvciy hvciy hvciy hvciy hvciy hvciy hvciy 
ptr p ptr knig ptr gt hvciy ml ptr ptr b p knig ml e gt b ptr knig pgtow knig ml knig ml p knig gt pfgny gt knig gt ptr ptr e knig pfgny gt knig p b pfgny ptr pfgny e pgtow p ml e knig ptr 
ptr b p knig ml e gt b ptr knig pgtow knig ml knig ml p knig gt pfgny gt knig gt ptr ptr e knig pfgny gt knig p b pfgny ptr pfgny e pgtow p ml e knig ptr knig pgtow p knig e e gt hvciy ml 
b gt p pgtow hvciy pgtow knig e b p e gt hvciy e knig pgtow gt pgtow gt pgtow ml pgtow gt knig ml pgtow knig b p knig knig pfgny gt knig p b pfgny ptr pfgny e pgtow p ml e knig ptr knig pgtow p knig 
e gt hvciy ml pfgny p pfgny gt p b pfgny p pgtow b p e ptr gt b hvciy hvciy knig gt ml pgtow e ptr pgtow pgtow ptr b e gt knig ptr ml knig ptr ptr b e p knig gt knig pgtow knig ptr ptr ml 
p p gt ml hvciy ptr pfgny hvciy knig ml e knig p pgtow knig hvciy p ml gt hvciy ml p gt ml ptr gt e e ml p gt gt pfgny b pgtow knig ml p p pgtow e hvciy b hvciy p p pfgny pgtow gt pgtow 
p gt ml ptr gt e e ml p gt gt pfgny b pgtow knig ml p p pgtow e hvciy b hvciy p p pfgny pgtow gt pgtow e p knig pfgny b pfgny pfgny pgtow e ml e ptr pgtow hvciy gt knig e knig ptr hvciy gt 
knig pfgny gt knig p b pfgny ptr pfgny e pgtow p ml e knig ptr knig pgtow p knig e e gt hvciy ml pfgny p pfgny gt p b pfgny p pgtow b p e ptr gt b hvciy hvciy knig gt ml pgtow e ptr pgtow pgtow 
e knig pfgny gt knig p b pfgny ptr pfgny e pgtow p ml e knig ptr knig pgtow p knig e e gt hvciy ml pfgny p pfgny gt p b pfgny p pgtow b p e ptr gt b hvciy hvciy knig gt ml pgtow e ptr pgtow 
gt knig pgtow pgtow hvciy b b b gt p pgtow hvciy pgtow knig e b p e gt hvciy e knig pgtow gt pgtow gt pgtow ml pgtow gt knig ml pgtow knig b p knig knig pfgny gt knig p b pfgny ptr pfgny e pgtow p ml 
p knig e e gt hvciy ml pfgny p pfgny gt p b pfgny p pgtow b p e ptr gt b hvciy hvciy knig gt ml pgtow e ptr pgtow pgtow ptr b e gt knig ptr ml knig ptr ptr b e p knig gt knig pgtow knig 
pgtow gt pgtow ml pgtow gt knig ml pgtow knig b p knig knig pfgny gt knig p b pfgny ptr pfgny e pgtow p ml e knig ptr knig pgtow p knig e e gt hvciy ml pfgny p pfgny gt p b pfgny p pgtow b p e 
hvciy hvciy knig gt ml pgtow e ptr pgtow pgtow ptr b e gt knig ptr ml knig ptr ptr b e p knig gt knig pgtow knig ptr ptr ml hvciy pgtow knig gt gt b p gt e pgtow gt pgtow e p knig pfgny b pfgny pfgny 
pgtow b knig pgtow p gt ml hvciy ptr pfgny hvciy knig ml e knig p pgtow knig hvciy p ml gt hvciy ml p gt ml ptr gt e e ml p gt gt pfgny b pgtow knig ml p p pgtow e hvciy b hvciy p p pfgny 
hvciy hvciy hvciy hvciy hvciy hvciy hvciy hvciy hvciy hvciy hvciy hvciy hvciy hvciy hvciy hvciy hvciy hvciy hvciy hvciy hvciy hvciy hvciy hvciy hvciy hvciy hvciy hvciy hvciy hvciy hvciy hvciy hvciy hvciy hvciy hvciy hvciy hvciy hvciy hvciy hvciy hvciy hvciy hvciy hvciy hvciy hvciy hvciy hvciy hvciy 
p pgtow knig hvciy p ml gt hvciy ml p gt ml ptr gt e e ml p gt gt pfgny b pgtow knig ml p p pgtow e hvciy b hvciy p p pfgny pgtow gt pgtow e p knig pfgny b pfgny pfgny pgtow e ml e ptr 
p knig ml e gt b ptr knig pgtow knig ml knig ml p knig gt pfgny gt knig gt ptr ptr e knig pfgny gt knig p b pfgny ptr pfgny e pgtow p ml e knig ptr knig pgtow p knig e e gt hvciy ml pfgny p 
pgtow pfgny e gt knig gt e pfgny ml knig e hvciy hvciy pgtow knig pgtow ml p pfgny p ml knig b knig pgtow pfgny knig p knig ptr p ptr hvciy ml pgtow pfgny pfgny gt pfgny ptr p gt pgtow ptr ml hvciy hvciy ml ml knig 
gt pfgny b pgtow knig ml p p pgtow e hvciy b hvciy p p pfgny pgtow gt pgtow e p knig pfgny b pfgny pfgny pgtow e ml e ptr pgtow hvciy gt knig e knig ptr hvciy gt ml b ml ml pgtow ptr pfgny b p p 
pfgny pgtow knig gt gt b p gt e pgtow gt pgtow e p knig pfgny b pfgny pfgny pgtow e ml e ptr pgtow hvciy gt knig e knig ptr hvciy gt ml b ml ml pgtow ptr pfgny b p p gt ml hvciy ptr pfgny hvciy knig 
hvciy knig pgtow ptr pgtow ml gt knig pgtow pgtow hvciy b b b gt p pgtow hvciy pgtow knig e b p e gt hvciy e knig pgtow gt pgtow gt pgtow ml pgtow gt knig ml pgtow knig b p knig knig pfgny gt knig p b pfgny 
pgtow e ptr pgtow pgtow ptr b e gt knig ptr ml knig ptr ptr b e p knig gt knig pgtow knig ptr ptr ml hvciy pgtow knig gt gt b p gt e pgtow gt pgtow e p knig pfgny b pfgny pfgny pgtow e ml e ptr 
ptr hvciy gt ml b ml ml pgtow ptr pfgny b p p gt ml hvciy ptr pfgny hvciy knig ml e knig p pgtow knig hvciy p ml gt hvciy ml p gt ml ptr gt e e ml p gt gt pfgny b pgtow knig ml p p 
hvciy hvciy hvciy hvciy hvciy hvciy hvciy hvciy hvciy hvciy hvciy hvciy hvciy hvciy hvciy hvciy hvciy hvciy hvciy hvciy hvciy hvciy hvciy hvciy hvciy hvciy hvciy hvciy hvciy hvciy hvciy hvciy hvciy hvciy hvciy hvciy hvciy hvciy hvciy hvciy hvciy hvciy hvciy hvciy hvciy hvciy hvciy hvciy hvciy hvciy 
ml knig pfgny knig knig gt hvciy ptr hvciy ptr p pfgny pfgny pgtow knig gt gt b p gt e pgtow gt pgtow e p knig pfgny b pfgny pfgny pgtow e ml e ptr pgtow hvciy gt knig e knig ptr hvciy gt ml b ml ml pgtow 
ptr ml hvciy pgtow knig gt gt b p gt e pgtow gt pgtow e p knig pfgny b pfgny pfgny pgtow e ml e ptr pgtow hvciy gt knig e knig ptr hvciy gt ml b ml ml pgtow ptr pfgny b p p gt ml hvciy ptr pfgny 
ml pgtow knig b p knig knig pfgny gt knig p b pfgny ptr pfgny e pgtow p ml e knig ptr knig pgtow p knig e e gt hvciy ml pfgny p pfgny gt p b pfgny p pgtow b p e ptr gt b hvciy hvciy knig gt 
pfgny e pgtow p ml e knig ptr knig pgtow p knig e e gt hvciy ml pfgny p pfgny gt p b pfgny p pgtow b p e ptr gt b hvciy hvciy knig gt ml pgtow e ptr pgtow pgtow ptr b e gt knig ptr ml knig 
ptr e pgtow pfgny e gt knig gt e pfgny ml knig e hvciy hvciy pgtow knig pgtow ml p pfgny p ml knig b knig pgtow pfgny knig p knig ptr p ptr hvciy ml pgtow pfgny pfgny gt pfgny ptr p gt pgtow ptr ml hvciy hvciy ml 
pfgny pfgny pgtow knig gt gt b p gt e pgtow gt pgtow e p knig pfgny b pfgny pfgny pgtow e ml e ptr pgtow hvciy gt knig e knig ptr hvciy gt ml b ml ml pgtow ptr pfgny b p p gt ml hvciy ptr pfgny hvciy 
hvciy hvciy hvciy hvciy hvciy hvciy hvciy hvciy hvciy hvciy hvciy hvciy hvciy hvciy hvciy hvciy hvciy hvciy hvciy hvciy hvciy hvciy hvciy hvciy hvciy hvciy hvciy hvciy hvciy hvciy hvciy hvciy hvciy hvciy hvciy hvciy hvciy hvciy hvciy hvciy hvciy hvciy hvciy hvciy hvciy hvciy hvciy hvciy hvciy hvciy 
e ptr pgtow pgtow ptr b e gt knig ptr ml knig ptr ptr b e p knig gt knig pgtow knig ptr ptr ml hvciy pgtow knig gt gt b p gt e pgtow gt pgtow e p knig pfgny b pfgny pfgny pgtow e ml e ptr pgtow 
hvciy hvciy hvciy hvciy hvciy hvciy hvciy hvciy hvciy hvciy hvciy hvciy hvciy hvciy hvciy hvciy hvciy hvciy hvciy hvciy hvciy hvciy hvciy hvciy hvciy hvciy hvciy hvciy hvciy hvciy hvciy hvciy hvciy hvciy hvciy hvciy hvciy hvciy hvciy hvciy hvciy hvciy hvciy hvciy hvciy hvciy hvciy hvciy hvciy hvciy 
p b pfgny p pgtow b p e ptr gt b hvciy hvciy knig gt ml pgtow e ptr pgtow pgtow ptr b e gt knig ptr ml knig ptr ptr b e p knig gt knig pgtow knig ptr ptr ml hvciy pgtow knig gt gt b p gt 
ml pgtow knig b p knig knig pfgny gt knig p b pfgny ptr pfgny e pgtow p ml e knig ptr knig pgtow p knig e e gt hvciy ml pfgny p pfgny gt p b pfgny p pgtow b p e ptr gt b hvciy hvciy knig gt 
pfgny b hvciy hvciy e pgtow pgtow pfgny hvciy pgtow knig knig b b p e e hvciy p b e ml pgtow b knig pgtow p gt ml hvciy ptr pfgny hvciy knig ml e knig p pgtow knig hvciy p ml gt hvciy ml p gt ml ptr 
ptr hvciy gt ml b ml ml pgtow ptr pfgny b p p gt ml hvciy ptr pfgny hvciy knig ml e knig p pgtow knig hvciy p ml gt hvciy ml p gt ml ptr gt e e ml p gt gt pfgny b pgtow knig ml p p 
hvciy hvciy hvciy hvciy hvciy hvciy hvciy hvciy hvciy hvciy hvciy hvciy hvciy hvciy hvciy hvciy hvciy hvciy hvciy hvciy hvciy hvciy hvciy hvciy hvciy hvciy hvciy hvciy hvciy hvciy hvciy hvciy hvciy hvciy hvciy hvciy hvciy hvciy hvciy hvciy hvciy hvciy hvciy hvciy hvciy hvciy hvciy hvciy hvciy hvciy 
hvciy hvciy hvciy hvciy hvciy hvciy hvciy hvciy hvciy hvciy hvciy hvciy hvciy hvciy hvciy hvciy hvciy hvciy hvciy hvciy hvciy hvciy hvciy hvciy hvciy hvciy hvciy hvciy hvciy hvciy hvciy hvciy hvciy hvciy hvciy hvciy hvciy hvciy hvciy hvciy hvciy hvciy hvciy hvciy hvciy hvciy hvciy hvciy hvciy hvciy 
knig ml knig ml p knig gt pfgny gt knig gt ptr ptr e knig pfgny gt knig p b pfgny ptr pfgny e pgtow p ml e knig ptr knig pgtow p knig e e gt hvciy ml pfgny p pfgny gt p b pfgny p pgtow b p 
hvciy hvciy hvciy hvciy hvciy hvciy hvciy hvciy hvciy hvciy hvciy hvciy hvciy hvciy hvciy hvciy hvciy hvciy hvciy hvciy hvciy hvciy hvciy hvciy hvciy hvciy hvciy hvciy hvciy hvciy hvciy hvciy hvciy hvciy hvciy hvciy hvciy hvciy hvciy hvciy hvciy hvciy hvciy hvciy hvciy hvciy hvciy hvciy hvciy hvciy 
ptr knig gt ml pfgny hvciy pfgny p e ml knig pfgny knig knig gt hvciy ptr hvciy ptr p pfgny pfgny pgtow knig gt gt b p gt e pgtow gt pgtow e p knig pfgny b pfgny pfgny pgtow e ml e ptr pgtow hvciy gt knig e 
hvciy hvciy hvciy hvciy hvciy hvciy hvciy hvciy hvciy hvciy hvciy hvciy hvciy hvciy hvciy hvciy hvciy hvciy hvciy hvciy hvciy hvciy hvciy hvciy hvciy hvciy hvciy hvciy hvciy hvciy hvciy hvciy hvciy hvciy hvciy hvciy hvciy hvciy hvciy hvciy hvciy hvciy hvciy hvciy hvciy hvciy hvciy hvciy hvciy hvciy 
hvciy pgtow knig pgtow ml p pfgny p ml knig b knig pgtow pfgny knig p knig ptr p ptr hvciy ml pgtow pfgny pfgny gt pfgny ptr p gt pgtow ptr ml hvciy hvciy ml ml knig e gt hvciy hvciy knig knig p p ptr e gt ptr 
hvciy hvciy hvciy hvciy hvciy hvciy hvciy hvciy hvciy hvciy hvciy hvciy hvciy hvciy hvciy hvciy hvciy hvciy hvciy hvciy hvciy hvciy hvciy hvciy hvciy hvciy hvciy hvciy hvciy hvciy hvciy hvciy hvciy hvciy hvciy hvciy hvciy hvciy hvciy hvciy hvciy hvciy hvciy hvciy hvciy hvciy hvciy hvciy hvciy hvciy 
ml p gt ml ptr gt e e ml p gt gt pfgny b pgtow knig ml p p pgtow e hvciy b hvciy p p pfgny pgtow gt pgtow e p knig pfgny b pfgny pfgny pgtow e ml e ptr pgtow hvciy gt knig e knig ptr hvciy 
knig knig b b p e e hvciy p b e ml pgtow b knig pgtow p gt ml hvciy ptr pfgny hvciy knig ml e knig p pgtow knig hvciy p ml gt hvciy ml p gt ml ptr gt e e ml p gt gt pfgny b pgtow 
ml knig e hvciy hvciy pgtow knig pgtow ml p pfgny p ml knig b knig pgtow pfgny knig p knig ptr p ptr hvciy ml pgtow pfgny pfgny gt pfgny ptr p gt pgtow ptr ml hvciy hvciy ml ml knig e gt hvciy hvciy knig knig p p 
hvciy hvciy hvciy hvciy hvciy hvciy hvciy hvciy hvciy hvciy hvciy hvciy hvciy hvciy hvciy hvciy hvciy hvciy hvciy hvciy hvciy hvciy hvciy hvciy hvciy hvciy hvciy hvciy hvciy hvciy hvciy hvciy hvciy hvciy hvciy hvciy hvciy hvciy hvciy hvciy hvciy hvciy hvciy hvciy hvciy hvciy hvciy hvciy hvciy hvciy 
p gt ml hvciy ptr pfgny hvciy knig ml e knig p pgtow knig hvciy p ml gt hvciy ml p gt ml ptr gt e e ml p gt gt pfgny b pgtow knig ml p p pgtow e hvciy b hvciy p p pfgny pgtow gt pgtow e 
gt b ptr knig pgtow knig ml knig ml p knig gt pfgny gt knig gt ptr ptr e knig pfgny gt knig p b pfgny ptr pfgny e pgtow p ml e knig ptr knig pgtow p knig e e gt hvciy ml pfgny p pfgny gt p b 
ml pgtow ptr pfgny b p p gt ml hvciy ptr pfgny hvciy knig ml e knig p pgtow knig hvciy p ml gt hvciy ml p gt ml ptr gt e e ml p gt gt pfgny b pgtow knig ml p p pgtow e hvciy b hvciy p 
knig p b pfgny ptr pfgny e pgtow p ml e knig ptr knig pgtow p knig e e gt hvciy ml pfgny p pfgny gt p b pfgny p pgtow b p e ptr gt b hvciy hvciy knig gt ml pgtow e ptr pgtow pgtow ptr b e 
