lcv pd pd pd pd pd pd pd pd pd pd pd pd pd pd pd pd pd pd pd pd pd pd pd pd pd pd pd pd pd pd pd pd pd pd pd pd pd pd pd pd pd pd pd pd pd pd pd pd pd 
orv lcv pd pd pd pd pd pd pd pd pd pd pd pd pd pd pd pd pd pd pd pd pd pd pd pd pd pd pd pd pd pd pd pd pd pd pd pd pd pd pd pd pd pd pd pd pd pd pd pd 
wab qdeeg lcv pd pd pd pd pd pd pd pd pd pd pd pd pd pd pd pd pd pd pd pd pd pd pd pd pd pd pd pd pd pd pd pd pd pd pd pd pd pd pd pd pd pd pd pd pd pd pd 
lcv pd pd pd pd pd pd pd pd pd pd pd pd pd pd pd pd pd pd pd pd pd pd pd pd pd pd pd pd pd pd pd pd pd pd pd pd pd pd pd pd pd pd pd pd pd pd pd pd pd 
pd pd pd pd pd pd pd pd pd pd pd pd pd pd pd pd pd pd pd pd pd pd pd pd pd pd pd pd pd pd pd pd pd pd pd pd pd pd pd pd pd pd pd pd pd pd pd pd pd pd 
pd pd pd pd pd pd pd pd pd pd pd pd pd pd pd pd pd pd pd pd pd pd pd pd pd pd pd pd pd pd pd pd pd pd pd pd pd pd pd pd pd pd pd pd pd pd pd pd pd pd 
wab qdeeg lcv pd pd pd pd pd pd pd pd pd pd pd pd pd pd pd pd pd pd pd pd pd pd pd pd pd pd pd pd pd pd pd pd pd pd pd pd pd pd pd pd pd pd pd pd pd pd pd 
orv lcv pd pd pd pd pd pd pd pd pd pd pd pd pd pd pd pd pd pd pd pd pd pd pd pd pd pd pd pd pd pd pd pd pd pd pd pd pd pd pd pd pd pd pd pd pd pd pd pd 
orv lcv pd pd pd pd pd pd pd pd pd pd pd pd pd pd pd pd pd pd pd pd pd pd pd pd pd pd pd pd pd pd pd pd pd pd pd pd pd pd pd pd pd pd pd pd pd pd pd pd 
lcv pd pd pd pd pd pd pd pd pd pd pd pd pd pd pd pd pd pd pd pd pd pd pd pd pd pd pd pd pd pd pd pd pd pd pd pd pd pd pd pd pd pd pd pd pd pd pd pd pd 
lcv pd pd pd pd pd pd pd pd pd pd pd pd pd pd pd pd pd pd pd pd pd pd pd pd pd pd pd pd pd pd pd pd pd pd pd pd pd pd pd pd pd pd pd pd pd pd pd pd pd 
lcv pd pd pd pd pd pd pd pd pd pd pd pd pd pd pd pd pd pd pd pd pd pd pd pd pd pd pd pd pd pd pd pd pd pd pd pd pd pd pd pd pd pd pd pd pd pd pd pd pd 
qdeeg lcv pd pd pd pd pd pd pd pd pd pd pd pd pd pd pd pd pd pd pd pd pd pd pd pd pd pd pd pd pd pd pd pd pd pd pd pd pd pd pd pd pd pd pd pd pd pd pd pd 
lcv pd pd pd pd pd pd pd pd pd pd pd pd pd pd pd pd pd pd pd pd pd pd pd pd pd pd pd pd pd pd pd pd pd pd pd pd pd pd pd pd pd pd pd pd pd pd pd pd pd 
lcv pd pd pd pd pd pd pd pd pd pd pd pd pd pd pd pd pd pd pd pd pd pd pd pd pd pd pd pd pd pd pd pd pd pd pd pd pd pd pd pd pd pd pd pd pd pd pd pd pd 
orv lcv pd pd pd pd pd pd pd pd pd pd pd pd pd pd pd pd pd pd pd pd pd pd pd pd pd pd pd pd pd pd pd pd pd pd pd pd pd pd pd pd pd pd pd pd pd pd pd pd 
lcv pd pd pd pd pd pd pd pd pd pd pd pd pd pd pd pd pd pd pd pd pd pd pd pd pd pd pd pd pd pd pd pd pd pd pd pd pd pd pd pd pd pd pd pd pd pd pd pd pd 
pd pd pd pd pd pd pd pd pd pd pd pd pd pd pd pd pd pd pd pd pd pd pd pd pd pd pd pd pd pd pd pd pd pd pd pd pd pd pd pd pd pd pd pd pd pd pd pd pd pd 
orv lcv pd pd pd pd pd pd pd pd pd pd pd pd pd pd pd pd pd pd pd pd pd pd pd pd pd pd pd pd pd pd pd pd pd pd pd pd pd pd pd pd pd pd pd pd pd pd pd pd 
wab qdeeg lcv pd pd pd pd pd pd pd pd pd pd pd pd pd pd pd pd pd pd pd pd pd pd pd pd pd pd pd pd pd pd pd pd pd pd pd pd pd pd pd pd pd pd pd pd pd pd pd 
lcv pd pd pd pd pd pd pd pd pd pd pd pd pd pd pd pd pd pd pd pd pd pd pd pd pd pd pd pd pd pd pd pd pd pd pd pd pd pd pd pd pd pd pd pd pd pd pd pd pd 
lcv pd pd pd pd pd pd pd pd pd pd pd pd pd pd pd pd pd pd pd pd pd pd pd pd pd pd pd pd pd pd pd pd pd pd pd pd pd pd pd pd pd pd pd pd pd pd pd pd pd 
lcv pd pd pd pd pd pd pd pd pd pd pd pd pd pd pd pd pd pd pd pd pd pd pd pd pd pd pd pd pd pd pd pd pd pd pd pd pd pd pd pd pd pd pd pd pd pd pd pd pd 
qdeeg lcv pd pd pd pd pd pd pd pd pd pd pd pd pd pd pd pd pd pd pd pd pd pd pd pd pd pd pd pd pd pd pd pd pd pd pd pd pd pd pd pd pd pd pd pd pd pd pd pd 
pd pd pd pd pd pd pd pd pd pd pd pd pd pd pd pd pd pd pd pd pd pd pd pd pd pd pd pd pd pd pd pd pd pd pd pd pd pd pd pd pd pd pd pd pd pd pd pd pd pd 
orv lcv pd pd pd pd pd pd pd pd pd pd pd pd pd pd pd pd pd pd pd pd pd pd pd pd pd pd pd pd pd pd pd pd pd pd pd pd pd pd pd pd pd pd pd pd pd pd pd pd 
qdeeg lcv pd pd pd pd pd pd pd pd pd pd pd pd pd pd pd pd pd pd pd pd pd pd pd pd pd pd pd pd pd pd pd pd pd pd pd pd pd pd pd pd pd pd pd pd pd pd pd pd 
lcv pd pd pd pd pd pd pd pd pd pd pd pd pd pd pd pd pd pd pd pd pd pd pd pd pd pd pd pd pd pd pd pd pd pd pd pd pd pd pd pd pd pd pd pd pd pd pd pd pd 
orv lcv pd pd pd pd pd pd pd pd pd pd pd pd pd pd pd pd pd pd pd pd pd pd pd pd pd pd pd pd pd pd pd pd pd pd pd pd pd pd pd pd pd pd pd pd pd pd pd pd 
orv lcv pd pd pd pd pd pd pd pd pd pd pd pd pd pd pd pd pd pd pd pd pd pd pd pd pd pd pd pd pd pd pd pd pd pd pd pd pd pd pd pd pd pd pd pd pd pd pd pd 
qdeeg lcv pd pd pd pd pd pd pd pd pd pd pd pd pd pd pd pd pd pd pd pd pd pd pd pd pd pd pd pd pd pd pd pd pd pd pd pd pd pd pd pd pd pd pd pd pd pd pd pd 
lcv pd pd pd pd pd pd pd pd pd pd pd pd pd pd pd pd pd pd pd pd pd pd pd pd pd pd pd pd pd pd pd pd pd pd pd pd pd pd pd pd pd pd pd pd pd pd pd pd pd 
qdeeg lcv pd pd pd pd pd pd pd pd pd pd pd pd pd pd pd pd pd pd pd pd pd pd pd pd pd pd pd pd pd pd pd pd pd pd pd pd pd pd pd pd pd pd pd pd pd pd pd pd 
lcv pd pd pd pd pd pd pd pd pd pd pd pd pd pd pd pd pd pd pd pd pd pd pd pd pd pd pd pd pd pd pd pd pd pd pd pd pd pd pd pd pd pd pd pd pd pd pd pd pd 
qdeeg lcv pd pd pd pd pd pd pd pd pd pd pd pd pd pd pd pd pd pd pd pd pd pd pd pd pd pd pd pd pd pd pd pd pd pd pd pd pd pd pd pd pd pd pd pd pd pd pd pd 
wab qdeeg lcv pd pd pd pd pd pd pd pd pd pd pd pd pd pd pd pd pd pd pd pd pd pd pd pd pd pd pd pd pd pd pd pd pd pd pd pd pd pd pd pd pd pd pd pd pd pd pd 
qdeeg lcv pd pd pd pd pd pd pd pd pd pd pd pd pd pd pd pd pd pd pd pd pd pd pd pd pd pd pd pd pd pd pd pd pd pd pd pd pd pd pd pd pd pd pd pd pd pd pd pd 
lcv pd pd pd pd pd pd pd pd pd pd pd pd pd pd pd pd pd pd pd pd pd pd pd pd pd pd pd pd pd pd pd pd pd pd pd pd pd pd pd pd pd pd pd pd pd pd pd pd pd 
lcv pd pd pd pd pd pd pd pd pd pd pd pd pd pd pd pd pd pd pd pd pd pd pd pd pd pd pd pd pd pd pd pd pd pd pd pd pd pd pd pd pd pd pd pd pd pd pd pd pd 
orv lcv pd pd pd pd pd pd pd pd pd pd pd pd pd pd pd pd pd pd pd pd pd pd pd pd pd pd pd pd pd pd pd pd pd pd pd pd pd pd pd pd pd pd pd pd pd pd pd pd 
lcv pd pd pd pd pd pd pd pd pd pd pd pd pd pd pd pd pd pd pd pd pd pd pd pd pd pd pd pd pd pd pd pd pd pd pd pd pd pd pd pd pd pd pd pd pd pd pd pd pd 
lcv pd pd pd pd pd pd pd pd pd pd pd pd pd pd pd pd pd pd pd pd pd pd pd pd pd pd pd pd pd pd pd pd pd pd pd pd pd pd pd pd pd pd pd pd pd pd pd pd pd 
lcv pd pd pd pd pd pd pd pd pd pd pd pd pd pd pd pd pd pd pd pd pd pd pd pd pd pd pd pd pd pd pd pd pd pd pd pd pd pd pd pd pd pd pd pd pd pd pd pd pd 
lcv pd pd pd pd pd pd pd pd pd pd pd pd pd pd pd pd pd pd pd pd pd pd pd pd pd pd pd pd pd pd pd pd pd pd pd pd pd pd pd pd pd pd pd pd pd pd pd pd pd 
pd pd pd pd pd pd pd pd pd pd pd pd pd pd pd pd pd pd pd pd pd pd pd pd pd pd pd pd pd pd pd pd pd pd pd pd pd pd pd pd pd pd pd pd pd pd pd pd pd pd 
qdeeg lcv pd pd pd pd pd pd pd pd pd pd pd pd pd pd pd pd pd pd pd pd pd pd pd pd pd pd pd pd pd pd pd pd pd pd pd pd pd pd pd pd pd pd pd pd pd pd pd pd 
lcv pd pd pd pd pd pd pd pd pd pd pd pd pd pd pd pd pd pd pd pd pd pd pd pd pd pd pd pd pd pd pd pd pd pd pd pd pd pd pd pd pd pd pd pd pd pd pd pd pd 
lcv pd pd pd pd pd pd pd pd pd pd pd pd pd pd pd pd pd pd pd pd pd pd pd pd pd pd pd pd pd pd pd pd pd pd pd pd pd pd pd pd pd pd pd pd pd pd pd pd pd 
orv lcv pd pd pd pd pd pd pd pd pd pd pd pd pd pd pd pd pd pd pd pd pd pd pd pd pd pd pd pd pd pd pd pd pd pd pd pd pd pd pd pd pd pd pd pd pd pd pd pd 
orv lcv pd pd pd pd pd pd pd pd pd pd pd pd pd pd pd pd pd pd pd pd pd pd pd pd pd pd pd pd pd pd pd pd pd pd pd pd pd pd pd pd pd pd pd pd pd pd pd pd 
lcv pd pd pd pd pd pd pd pd pd pd pd pd pd pd pd pd pd pd pd pd pd pd pd pd pd pd pd pd pd pd pd pd pd pd pd pd pd pd pd pd pd pd pd pd pd pd pd pd pd 
lcv pd pd pd pd pd pd pd pd pd pd pd pd pd pd pd pd pd pd pd pd pd pd pd pd pd pd pd pd pd pd pd pd pd pd pd pd pd pd pd pd pd pd pd pd pd pd pd pd pd 
wab qdeeg lcv pd pd pd pd pd pd pd pd pd pd pd pd pd pd pd pd pd pd pd pd pd pd pd pd pd pd pd pd pd pd pd pd pd pd pd pd pd pd pd pd pd pd pd pd pd pd pd 
pd pd pd pd pd pd pd pd pd pd pd pd pd pd pd pd pd pd pd pd pd pd pd pd pd pd pd pd pd pd pd pd pd pd pd pd pd pd pd pd pd pd pd pd pd pd pd pd pd pd 
lcv pd pd pd pd pd pd pd pd pd pd pd pd pd pd pd pd pd pd pd pd pd pd pd pd pd pd pd pd pd pd pd pd pd pd pd pd pd pd pd pd pd pd pd pd pd pd pd pd pd 
qdeeg lcv pd pd pd pd pd pd pd pd pd pd pd pd pd pd pd pd pd pd pd pd pd pd pd pd pd pd pd pd pd pd pd pd pd pd pd pd pd pd pd pd pd pd pd pd pd pd pd pd 
lcv pd pd pd pd pd pd pd pd pd pd pd pd pd pd pd pd pd pd pd pd pd pd pd pd pd pd pd pd pd pd pd pd pd pd pd pd pd pd pd pd pd pd pd pd pd pd pd pd pd 
pd pd pd pd pd pd pd pd pd pd pd pd pd pd pd pd pd pd pd pd pd pd pd pd pd pd pd pd pd pd pd pd pd pd pd pd pd pd pd pd pd pd pd pd pd pd pd pd pd pd 
lcv pd pd pd pd pd pd pd pd pd pd pd pd pd pd pd pd pd pd pd pd pd pd pd pd pd pd pd pd pd pd pd pd pd pd pd pd pd pd pd pd pd pd pd pd pd pd pd pd pd 
wab qdeeg lcv pd pd pd pd pd pd pd pd pd pd pd pd pd pd pd pd pd pd pd pd pd pd pd pd pd pd pd pd pd pd pd pd pd pd pd pd pd pd pd pd pd pd pd pd pd pd pd 
orv lcv pd pd pd pd pd pd pd pd pd pd pd pd pd pd pd pd pd pd pd pd pd pd pd pd pd pd pd pd pd pd pd pd pd pd pd pd pd pd pd pd pd pd pd pd pd pd pd pd 
lcv pd pd pd pd pd pd pd pd pd pd pd pd pd pd pd pd pd pd pd pd pd pd pd pd pd pd pd pd pd pd pd pd pd pd pd pd pd pd pd pd pd pd pd pd pd pd pd pd pd 
lcv pd pd pd pd pd pd pd pd pd pd pd pd pd pd pd pd pd pd pd pd pd pd pd pd pd pd pd pd pd pd pd pd pd pd pd pd pd pd pd pd pd pd pd pd pd pd pd pd pd 
lcv pd pd pd pd pd pd pd pd pd pd pd pd pd pd pd pd pd pd pd pd pd pd pd pd pd pd pd pd pd pd pd pd pd pd pd pd pd pd pd pd pd pd pd pd pd pd pd pd pd 
lcv pd pd pd pd pd pd pd pd pd pd pd pd pd pd pd pd pd pd pd pd pd pd pd pd pd pd pd pd pd pd pd pd pd pd pd pd pd pd pd pd pd pd pd pd pd pd pd pd pd 
lcv pd pd pd pd pd pd pd pd pd pd pd pd pd pd pd pd pd pd pd pd pd pd pd pd pd pd pd pd pd pd pd pd pd pd pd pd pd pd pd pd pd pd pd pd pd pd pd pd pd 
wab qdeeg lcv pd pd pd pd pd pd pd pd pd pd pd pd pd pd pd pd pd pd pd pd pd pd pd pd pd pd pd pd pd pd pd pd pd pd pd pd pd pd pd pd pd pd pd pd pd pd pd 
lcv pd pd pd pd pd pd pd pd pd pd pd pd pd pd pd pd pd pd pd pd pd pd pd pd pd pd pd pd pd pd pd pd pd pd pd pd pd pd pd pd pd pd pd pd pd pd pd pd pd 
pd pd pd pd pd pd pd pd pd pd pd pd pd pd pd pd pd pd pd pd pd pd pd pd pd pd pd pd pd pd pd pd pd pd pd pd pd pd pd pd pd pd pd pd pd pd pd pd pd pd 
lcv pd pd pd pd pd pd pd pd pd pd pd pd pd pd pd pd pd pd pd pd pd pd pd pd pd pd pd pd pd pd pd pd pd pd pd pd pd pd pd pd pd pd pd pd pd pd pd pd pd 
lcv pd pd pd pd pd pd pd pd pd pd pd pd pd pd pd pd pd pd pd pd pd pd pd pd pd pd pd pd pd pd pd pd pd pd pd pd pd pd pd pd pd pd pd pd pd pd pd pd pd 
lcv pd pd pd pd pd pd pd pd pd pd pd pd pd pd pd pd pd pd pd pd pd pd pd pd pd pd pd pd pd pd pd pd pd pd pd pd pd pd pd pd pd pd pd pd pd pd pd pd pd 
orv lcv pd pd pd pd pd pd pd pd pd pd pd pd pd pd pd pd pd pd pd pd pd pd pd pd pd pd pd pd pd pd pd pd pd pd pd pd pd pd pd pd pd pd pd pd pd pd pd pd 
lcv pd pd pd pd pd pd pd pd pd pd pd pd pd pd pd pd pd pd pd pd pd pd pd pd pd pd pd pd pd pd pd pd pd pd pd pd pd pd pd pd pd pd pd pd pd pd pd pd pd 
orv lcv pd pd pd pd pd pd pd pd pd pd pd pd pd pd pd pd pd pd pd pd pd pd pd pd pd pd pd pd pd pd pd pd pd pd pd pd pd pd pd pd pd pd pd pd pd pd pd pd 
wab qdeeg lcv pd pd pd pd pd pd pd pd pd pd pd pd pd pd pd pd pd pd pd pd pd pd pd pd pd pd pd pd pd pd pd pd pd pd pd pd pd pd pd pd pd pd pd pd pd pd pd 
qdeeg lcv pd pd pd pd pd pd pd pd pd pd pd pd pd pd pd pd pd pd pd pd pd pd pd pd pd pd pd pd pd pd pd pd pd pd pd pd pd pd pd pd pd pd pd pd pd pd pd pd 
lcv pd pd pd pd pd pd pd pd pd pd pd pd pd pd pd pd pd pd pd pd pd pd pd pd pd pd pd pd pd pd pd pd pd pd pd pd pd pd pd pd pd pd pd pd pd pd pd pd pd 
orv lcv pd pd pd pd pd pd pd pd pd pd pd pd pd pd pd pd pd pd pd pd pd pd pd pd pd pd pd pd pd pd pd pd pd pd pd pd pd pd pd pd pd pd pd pd pd pd pd pd 
pd pd pd pd pd pd pd pd pd pd pd pd pd pd pd pd pd pd pd pd pd pd pd pd pd pd pd pd pd pd pd pd pd pd pd pd pd pd pd pd pd pd pd pd pd pd pd pd pd pd 
lcv pd pd pd pd pd pd pd pd pd pd pd pd pd pd pd pd pd pd pd pd pd pd pd pd pd pd pd pd pd pd pd pd pd pd pd pd pd pd pd pd pd pd pd pd pd pd pd pd pd 
pd pd pd pd pd pd pd pd pd pd pd pd pd pd pd pd pd pd pd pd pd pd pd pd pd pd pd pd pd pd pd pd pd pd pd pd pd pd pd pd pd pd pd pd pd pd pd pd pd pd 
lcv pd pd pd pd pd pd pd pd pd pd pd pd pd pd pd pd pd pd pd pd pd pd pd pd pd pd pd pd pd pd pd pd pd pd pd pd pd pd pd pd pd pd pd pd pd pd pd pd pd 
lcv pd pd pd pd pd pd pd pd pd pd pd pd pd pd pd pd pd pd pd pd pd pd pd pd pd pd pd pd pd pd pd pd pd pd pd pd pd pd pd pd pd pd pd pd pd pd pd pd pd 
pd pd pd pd pd pd pd pd pd pd pd pd pd pd pd pd pd pd pd pd pd pd pd pd pd pd pd pd pd pd pd pd pd pd pd pd pd pd pd pd pd pd pd pd pd pd pd pd pd pd 
lcv pd pd pd pd pd pd pd pd pd pd pd pd pd pd pd pd pd pd pd pd pd pd pd pd pd pd pd pd pd pd pd pd pd pd pd pd pd pd pd pd pd pd pd pd pd pd pd pd pd 
lcv pd pd pd pd pd pd pd pd pd pd pd pd pd pd pd pd pd pd pd pd pd pd pd pd pd pd pd pd pd pd pd pd pd pd pd pd pd pd pd pd pd pd pd pd pd pd pd pd pd 
lcv pd pd pd pd pd pd pd pd pd pd pd pd pd pd pd pd pd pd pd pd pd pd pd pd pd pd pd pd pd pd pd pd pd pd pd pd pd pd pd pd pd pd pd pd pd pd pd pd pd 
lcv pd pd pd pd pd pd pd pd pd pd pd pd pd pd pd pd pd pd pd pd pd pd pd pd pd pd pd pd pd pd pd pd pd pd pd pd pd pd pd pd pd pd pd pd pd pd pd pd pd 
orv lcv pd pd pd pd pd pd pd pd pd pd pd pd pd pd pd pd pd pd pd pd pd pd pd pd pd pd pd pd pd pd pd pd pd pd pd pd pd pd pd pd pd pd pd pd pd pd pd pd 
lcv pd pd pd pd pd pd pd pd pd pd pd pd pd pd pd pd pd pd pd pd pd pd pd pd pd pd pd pd pd pd pd pd pd pd pd pd pd pd pd pd pd pd pd pd pd pd pd pd pd 
pd pd pd pd pd pd pd pd pd pd pd pd pd pd pd pd pd pd pd pd pd pd pd pd pd pd pd pd pd pd pd pd pd pd pd pd pd pd pd pd pd pd pd pd pd pd pd pd pd pd 
lcv pd pd pd pd pd pd pd pd pd pd pd pd pd pd pd pd pd pd pd pd pd pd pd pd pd pd pd pd pd pd pd pd pd pd pd pd pd pd pd pd pd pd pd pd pd pd pd pd pd 
qdeeg lcv pd pd pd pd pd pd pd pd pd pd pd pd pd pd pd pd pd pd pd pd pd pd pd pd pd pd pd pd pd pd pd pd pd pd pd pd pd pd pd pd pd pd pd pd pd pd pd pd 
pd pd pd pd pd pd pd pd pd pd pd pd pd pd pd pd pd pd pd pd pd pd pd pd pd pd pd pd pd pd pd pd pd pd pd pd pd pd pd pd pd pd pd pd pd pd pd pd pd pd 
wab qdeeg lcv pd pd pd pd pd pd pd pd pd pd pd pd pd pd pd pd pd pd pd pd pd pd pd pd pd pd pd pd pd pd pd pd pd pd pd pd pd pd pd pd pd pd pd pd pd pd pd 
lcv pd pd pd pd pd pd pd pd pd pd pd pd pd pd pd pd pd pd pd pd pd pd pd pd pd pd pd pd pd pd pd pd pd pd pd pd pd pd pd pd pd pd pd pd pd pd pd pd pd 
qdeeg lcv pd pd pd pd pd pd pd pd pd pd pd pd pd pd pd pd pd pd pd pd pd pd pd pd pd pd pd pd pd pd pd pd pd pd pd pd pd pd pd pd pd pd pd pd pd pd pd pd 
orv lcv pd pd pd pd pd pd pd pd pd pd pd pd pd pd pd pd pd pd pd pd pd pd pd pd pd pd pd pd pd pd pd pd pd pd pd pd pd pd pd pd pd pd pd pd pd pd pd pd 
lcv pd pd pd pd pd pd pd pd pd pd pd pd pd pd pd pd pd pd pd pd pd pd pd pd pd pd pd pd pd pd pd pd pd pd pd pd pd pd pd pd pd pd pd pd pd pd pd pd pd 
