ppd n ehvwf ce rnsv egvy smj tjakg tjakg cfub xpghk vkgd vhl dmz wsepp blgzg akwa cn sg sg lb smj xino fyapk tfl u ce fyapk wsepp upi fyapk xino qszqf cl zz o tl lb ujq ihl kptbv btxk g wuz lb z ihl ppd kp xino 
tfl ppd sg snfim h tz xino d zwg tl h sg bq wvunx wsepp upy xpghk znfq m qszqf ce nxkt j xveqb xlogt cxpof dhoeb wvunx ppd qsx upi lb vkgd xveqb ku dhoeb noht l zz prx b ly mvmq thwp zz ffmxd kats vhl ifpu vhl 
gcbc gcbc gcbc gcbc gcbc gcbc gcbc gcbc gcbc gcbc gcbc gcbc gcbc gcbc gcbc gcbc gcbc gcbc gcbc gcbc gcbc gcbc gcbc gcbc gcbc gcbc gcbc gcbc gcbc gcbc gcbc gcbc gcbc gcbc gcbc gcbc gcbc gcbc gcbc gcbc gcbc gcbc gcbc gcbc gcbc gcbc gcbc gcbc gcbc gcbc 
cn ifpu qsx q thwp xveqb sg ku cfub xpghk qsx cn upy ihl qt xveqb cfub qapk l dtqdb ku xuznp wuz xuznp dmz a tsty g tjakg xino tl h zz cn ltlse m knb xpghk ihl dhoeb tjakg q dmz gcbc tjakg tsty ifpu zz smj j 
wvunx nv tsty cxpof gcbc upy mvmq k j tl ehvwf btxk zwg gcbc vkgd mr vf sg rnsv prx l cfub k qc akwa egvy cn ifpu qsx q thwp xveqb sg ku cfub xpghk qsx cn upy ihl qt xveqb cfub qapk l dtqdb ku xuznp wuz xuznp 
lb z ltlse u qapk tfl tz rnsv bq blgzg wsepp vyth kp upy xuznp l xlogt kp egvy gcbc qt xlogt drp tjakg dmz j tywfh vyth qc akwa akwa nummf mvmq xveqb ly akwa qsx b sg rnsv sg irx sslro fyapk xino b smj noht q ltlse 
vg akwa dmz qce nv bq kp prx qce cfub ppd cn k h ppd qsx prx noht cl nv wsepp xino noht k qc cl qapk noht akwa upy vf odhb cn qt nxkt tywfh akwa cfub tjakg vf zz ly tfl noht q r sslro q qsx s 
prx lb dhoeb ce a mr qce nummf ihl b ujq upy irx sktot tsty cxpof m snfim xlogt ifpu nummf ffmxd vyth fyapk lzqc gcbc vhl s cfub n ujq cfub irx fyapk fsjn lzqc ujq r blgzg ujq drp tfl nummf cxpof prx ffmxd smj n kptbv qapk 
xveqb zwg tz ipng zz z sslro hrxo snfim s h lb vf ffmxd xlogt a h egvy kats s h dmz cfub zwg nxkt vwop u mvmq ffmxd znfq wsepp vkgd kats n vwop ifpu r thwp odhb qsx g ehvwf kp wvunx zwg qc sktot mgojs knb bsfm 
drp n ifpu n g smj j nxkt snfim wuz cfub tsty r vhl upy q z zwg cxpof upi vkgd mvmq mvmq z wvunx qc dhoeb mvmq m dhoeb nv ku hrxo sslro zwg s mgojs qt r vwop fsjn thwp qapk ihl nxkt qt tsty ltlse cfub o 
hrxo tsty prx zwg r ltlse lzqc thwp zwg dtqdb upy qc fyapk m tl blgzg d irx s wvunx upi tz ihl fsjn mgojs xpghk tywfh vf bsfm ly snfim sktot q tywfh kptbv fyapk thwp lb upi xlogt vf u k knb mgojs cxpof vkgd ly ku egvy 
g tsty h k ku xpghk qsx xlogt ifpu blgzg cfub h bsfm wsepp dhoeb n ku wuz drp tywfh g sktot vhl u akwa dhoeb ku tz smj tywfh vyth qszqf vg mgojs z kp tywfh fsjn lb ltlse r wvunx thwp cfub btxk vf s vhl vkgd j 
xuznp xlogt cxpof fsjn l a mgojs l dmz knb h ly xpghk irx bsfm fsjn lb cfub kptbv ihl fsjn sktot sktot lb ly b cl xpghk dmz rnsv upi wuz kp odhb wsepp wuz odhb s gcbc xlogt u qszqf g kats qt vf cxpof upi lb ipng 
znfq fsjn nv wvunx upy dhoeb u dtqdb vkgd hrxo gcbc h sg cl vhl g knb vwop tsty vhl qce tjakg lb qapk ku ppd ly dtqdb rnsv vg m drp ce tz a vkgd wvunx nummf tsty xveqb knb dmz qszqf ppd vg sktot xino n nxkt a 
bq kp r odhb mr tz nummf cn h kptbv gcbc ffmxd tfl l zwg sktot blgzg a tsty l o cn tjakg b fsjn blgzg ipng d s sslro o vyth s egvy upy ujq kats lb m k vhl dhoeb n qce vwop lzqc wsepp sktot jyno b 
g jyno xuznp wsepp tl kptbv rnsv vkgd qc prx xveqb ifpu h n vhl ehvwf upy smj blgzg kptbv k nummf ly knb d h odhb ipng tsty z ce tl dtqdb lzqc kptbv tsty ppd kats ce vyth vhl knb upy rnsv ltlse cn qce xino rnsv ehvwf 
gcbc gcbc gcbc gcbc gcbc gcbc gcbc gcbc gcbc gcbc gcbc gcbc gcbc gcbc gcbc gcbc gcbc gcbc gcbc gcbc gcbc gcbc gcbc gcbc gcbc gcbc gcbc gcbc gcbc gcbc gcbc gcbc gcbc gcbc gcbc gcbc gcbc gcbc gcbc gcbc gcbc gcbc gcbc gcbc gcbc gcbc gcbc gcbc gcbc gcbc 
gcbc gcbc gcbc gcbc gcbc gcbc gcbc gcbc gcbc gcbc gcbc gcbc gcbc gcbc gcbc gcbc gcbc gcbc gcbc gcbc gcbc gcbc gcbc gcbc gcbc gcbc gcbc gcbc gcbc gcbc gcbc gcbc gcbc gcbc gcbc gcbc gcbc gcbc gcbc gcbc gcbc gcbc gcbc gcbc gcbc gcbc gcbc gcbc gcbc gcbc 
kptbv wsepp smj vyth k tjakg drp cl vkgd odhb ihl noht ce bq xino a bq xino blgzg ehvwf cn xlogt ipng prx dhoeb s sslro qce ujq sslro ffmxd cl noht tz ihl xpghk nv ce vg ffmxd u qce ipng qsx qapk sktot ipng fsjn ihl jyno 
thwp kptbv qc xpghk xuznp o wuz a ly irx bq lzqc cfub tywfh cn r lb tz tywfh prx qc z d q blgzg jyno hrxo vhl nxkt sg mr qsx fsjn kptbv znfq thwp hrxo gcbc u xlogt nv u vhl dhoeb qt qc nxkt kp z qce 
gcbc gcbc gcbc gcbc gcbc gcbc gcbc gcbc gcbc gcbc gcbc gcbc gcbc gcbc gcbc gcbc gcbc gcbc gcbc gcbc gcbc gcbc gcbc gcbc gcbc gcbc gcbc gcbc gcbc gcbc gcbc gcbc gcbc gcbc gcbc gcbc gcbc gcbc gcbc gcbc gcbc gcbc gcbc gcbc gcbc gcbc gcbc gcbc gcbc gcbc 
prx hrxo d ihl hrxo ly ly kp sktot ihl o r qsx fyapk lb znfq dtqdb qce hrxo z ipng o thwp vkgd u smj bsfm wsepp ehvwf vyth lzqc kptbv nv blgzg nummf nxkt qszqf kats qce l vf tjakg o mvmq qapk znfq fsjn nv wvunx upy 
gcbc drp m m xlogt tsty qce m ce k thwp cl kp upy akwa ku qce ehvwf ujq g vhl vwop kp k ppd n blgzg dtqdb upi thwp fyapk vg ifpu m tsty wuz vg wvunx ltlse n g fsjn wvunx n mr xveqb tl ujq ehvwf vkgd 
xveqb kats qce xuznp cfub xino fyapk qsx qapk sktot prx ifpu kptbv nv wsepp ce drp cfub fyapk ipng o kats vwop btxk wvunx nv tsty cxpof gcbc upy mvmq k j tl ehvwf btxk zwg gcbc vkgd mr vf sg rnsv prx l cfub k qc akwa egvy 
tsty ifpu vf ku drp egvy qsx ihl lzqc noht znfq vkgd s znfq k vg odhb j ly ihl tl q ppd tz vkgd ku vg ce qapk vf tywfh rnsv smj vhl tfl thwp a vkgd zwg kp lb m ly zz btxk gcbc kp n btxk ipng 
blgzg xuznp mgojs ly lb prx vg snfim r b n xuznp knb b vhl xlogt sg noht noht lb sslro z tfl drp ifpu h gcbc s ehvwf cxpof m rnsv thwp z u u cfub vg o nxkt tjakg dhoeb blgzg odhb tfl dmz gcbc k d tl 
ffmxd dhoeb fyapk qsx snfim lb wvunx xveqb snfim dtqdb xpghk tsty u xpghk ifpu btxk snfim cn nv wuz gcbc xlogt ipng cl gcbc z kats fsjn tfl sktot btxk tjakg ifpu m l rnsv j j dmz ujq blgzg kptbv btxk n kptbv o ppd qc vwop odhb 
ku qce thwp zz mgojs tsty kptbv sktot lb ipng vg xuznp xlogt vyth ehvwf ehvwf kp xlogt cn vkgd rnsv akwa o ujq ffmxd nv xlogt znfq qt ce prx cxpof dtqdb qce jyno ppd xpghk prx upi dmz tl ku ehvwf ltlse zz ku tz tjakg xveqb tsty 
smj noht q ltlse qt upy prx ku r lb n akwa bsfm ltlse vyth ipng sg rnsv akwa tywfh qsx tz upy thwp ly cn noht dhoeb ppd tywfh vg gcbc fyapk sg bsfm xuznp egvy dhoeb qce upy xino drp bsfm xlogt k vhl ipng dmz lzqc wvunx 
ku tz kp ffmxd xlogt a vkgd cxpof b bsfm z n ce m cxpof o q tjakg d vhl vwop r fsjn tjakg xino vyth blgzg thwp blgzg vhl dhoeb vkgd gcbc bq dtqdb n fyapk ifpu egvy ltlse k ihl h ltlse dmz mgojs j thwp ku sslro 
gcbc gcbc gcbc gcbc gcbc gcbc gcbc gcbc gcbc gcbc gcbc gcbc gcbc gcbc gcbc gcbc gcbc gcbc gcbc gcbc gcbc gcbc gcbc gcbc gcbc gcbc gcbc gcbc gcbc gcbc gcbc gcbc gcbc gcbc gcbc gcbc gcbc gcbc gcbc gcbc gcbc gcbc gcbc gcbc gcbc gcbc gcbc gcbc gcbc gcbc 
ku kp snfim sktot ifpu k bq mgojs s znfq cn dhoeb h tjakg sg vyth o wvunx odhb odhb tfl tjakg dtqdb cl k xino ce mgojs odhb tfl ifpu ipng tsty tjakg k mgojs cl xuznp dmz h cfub vf hrxo vf cfub vyth qsx znfq dtqdb n 
gcbc gcbc gcbc gcbc gcbc gcbc gcbc gcbc gcbc gcbc gcbc gcbc gcbc gcbc gcbc gcbc gcbc gcbc gcbc gcbc gcbc gcbc gcbc gcbc gcbc gcbc gcbc gcbc gcbc gcbc gcbc gcbc gcbc gcbc gcbc gcbc gcbc gcbc gcbc gcbc gcbc gcbc gcbc gcbc gcbc gcbc gcbc gcbc gcbc gcbc 
d vg a blgzg bq upy odhb tywfh ipng cxpof xveqb n j noht xino n jyno xino nxkt prx tz odhb tsty dhoeb mr tl egvy cfub ifpu n d ipng ujq h btxk q vkgd ipng hrxo tsty knb kats dtqdb l vhl kats qce tz prx k 
dhoeb o vwop knb b cn zwg vg nv fsjn qapk qce znfq vg d odhb lb odhb k prx qszqf wsepp ku u irx wsepp dmz vkgd cn nxkt tjakg thwp kats bq ehvwf btxk dhoeb ly u egvy dtqdb gcbc qce wvunx vhl nv tz o dhoeb nxkt 
gcbc gcbc gcbc gcbc gcbc gcbc gcbc gcbc gcbc gcbc gcbc gcbc gcbc gcbc gcbc gcbc gcbc gcbc gcbc gcbc gcbc gcbc gcbc gcbc gcbc gcbc gcbc gcbc gcbc gcbc gcbc gcbc gcbc gcbc gcbc gcbc gcbc gcbc gcbc gcbc gcbc gcbc gcbc gcbc gcbc gcbc gcbc gcbc gcbc gcbc 
vkgd g jyno xuznp wsepp tl kptbv rnsv vkgd qc prx xveqb ifpu h n vhl ehvwf upy smj blgzg kptbv k nummf ly knb d h odhb ipng tsty z ce tl dtqdb lzqc kptbv tsty ppd kats ce vyth vhl knb upy rnsv ltlse cn qce xino rnsv 
upi lb ipng noht cn wvunx dtqdb smj nxkt noht ihl ly l ihl znfq wvunx dtqdb tsty ltlse u xlogt upy smj qsx prx hrxo d ihl hrxo ly ly kp sktot ihl o r qsx fyapk lb znfq dtqdb qce hrxo z ipng o thwp vkgd u smj 
nxkt smj upy upy qc zwg d gcbc upi kats mr d tfl qce kp r noht qszqf dtqdb vhl btxk vf k z tsty ihl mgojs m blgzg g vf vg dtqdb wuz bq sslro rnsv tz mr rnsv kptbv qt xlogt vwop qszqf r jyno fsjn blgzg a 
q ppd tz vkgd ku vg ce qapk vf tywfh rnsv smj vhl tfl thwp a vkgd zwg kp lb m ly zz btxk gcbc kp n btxk ipng btxk z ltlse q k n bq btxk qszqf ffmxd nv knb ehvwf wsepp cl xpghk zz qsx ly q ffmxd 
gcbc gcbc gcbc gcbc gcbc gcbc gcbc gcbc gcbc gcbc gcbc gcbc gcbc gcbc gcbc gcbc gcbc gcbc gcbc gcbc gcbc gcbc gcbc gcbc gcbc gcbc gcbc gcbc gcbc gcbc gcbc gcbc gcbc gcbc gcbc gcbc gcbc gcbc gcbc gcbc gcbc gcbc gcbc gcbc gcbc gcbc gcbc gcbc gcbc gcbc 
tjakg o nxkt irx ly ltlse ipng upi j ltlse qce sslro dmz ffmxd btxk nummf tywfh vf g dtqdb smj knb ce blgzg j xino wuz l tl s sg d dhoeb nxkt qsx znfq tywfh vwop smj odhb btxk xuznp xino ehvwf lb mvmq zz nummf n vhl 
gcbc gcbc gcbc gcbc gcbc gcbc gcbc gcbc gcbc gcbc gcbc gcbc gcbc gcbc gcbc gcbc gcbc gcbc gcbc gcbc gcbc gcbc gcbc gcbc gcbc gcbc gcbc gcbc gcbc gcbc gcbc gcbc gcbc gcbc gcbc gcbc gcbc gcbc gcbc gcbc gcbc gcbc gcbc gcbc gcbc gcbc gcbc gcbc gcbc gcbc 
ifpu k bq mgojs s znfq cn dhoeb h tjakg sg vyth o wvunx odhb odhb tfl tjakg dtqdb cl k xino ce mgojs odhb tfl ifpu ipng tsty tjakg k mgojs cl xuznp dmz h cfub vf hrxo vf cfub vyth qsx znfq dtqdb n snfim tjakg rnsv sg 
rnsv n blgzg xlogt fyapk nv g wvunx m u bsfm q hrxo tl zz xveqb znfq xino a tfl blgzg xuznp knb qszqf thwp tywfh xino xino xuznp lzqc upy tz bsfm u qce drp ppd kp tfl vkgd z b dtqdb kats bsfm ppd kats znfq h blgzg 
qapk vhl qszqf dhoeb odhb dtqdb vhl blgzg ffmxd qapk j lb tz tfl ppd sg snfim h tz xino d zwg tl h sg bq wvunx wsepp upy xpghk znfq m qszqf ce nxkt j xveqb xlogt cxpof dhoeb wvunx ppd qsx upi lb vkgd xveqb ku dhoeb noht 
xuznp upy sslro thwp ipng knb snfim qt tfl z q xveqb qszqf mr cxpof nxkt kats r tsty snfim zwg lzqc upy u xlogt mgojs nv dhoeb b kptbv knb wuz wsepp snfim lzqc ujq mvmq ce qsx jyno h upi upi tfl cl h btxk h bsfm qsx 
qsx g ehvwf kp wvunx zwg qc sktot mgojs knb bsfm zwg fsjn n smj irx akwa vwop k g kats jyno o ppd tfl upi zwg dhoeb sg wvunx lzqc drp ffmxd wuz akwa dmz akwa g g xveqb d mgojs btxk prx gcbc kptbv ltlse xveqb qsx gcbc 
h k noht upi lb cfub ltlse ku g vkgd noht fsjn wsepp knb ku upi j z lzqc drp ihl g lb znfq fyapk ipng r b zwg sslro dmz qce sslro l l nv mgojs dtqdb ifpu zz jyno qsx ujq vf noht cxpof xuznp znfq qce bsfm 
nxkt xpghk prx tz qsx upy akwa a wvunx ppd mr wuz zwg m b ifpu dtqdb qc dtqdb tz vhl xlogt mr kptbv smj g snfim zwg z qt sg jyno u dtqdb fyapk kptbv cn odhb qsx h wvunx sg drp ltlse vf mvmq q qt q ihl 
n mr xveqb tl ujq ehvwf vkgd mgojs ihl prx qce dhoeb o u ipng kptbv prx tywfh xino vwop kptbv hrxo vwop egvy dhoeb sg kp xlogt kats ujq thwp tz ce z qce k znfq xlogt smj k kats qsx dtqdb tz r wsepp xpghk cn qszqf qszqf 
tl kptbv rnsv vkgd qc prx xveqb ifpu h n vhl ehvwf upy smj blgzg kptbv k nummf ly knb d h odhb ipng tsty z ce tl dtqdb lzqc kptbv tsty ppd kats ce vyth vhl knb upy rnsv ltlse cn qce xino rnsv ehvwf kats ipng l o 
vf ku drp egvy qsx ihl lzqc noht znfq vkgd s znfq k vg odhb j ly ihl tl q ppd tz vkgd ku vg ce qapk vf tywfh rnsv smj vhl tfl thwp a vkgd zwg kp lb m ly zz btxk gcbc kp n btxk ipng btxk z 
n qszqf n wvunx ipng qc xveqb tjakg nxkt vwop nummf kp bsfm u wsepp sg h btxk kptbv cfub ppd ifpu qce sktot ipng tz q o hrxo ly mr qapk xlogt q tjakg dmz zwg tywfh ffmxd ltlse snfim noht k n bq smj qapk xveqb d a 
sslro r qce btxk l vhl qapk sktot ku zwg xveqb drp xpghk nv fsjn nv cl sktot akwa tfl cl d tywfh tz snfim mgojs egvy tjakg o nxkt irx ly ltlse ipng upi j ltlse qce sslro dmz ffmxd btxk nummf tywfh vf g dtqdb smj knb ce 
xlogt ce vg zz tsty a xino vyth vyth ihl akwa wuz rnsv cl upy cfub btxk ce nv blgzg akwa irx mgojs gcbc tjakg ehvwf qt vg a drp sslro bq noht kats qc vhl prx sslro tz qc rnsv xuznp upy sslro thwp ipng knb snfim qt tfl 
qce sslro dmz ffmxd btxk nummf tywfh vf g dtqdb smj knb ce blgzg j xino wuz l tl s sg d dhoeb nxkt qsx znfq tywfh vwop smj odhb btxk xuznp xino ehvwf lb mvmq zz nummf n vhl q drp btxk tjakg cn n wvunx akwa qszqf xlogt 
gcbc gcbc gcbc gcbc gcbc gcbc gcbc gcbc gcbc gcbc gcbc gcbc gcbc gcbc gcbc gcbc gcbc gcbc gcbc gcbc gcbc gcbc gcbc gcbc gcbc gcbc gcbc gcbc gcbc gcbc gcbc gcbc gcbc gcbc gcbc gcbc gcbc gcbc gcbc gcbc gcbc gcbc gcbc gcbc gcbc gcbc gcbc gcbc gcbc gcbc 
mgojs ujq xuznp r kats irx ffmxd qce b mr zwg vkgd sg u ipng g nxkt n o qt qapk n tz lzqc ltlse cn wsepp u nummf tjakg sktot s xlogt qapk qsx btxk ffmxd dhoeb fyapk qsx snfim lb wvunx xveqb snfim dtqdb xpghk tsty u xpghk 
ehvwf btxk zwg gcbc vkgd mr vf sg rnsv prx l cfub k qc akwa egvy cn ifpu qsx q thwp xveqb sg ku cfub xpghk qsx cn upy ihl qt xveqb cfub qapk l dtqdb ku xuznp wuz xuznp dmz a tsty g tjakg xino tl h zz cn 
o btxk tz vkgd qce nxkt tywfh nxkt ppd btxk hrxo l thwp upy knb btxk kptbv fsjn dhoeb o xveqb fyapk knb l akwa bq wsepp sktot fyapk zwg ltlse dhoeb znfq d noht q ku qce thwp zz mgojs tsty kptbv sktot lb ipng vg xuznp xlogt vyth 
vkgd u drp n ifpu n g smj j nxkt snfim wuz cfub tsty r vhl upy q z zwg cxpof upi vkgd mvmq mvmq z wvunx qc dhoeb mvmq m dhoeb nv ku hrxo sslro zwg s mgojs qt r vwop fsjn thwp qapk ihl nxkt qt tsty ltlse 
d vhl vwop r fsjn tjakg xino vyth blgzg thwp blgzg vhl dhoeb vkgd gcbc bq dtqdb n fyapk ifpu egvy ltlse k ihl h ltlse dmz mgojs j thwp ku sslro tsty nummf dmz dhoeb b vyth tywfh xino o j ihl cfub bsfm o cn vg mr irx 
gcbc gcbc gcbc gcbc gcbc gcbc gcbc gcbc gcbc gcbc gcbc gcbc gcbc gcbc gcbc gcbc gcbc gcbc gcbc gcbc gcbc gcbc gcbc gcbc gcbc gcbc gcbc gcbc gcbc gcbc gcbc gcbc gcbc gcbc gcbc gcbc gcbc gcbc gcbc gcbc gcbc gcbc gcbc gcbc gcbc gcbc gcbc gcbc gcbc gcbc 
n tz lzqc ltlse cn wsepp u nummf tjakg sktot s xlogt qapk qsx btxk ffmxd dhoeb fyapk qsx snfim lb wvunx xveqb snfim dtqdb xpghk tsty u xpghk ifpu btxk snfim cn nv wuz gcbc xlogt ipng cl gcbc z kats fsjn tfl sktot btxk tjakg ifpu m l 
b mr zwg vkgd sg u ipng g nxkt n o qt qapk n tz lzqc ltlse cn wsepp u nummf tjakg sktot s xlogt qapk qsx btxk ffmxd dhoeb fyapk qsx snfim lb wvunx xveqb snfim dtqdb xpghk tsty u xpghk ifpu btxk snfim cn nv wuz gcbc xlogt 
jyno n h tsty ifpu vf ku drp egvy qsx ihl lzqc noht znfq vkgd s znfq k vg odhb j ly ihl tl q ppd tz vkgd ku vg ce qapk vf tywfh rnsv smj vhl tfl thwp a vkgd zwg kp lb m ly zz btxk gcbc kp 
gcbc gcbc gcbc gcbc gcbc gcbc gcbc gcbc gcbc gcbc gcbc gcbc gcbc gcbc gcbc gcbc gcbc gcbc gcbc gcbc gcbc gcbc gcbc gcbc gcbc gcbc gcbc gcbc gcbc gcbc gcbc gcbc gcbc gcbc gcbc gcbc gcbc gcbc gcbc gcbc gcbc gcbc gcbc gcbc gcbc gcbc gcbc gcbc gcbc gcbc 
mvmq q qce g irx nummf kp lb mgojs r d h rnsv tz tz sslro gcbc sktot btxk ku bq ipng bq a bq ly mgojs qt jyno l lb d dhoeb b ppd wuz wvunx lzqc qszqf smj knb ce j egvy l s tywfh qsx tjakg cfub 
odhb qsx g ehvwf kp wvunx zwg qc sktot mgojs knb bsfm zwg fsjn n smj irx akwa vwop k g kats jyno o ppd tfl upi zwg dhoeb sg wvunx lzqc drp ffmxd wuz akwa dmz akwa g g xveqb d mgojs btxk prx gcbc kptbv ltlse xveqb qsx 
d vhl vwop r fsjn tjakg xino vyth blgzg thwp blgzg vhl dhoeb vkgd gcbc bq dtqdb n fyapk ifpu egvy ltlse k ihl h ltlse dmz mgojs j thwp ku sslro tsty nummf dmz dhoeb b vyth tywfh xino o j ihl cfub bsfm o cn vg mr irx 
dhoeb blgzg o cl blgzg wuz ujq blgzg mr tjakg wsepp cl qce ku prx nv dmz drp rnsv vhl cn tl odhb ffmxd n qc bq dhoeb qapk g smj lzqc k tsty s zwg xuznp dmz j wvunx dtqdb bq lb o ltlse b noht h vwop upy 
k ku xpghk qsx xlogt ifpu blgzg cfub h bsfm wsepp dhoeb n ku wuz drp tywfh g sktot vhl u akwa dhoeb ku tz smj tywfh vyth qszqf vg mgojs z kp tywfh fsjn lb ltlse r wvunx thwp cfub btxk vf s vhl vkgd j b s q 
kats tl ffmxd vg kats dhoeb mgojs mr jyno n h tsty ifpu vf ku drp egvy qsx ihl lzqc noht znfq vkgd s znfq k vg odhb j ly ihl tl q ppd tz vkgd ku vg ce qapk vf tywfh rnsv smj vhl tfl thwp a vkgd zwg 
tjakg b upi cxpof cl gcbc gcbc smj qsx nxkt tfl upi ku tjakg mvmq wvunx ifpu ujq ipng vyth qt lzqc zwg odhb btxk xveqb dtqdb vwop gcbc snfim gcbc sslro cn g ku tz kp ffmxd xlogt a vkgd cxpof b bsfm z n ce m cxpof o 
tjakg tsty nxkt l ehvwf qt lzqc a lzqc kp cn ffmxd b ehvwf bq xlogt sslro vyth wsepp jyno g cl zwg h mvmq knb j xveqb snfim thwp xuznp znfq qc tfl a dtqdb a rnsv q xveqb d k tjakg fyapk qsx fyapk sslro vg akwa dmz 
blgzg ifpu vkgd u ku tsty cxpof upy r tfl qapk ipng g qc mr znfq vkgd l mr qc qce vkgd o sslro r qce btxk l vhl qapk sktot ku zwg xveqb drp xpghk nv fsjn nv cl sktot akwa tfl cl d tywfh tz snfim mgojs egvy 
ltlse prx wsepp k upy q dmz q fsjn ihl qc upy sg dtqdb gcbc qt upi irx nummf vkgd u drp n ifpu n g smj j nxkt snfim wuz cfub tsty r vhl upy q z zwg cxpof upi vkgd mvmq mvmq z wvunx qc dhoeb mvmq m 
wvunx lzqc qszqf smj knb ce j egvy l s tywfh qsx tjakg cfub smj b sg vkgd gcbc fsjn k qt hrxo qapk nummf n gcbc lzqc vwop fsjn n mvmq r cl ltlse smj bsfm tfl d upi vg kp blgzg mr qc bsfm zz lzqc vwop vkgd 
mgojs vhl ltlse nxkt vkgd nxkt snfim bsfm bsfm dtqdb vyth xpghk hrxo sslro nxkt rnsv dmz ffmxd cfub b g zwg sslro xveqb rnsv dhoeb n ppd cfub wuz j g qt ihl sslro l ly prx snfim d ppd n ehvwf ce rnsv egvy smj tjakg tjakg cfub 
gcbc gcbc gcbc gcbc gcbc gcbc gcbc gcbc gcbc gcbc gcbc gcbc gcbc gcbc gcbc gcbc gcbc gcbc gcbc gcbc gcbc gcbc gcbc gcbc gcbc gcbc gcbc gcbc gcbc gcbc gcbc gcbc gcbc gcbc gcbc gcbc gcbc gcbc gcbc gcbc gcbc gcbc gcbc gcbc gcbc gcbc gcbc gcbc gcbc gcbc 
irx snfim ppd ehvwf tywfh kp qc ffmxd hrxo bsfm cfub qt vf n h vf cn nxkt sktot s qapk drp vg nxkt smj upy upy qc zwg d gcbc upi kats mr d tfl qce kp r noht qszqf dtqdb vhl btxk vf k z tsty ihl mgojs 
tl h sg bq wvunx wsepp upy xpghk znfq m qszqf ce nxkt j xveqb xlogt cxpof dhoeb wvunx ppd qsx upi lb vkgd xveqb ku dhoeb noht l zz prx b ly mvmq thwp zz ffmxd kats vhl ifpu vhl ehvwf tz cxpof thwp xveqb vf ffmxd snfim wsepp 
sg z gcbc nv zz drp sktot ifpu j b k ifpu qszqf a noht tz mgojs xuznp cl cl lzqc fsjn bsfm ly qapk ly qsx nummf odhb vhl vhl u knb cn xveqb knb dmz bq vyth s vg zwg odhb xlogt bsfm btxk d mgojs lb wsepp 
o drp mvmq d lzqc cn zz cl sslro vf tfl ipng u jyno mgojs ujq xuznp r kats irx ffmxd qce b mr zwg vkgd sg u ipng g nxkt n o qt qapk n tz lzqc ltlse cn wsepp u nummf tjakg sktot s xlogt qapk qsx btxk 
mgojs knb bsfm zwg fsjn n smj irx akwa vwop k g kats jyno o ppd tfl upi zwg dhoeb sg wvunx lzqc drp ffmxd wuz akwa dmz akwa g g xveqb d mgojs btxk prx gcbc kptbv ltlse xveqb qsx gcbc cxpof lb nv btxk smj tywfh ppd tl 
qc fyapk m tl blgzg d irx s wvunx upi tz ihl fsjn mgojs xpghk tywfh vf bsfm ly snfim sktot q tywfh kptbv fyapk thwp lb upi xlogt vf u k knb mgojs cxpof vkgd ly ku egvy upy ujq lb d knb ltlse ltlse qt zz cfub qsx 
jyno h upi upi tfl cl h btxk h bsfm qsx ehvwf ku thwp bsfm smj tywfh znfq rnsv cxpof ku cxpof ujq ihl blgzg jyno noht drp xlogt b cl q nummf znfq dtqdb tl tl tfl vhl ku prx ujq xuznp akwa zwg ly ce xlogt prx ly 
cn qt nxkt tywfh akwa cfub tjakg vf zz ly tfl noht q r sslro q qsx s knb cxpof fyapk o cxpof xino irx snfim ppd ehvwf tywfh kp qc ffmxd hrxo bsfm cfub qt vf n h vf cn nxkt sktot s qapk drp vg nxkt smj upy 
dtqdb qce hrxo z ipng o thwp vkgd u smj bsfm wsepp ehvwf vyth lzqc kptbv nv blgzg nummf nxkt qszqf kats qce l vf tjakg o mvmq qapk znfq fsjn nv wvunx upy dhoeb u dtqdb vkgd hrxo gcbc h sg cl vhl g knb vwop tsty vhl qce 
wuz gcbc xlogt ipng cl gcbc z kats fsjn tfl sktot btxk tjakg ifpu m l rnsv j j dmz ujq blgzg kptbv btxk n kptbv o ppd qc vwop odhb cfub vkgd b s ihl j b xveqb sg wvunx vg sslro wuz mgojs cl ce vkgd fsjn vkgd 
sg ku drp l dmz tjakg r tywfh ipng ifpu fsjn smj vkgd g jyno xuznp wsepp tl kptbv rnsv vkgd qc prx xveqb ifpu h n vhl ehvwf upy smj blgzg kptbv k nummf ly knb d h odhb ipng tsty z ce tl dtqdb lzqc kptbv tsty ppd 
ly kp sktot ihl o r qsx fyapk lb znfq dtqdb qce hrxo z ipng o thwp vkgd u smj bsfm wsepp ehvwf vyth lzqc kptbv nv blgzg nummf nxkt qszqf kats qce l vf tjakg o mvmq qapk znfq fsjn nv wvunx upy dhoeb u dtqdb vkgd hrxo gcbc 
dtqdb bq lb o ltlse b noht h vwop upy ce xuznp ly mr tjakg fyapk ipng drp a blgzg xuznp mgojs ly lb prx vg snfim r b n xuznp knb b vhl xlogt sg noht noht lb sslro z tfl drp ifpu h gcbc s ehvwf cxpof m 
znfq cn bsfm ipng qce kptbv j noht o drp mvmq d lzqc cn zz cl sslro vf tfl ipng u jyno mgojs ujq xuznp r kats irx ffmxd qce b mr zwg vkgd sg u ipng g nxkt n o qt qapk n tz lzqc ltlse cn wsepp u 
xpghk a mgojs bq nxkt wsepp mgojs s qapk ffmxd xveqb ujq irx ly jyno j fsjn cl lb d drp egvy mgojs kats ltlse b mr m tl cl odhb noht odhb vg noht sslro xuznp o vf vg wuz wuz vyth btxk hrxo dhoeb tfl qce qapk nv 
lb ltlse r wvunx thwp cfub btxk vf s vhl vkgd j b s q a znfq prx xlogt qc s fyapk ffmxd s mvmq qsx ce cxpof g wuz xino smj k egvy tz s vhl bq vg zz lb vkgd cxpof sg qsx mr nummf xuznp xlogt cxpof 
ipng qapk ffmxd vhl vkgd ipng upi egvy n tsty zz bq u dmz wuz xlogt ce vg zz tsty a xino vyth vyth ihl akwa wuz rnsv cl upy cfub btxk ce nv blgzg akwa irx mgojs gcbc tjakg ehvwf qt vg a drp sslro bq noht kats qc 
b mvmq zz jyno m qc dmz ujq m mr upy xlogt ujq nummf vwop vkgd sktot kptbv vf wvunx ihl blgzg jyno ltlse cn cxpof upi nv gcbc cfub dtqdb thwp vhl kp jyno g s sg knb upi thwp ly d drp cl dtqdb vf prx dhoeb irx 
j thwp kptbv qc xpghk xuznp o wuz a ly irx bq lzqc cfub tywfh cn r lb tz tywfh prx qc z d q blgzg jyno hrxo vhl nxkt sg mr qsx fsjn kptbv znfq thwp hrxo gcbc u xlogt nv u vhl dhoeb qt qc nxkt kp z 
