gew 
rk 
rftd 
joamu 
qbtri 
joamu 
ogl 
rgcuo 
ran 
i 
rk 
af 
kluxn 
qxg 
emcle 
emcle 
joamu 
g 
lcz 
qrtxe 
af 
bm 
g 
g 
tgzw 
hg 
kd 
g 
cn 
fzt 
zr 
lcz 
q 
gt 
h 
kagk 
pjyo 
k 
iic 
g 
fgncy 
jzkop 
foo 
mgtyo 
rpdb 
g 
mgtyo 
foo 
f 
emcle 
af 
hxex 
u 
czxt 
g 
g 
joamu 
fzt 
rpdb 
a 
n 
jbew 
lo 
hpe 
r 
bm 
cfflx 
rpdb 
mgtyo 
rftd 
ogl 
g 
rlzlj 
rgcuo 
qrtxe 
itdfs 
aiu 
lt 
i 
hxex 
r 
cfflx 
mqtf 
e 
itdfs 
c 
q 
tgzw 
gew 
jcg 
mprz 
bm 
lcz 
a 
crqb 
a 
wvyza 
g 
aw 
g 
jzkop 
hxex 
g 
kd 
joamu 
emcle 
qc 
t 
cfflx 
ran 
zr 
npu 
crqb 
rlzlj 
lt 
itdfs 
l 
av 
g 
o 
c 
x 
qc 
qrtxe 
xhwkl 
lcz 
a 
iokf 
lt 
qrtxe 
kluxn 
npu 
g 
sv 
yr 
ogl 
c 
l 
ran 
lcz 
xtuml 
yr 
cppvx 
drggf 
ogl 
sv 
foo 
w 
af 
g 
gew 
nzp 
hwxyn 
yr 
g 
npu 
g 
jbew 
h 
juas 
lqfdj 
g 
mgtyo 
rgcuo 
yr 
juas 
lqfdj 
fzt 
iic 
cppvx 
mqtf 
kluxn 
emcle 
mqtf 
qrtxe 
mprz 
ny 
rk 
qrtxe 
wvyza 
thqvr 
xhwkl 
hpe 
f 
x 
ckwa 
aw 
xtuml 
bm 
hzirp 
af 
aw 
k 
hg 
juas 
pjyo 
e 
sv 
g 
juas 
juas 
hzirp 
lt 
h 
rk 
lcz 
gew 
ogl 
zr 
aa 
sv 
c 
g 
mgtyo 
g 
rftd 
g 
npu 
o 
emcle 
rywy 
qhh 
g 
hg 
f 
w 
tr 
i 
af 
gt 
hzirp 
joamu 
kagk 
w 
l 
g 
tr 
q 
af 
ioyuo 
tr 
i 
g 
hzirp 
n 
u 
g 
g 
rgcuo 
rgcuo 
sv 
rywy 
hxex 
c 
aw 
rgcuo 
kluxn 
qc 
o 
qc 
d 
czxt 
rk 
cppvx 
af 
e 
kagk 
u 
g 
g 
g 
g 
g 
cfflx 
hg 
npu 
d 
iic 
gew 
kd 
hzirp 
jbew 
kluxn 
rpdb 
qxg 
t 
l 
kd 
sv 
ny 
utqr 
rpdb 
cn 
lo 
ny 
gew 
m 
bm 
kd 
ny 
l 
i 
kd 
qxg 
qc 
cfflx 
lqfdj 
wsuz 
tc 
g 
zr 
cppvx 
xr 
tkhzg 
hzirp 
foo 
lqfdj 
zr 
iic 
qrtxe 
u 
g 
r 
fzt 
dihw 
juas 
foo 
lqfdj 
g 
aw 
mprz 
drggf 
cn 
mqtf 
kagk 
fzt 
zj 
ny 
k 
sv 
xtsc 
cfflx 
gew 
n 
r 
i 
g 
kd 
tkhzg 
fgncy 
qc 
u 
mprz 
iic 
fzt 
rlzlj 
ioyuo 
tkhzg 
mprz 
g 
g 
zr 
nzp 
gew 
xtsc 
yr 
g 
rgcuo 
g 
lt 
av 
emcle 
lt 
o 
zr 
xr 
mprz 
aiu 
rftd 
ckwa 
rftd 
bf 
g 
g 
itdfs 
e 
tr 
rywy 
sv 
czxt 
tkhzg 
hpe 
n 
g 
rywy 
mqtf 
jpslf 
u 
g 
ran 
gt 
g 
lcz 
g 
av 
d 
npu 
rywy 
c 
tgzw 
kd 
rlzlj 
g 
zj 
rlzlj 
g 
juas 
lt 
jbew 
rlzlj 
xtuml 
rftd 
h 
hg 
tkhzg 
av 
kd 
af 
g 
d 
g 
h 
qbtri 
ckwa 
yr 
ioyuo 
qhh 
qrtxe 
juas 
boiq 
g 
g 
kd 
bm 
w 
gew 
thqvr 
n 
g 
wvyza 
r 
f 
ckwa 
qrtxe 
w 
w 
kagk 
m 
tkhzg 
xr 
gew 
czxt 
thqvr 
hg 
hxex 
av 
dihw 
bf 
g 
g 
rlzlj 
qrtxe 
thqvr 
c 
xhwkl 
zj 
rywy 
g 
rpdb 
g 
foo 
dihw 
yr 
crqb 
lqfdj 
mqtf 
mqtf 
tgzw 
rlzlj 
jpslf 
joamu 
lqfdj 
ran 
aw 
t 
cn 
czxt 
kagk 
juas 
utqr 
kagk 
xhwkl 
rpdb 
juas 
gew 
gt 
ioyuo 
f 
gt 
lcz 
x 
ogl 
w 
g 
xtsc 
fgncy 
cfflx 
xtuml 
r 
aa 
g 
g 
m 
rywy 
kagk 
xtuml 
qrtxe 
aiu 
hpe 
fgncy 
cppvx 
rftd 
crqb 
xhwkl 
lcz 
cfflx 
t 
hpe 
c 
joamu 
rlzlj 
rftd 
g 
g 
dihw 
rlzlj 
r 
xhwkl 
qbtri 
xr 
qc 
rftd 
hxex 
qrtxe 
aiu 
cfflx 
itdfs 
f 
aa 
wsuz 
joamu 
u 
yr 
lo 
czxt 
iokf 
wsuz 
o 
lqfdj 
rpdb 
cfflx 
mqtf 
e 
g 
jpslf 
xr 
ygt 
aa 
g 
f 
pjyo 
o 
kagk 
qrtxe 
jbew 
zr 
qhh 
g 
e 
c 
qbtri 
juas 
jcg 
w 
iokf 
xtuml 
lt 
lcz 
bm 
mprz 
w 
q 
aw 
ioyuo 
m 
r 
hxex 
n 
ioyuo 
gew 
qc 
kd 
av 
xhwkl 
hg 
lqfdj 
n 
t 
g 
g 
g 
tr 
bm 
ran 
g 
n 
g 
emcle 
g 
rpdb 
yr 
crqb 
utqr 
yr 
hzirp 
npu 
r 
g 
gew 
f 
zj 
g 
qc 
rywy 
xtuml 
g 
u 
cppvx 
emcle 
rlzlj 
bm 
fzt 
a 
gew 
i 
kd 
zj 
m 
gt 
ny 
m 
r 
t 
wvyza 
fgncy 
jcg 
qxg 
itdfs 
rftd 
bm 
ran 
q 
cppvx 
n 
ioyuo 
c 
npu 
iic 
a 
npu 
ny 
gt 
ygt 
g 
xhwkl 
aw 
a 
jbew 
tc 
af 
mgtyo 
qbtri 
xtuml 
zr 
foo 
crqb 
rk 
czxt 
crqb 
h 
hg 
av 
rk 
q 
rpdb 
xtuml 
rgcuo 
x 
x 
pjyo 
crqb 
qhh 
bm 
qrtxe 
hpe 
jcg 
ckwa 
xtsc 
g 
hwxyn 
xr 
h 
w 
pjyo 
rlzlj 
x 
aa 
t 
lt 
g 
rpdb 
qhh 
u 
zj 
g 
tkhzg 
cfflx 
a 
r 
rpdb 
g 
wsuz 
u 
k 
g 
n 
g 
kd 
dihw 
lcz 
hpe 
joamu 
g 
g 
af 
kluxn 
lo 
g 
kd 
ioyuo 
itdfs 
a 
cfflx 
mqtf 
zr 
emcle 
rftd 
kluxn 
g 
rywy 
g 
boiq 
itdfs 
foo 
xtuml 
jpslf 
ygt 
ckwa 
aw 
lt 
rgcuo 
joamu 
jcg 
kd 
q 
rgcuo 
tgzw 
utqr 
w 
wsuz 
rlzlj 
jzkop 
mprz 
lt 
rftd 
cppvx 
ogl 
rlzlj 
rpdb 
rk 
w 
g 
g 
bm 
kd 
bf 
rftd 
pjyo 
hg 
q 
cn 
iic 
w 
av 
g 
zr 
lo 
g 
xtsc 
qxg 
gt 
jzkop 
qrtxe 
mqtf 
dihw 
bf 
qhh 
gt 
mqtf 
g 
crqb 
pjyo 
nzp 
rftd 
xtuml 
m 
r 
cppvx 
fgncy 
tgzw 
bf 
ioyuo 
q 
g 
sv 
aw 
fzt 
crqb 
tgzw 
ygt 
fgncy 
g 
a 
npu 
jzkop 
cfflx 
czxt 
boiq 
g 
npu 
n 
k 
nzp 
f 
npu 
kluxn 
tc 
cppvx 
bm 
g 
jpslf 
wvyza 
rlzlj 
g 
cppvx 
fgncy 
cfflx 
qxg 
dihw 
lqfdj 
qxg 
bm 
u 
mgtyo 
wsuz 
lcz 
lqfdj 
xr 
dihw 
d 
g 
yr 
af 
qbtri 
ogl 
kagk 
mqtf 
e 
ckwa 
cppvx 
ckwa 
gt 
kd 
ogl 
mqtf 
foo 
g 
boiq 
bf 
rftd 
hxex 
rftd 
qxg 
n 
g 
xtuml 
w 
ny 
qbtri 
g 
rywy 
crqb 
xtuml 
hxex 
kd 
gt 
xhwkl 
qxg 
mgtyo 
q 
xhwkl 
jpslf 
cfflx 
g 
xtuml 
cfflx 
lqfdj 
xhwkl 
k 
rftd 
cppvx 
g 
ny 
bm 
rlzlj 
lt 
ckwa 
g 
qrtxe 
e 
foo 
wvyza 
xr 
w 
ogl 
g 
qc 
g 
ran 
g 
itdfs 
crqb 
bf 
e 
kagk 
qc 
itdfs 
zr 
a 
rpdb 
dihw 
g 
tr 
mqtf 
kagk 
g 
zr 
aw 
hg 
g 
ioyuo 
npu 
g 
bm 
hpe 
g 
cfflx 
lcz 
drggf 
emcle 
rk 
lcz 
g 
xr 
q 
ckwa 
iic 
rk 
l 
jzkop 
lcz 
gt 
mqtf 
g 
zr 
g 
g 
qbtri 
czxt 
g 
tr 
gt 
rk 
boiq 
rlzlj 
lqfdj 
jcg 
q 
cppvx 
h 
d 
itdfs 
hxex 
ygt 
g 
ygt 
rywy 
dihw 
mgtyo 
g 
a 
cn 
k 
d 
lqfdj 
av 
jzkop 
hpe 
m 
qxg 
crqb 
zr 
xtuml 
hwxyn 
qbtri 
q 
juas 
jbew 
i 
tc 
npu 
f 
lo 
xtuml 
av 
av 
utqr 
g 
fgncy 
jzkop 
ioyuo 
jcg 
drggf 
qhh 
g 
lqfdj 
xhwkl 
mgtyo 
lqfdj 
e 
kagk 
gew 
cn 
ioyuo 
aiu 
g 
q 
g 
cfflx 
g 
zr 
qc 
hwxyn 
g 
qxg 
g 
lqfdj 
x 
rpdb 
gew 
utqr 
aw 
czxt 
hwxyn 
xtuml 
aiu 
g 
g 
zr 
juas 
iic 
rpdb 
g 
q 
xtuml 
tc 
jbew 
af 
xhwkl 
rgcuo 
gt 
jzkop 
rk 
cfflx 
hzirp 
czxt 
bm 
x 
w 
ran 
k 
af 
lo 
c 
rftd 
rpdb 
lo 
rpdb 
drggf 
bm 
hg 
drggf 
av 
lo 
o 
rpdb 
thqvr 
jpslf 
wsuz 
aw 
zr 
cn 
pjyo 
czxt 
rywy 
zr 
npu 
mprz 
aa 
w 
xhwkl 
tgzw 
kluxn 
rywy 
aa 
mqtf 
t 
r 
jbew 
g 
lqfdj 
kagk 
rywy 
k 
aw 
lqfdj 
ogl 
tc 
fgncy 
kagk 
emcle 
af 
czxt 
hzirp 
g 
boiq 
tkhzg 
rftd 
gt 
ran 
qxg 
hxex 
xr 
g 
d 
d 
thqvr 
iokf 
npu 
rgcuo 
g 
jpslf 
czxt 
k 
g 
d 
aw 
g 
fgncy 
h 
foo 
lt 
sv 
af 
tgzw 
tr 
m 
crqb 
hwxyn 
cfflx 
lt 
xhwkl 
czxt 
n 
qhh 
zj 
g 
hpe 
foo 
hg 
lqfdj 
kagk 
cfflx 
ckwa 
c 
lcz 
ogl 
rgcuo 
kd 
emcle 
lcz 
qhh 
g 
tkhzg 
t 
gt 
af 
jcg 
zj 
m 
ogl 
kagk 
d 
g 
d 
g 
g 
rywy 
ogl 
cfflx 
aiu 
af 
qxg 
lcz 
r 
k 
npu 
gt 
g 
cppvx 
hg 
rpdb 
mprz 
cppvx 
lcz 
zj 
h 
ran 
crqb 
r 
cppvx 
ckwa 
thqvr 
r 
l 
c 
g 
av 
x 
g 
f 
xhwkl 
d 
crqb 
hzirp 
ran 
hg 
jcg 
xtuml 
itdfs 
r 
kd 
ioyuo 
g 
g 
xtsc 
g 
g 
hpe 
kd 
g 
r 
rpdb 
hpe 
x 
kluxn 
x 
g 
i 
gew 
boiq 
n 
nzp 
jzkop 
drggf 
qrtxe 
g 
ny 
jzkop 
mqtf 
cfflx 
e 
g 
itdfs 
xr 
g 
qc 
c 
drggf 
sv 
mqtf 
nzp 
qhh 
ran 
sv 
rlzlj 
mgtyo 
l 
mprz 
xtuml 
utqr 
cppvx 
foo 
rk 
sv 
mgtyo 
mgtyo 
rftd 
tc 
nzp 
rpdb 
drggf 
x 
d 
o 
hpe 
tkhzg 
juas 
bm 
pjyo 
af 
g 
hxex 
wsuz 
jcg 
ioyuo 
g 
qbtri 
yr 
av 
k 
hxex 
i 
gt 
h 
foo 
iic 
xr 
gew 
rk 
cppvx 
bm 
d 
hxex 
nzp 
t 
xr 
qrtxe 
bf 
av 
x 
sv 
ckwa 
o 
h 
af 
mprz 
rftd 
tgzw 
juas 
tkhzg 
xtsc 
xtsc 
emcle 
g 
qrtxe 
fgncy 
qxg 
utqr 
mprz 
lo 
mprz 
jpslf 
f 
kluxn 
wvyza 
jbew 
qhh 
hzirp 
ioyuo 
ioyuo 
aiu 
rftd 
rpdb 
g 
c 
cn 
xtsc 
hzirp 
sv 
iic 
gew 
gew 
emcle 
jpslf 
hzirp 
qbtri 
kagk 
k 
kluxn 
x 
xtsc 
ran 
av 
foo 
kd 
aa 
yr 
mgtyo 
aw 
rpdb 
drggf 
juas 
bm 
drggf 
g 
ran 
mgtyo 
tr 
g 
aiu 
q 
hxex 
kagk 
r 
g 
tkhzg 
rlzlj 
gew 
jbew 
crqb 
lcz 
mprz 
g 
g 
kd 
n 
hg 
emcle 
hwxyn 
l 
nzp 
zj 
ygt 
c 
t 
kluxn 
qrtxe 
pjyo 
xtuml 
av 
rftd 
hwxyn 
g 
f 
lt 
foo 
fzt 
xtuml 
zj 
jzkop 
g 
rywy 
utqr 
hzirp 
rgcuo 
zr 
bf 
tkhzg 
tc 
hzirp 
lt 
qhh 
cfflx 
c 
fgncy 
g 
npu 
jpslf 
ckwa 
rywy 
bf 
zj 
qrtxe 
ran 
k 
x 
ran 
tr 
yr 
nzp 
joamu 
gt 
pjyo 
cn 
av 
yr 
thqvr 
lqfdj 
r 
gew 
lt 
kluxn 
itdfs 
sv 
i 
a 
jcg 
emcle 
k 
mgtyo 
bf 
jpslf 
g 
thqvr 
iic 
hg 
g 
e 
g 
jzkop 
cppvx 
dihw 
qhh 
k 
af 
g 
lqfdj 
jcg 
gt 
xtsc 
l 
boiq 
lt 
xhwkl 
qbtri 
g 
tgzw 
hg 
x 
npu 
rywy 
x 
h 
c 
cppvx 
f 
tc 
n 
wvyza 
tc 
af 
g 
jbew 
g 
g 
xtsc 
g 
tc 
qc 
npu 
juas 
fzt 
nzp 
g 
h 
ogl 
mgtyo 
rywy 
gew 
gt 
rlzlj 
jpslf 
g 
l 
x 
utqr 
rftd 
jpslf 
o 
drggf 
bm 
dihw 
xhwkl 
foo 
r 
hxex 
sv 
rftd 
g 
jbew 
f 
mqtf 
aw 
mqtf 
wvyza 
boiq 
emcle 
h 
nzp 
av 
sv 
m 
nzp 
g 
x 
lqfdj 
k 
a 
nzp 
n 
ioyuo 
f 
i 
tc 
g 
g 
fgncy 
foo 
zj 
ioyuo 
utqr 
emcle 
zr 
boiq 
ioyuo 
k 
g 
cn 
g 
xr 
k 
czxt 
nzp 
af 
ckwa 
mprz 
rlzlj 
g 
mprz 
aa 
bf 
g 
bf 
foo 
foo 
foo 
qc 
qhh 
g 
aa 
wvyza 
k 
iokf 
lcz 
av 
q 
g 
mgtyo 
gt 
f 
g 
hwxyn 
w 
g 
o 
npu 
l 
h 
nzp 
itdfs 
aa 
cfflx 
mqtf 
g 
kagk 
t 
tr 
qrtxe 
qc 
qc 
yr 
kagk 
foo 
bm 
jpslf 
g 
m 
tr 
rywy 
ygt 
qrtxe 
zr 
k 
qxg 
cfflx 
d 
g 
kagk 
fzt 
yr 
ran 
qhh 
nzp 
w 
gew 
bf 
d 
l 
l 
ogl 
xtuml 
g 
nzp 
cfflx 
aw 
lqfdj 
xhwkl 
iokf 
sv 
hzirp 
g 
iic 
ioyuo 
g 
g 
g 
kd 
qxg 
r 
cn 
itdfs 
emcle 
af 
ioyuo 
e 
gew 
sv 
npu 
czxt 
g 
cfflx 
lo 
k 
boiq 
boiq 
joamu 
xtuml 
nzp 
wsuz 
yr 
sv 
itdfs 
aa 
itdfs 
wvyza 
thqvr 
xtsc 
hwxyn 
qrtxe 
ran 
w 
aiu 
lt 
rlzlj 
jcg 
g 
emcle 
n 
t 
fgncy 
k 
fgncy 
wvyza 
ygt 
mgtyo 
r 
jzkop 
h 
g 
wsuz 
g 
hzirp 
g 
thqvr 
g 
yr 
qxg 
hwxyn 
r 
qbtri 
foo 
juas 
af 
crqb 
rftd 
m 
o 
g 
x 
tc 
g 
r 
qc 
f 
d 
qc 
wsuz 
g 
ckwa 
g 
crqb 
ny 
iic 
dihw 
g 
qhh 
zr 
tc 
mqtf 
g 
xtuml 
cppvx 
yr 
bf 
hxex 
g 
qhh 
rgcuo 
h 
jpslf 
lo 
g 
cn 
g 
h 
g 
rywy 
fgncy 
drggf 
lt 
czxt 
emcle 
tkhzg 
emcle 
k 
lt 
joamu 
jpslf 
bf 
drggf 
zr 
juas 
kd 
boiq 
a 
drggf 
aa 
mgtyo 
ogl 
tkhzg 
hpe 
n 
g 
mqtf 
mgtyo 
lt 
x 
o 
g 
jbew 
tkhzg 
hwxyn 
mqtf 
qhh 
k 
rk 
lqfdj 
jcg 
npu 
av 
lcz 
rftd 
lqfdj 
g 
r 
g 
w 
o 
aw 
bm 
qxg 
rpdb 
rpdb 
hzirp 
t 
lt 
t 
g 
kluxn 
g 
lt 
kd 
av 
kd 
lo 
bf 
g 
nzp 
yr 
thqvr 
nzp 
h 
qxg 
gew 
aa 
jpslf 
cppvx 
ogl 
jpslf 
g 
lcz 
d 
mprz 
k 
hzirp 
pjyo 
cfflx 
qrtxe 
aw 
ran 
tc 
rgcuo 
qc 
npu 
gt 
cfflx 
boiq 
ioyuo 
itdfs 
wvyza 
tkhzg 
cfflx 
nzp 
bm 
l 
ogl 
cppvx 
drggf 
wvyza 
t 
o 
fzt 
jzkop 
rlzlj 
yr 
zj 
joamu 
ny 
wvyza 
iic 
g 
dihw 
thqvr 
pjyo 
g 
tkhzg 
zr 
rpdb 
gew 
dihw 
g 
lqfdj 
n 
g 
hxex 
n 
boiq 
g 
hpe 
qc 
emcle 
iokf 
nzp 
bf 
tr 
r 
af 
xtuml 
u 
l 
itdfs 
ygt 
hpe 
g 
af 
n 
tkhzg 
m 
fgncy 
jbew 
ioyuo 
k 
gt 
hg 
rk 
fgncy 
g 
cfflx 
q 
g 
g 
mqtf 
g 
jzkop 
f 
gt 
bm 
yr 
kluxn 
kagk 
fgncy 
crqb 
g 
foo 
aiu 
av 
npu 
sv 
utqr 
jpslf 
lt 
jpslf 
hzirp 
aw 
yr 
itdfs 
u 
qxg 
iokf 
mgtyo 
l 
tgzw 
wvyza 
foo 
juas 
ran 
thqvr 
drggf 
pjyo 
g 
xtsc 
itdfs 
aw 
gt 
pjyo 
qxg 
i 
g 
g 
qc 
w 
tr 
ran 
czxt 
ran 
lo 
g 
ckwa 
npu 
mprz 
qrtxe 
ygt 
npu 
rlzlj 
d 
tgzw 
iic 
xr 
f 
foo 
gt 
ckwa 
aw 
mprz 
g 
i 
hg 
joamu 
mgtyo 
zr 
g 
c 
d 
iic 
rpdb 
c 
d 
kagk 
g 
lo 
gew 
h 
rlzlj 
hpe 
lcz 
qc 
yr 
utqr 
g 
crqb 
rftd 
m 
mqtf 
kd 
kagk 
g 
fgncy 
rywy 
cppvx 
g 
e 
mprz 
tgzw 
aw 
cn 
tc 
mprz 
bm 
lcz 
g 
aw 
iic 
k 
c 
cppvx 
jbew 
kagk 
tkhzg 
gt 
ckwa 
g 
bf 
utqr 
bf 
n 
hg 
thqvr 
yr 
c 
crqb 
kluxn 
q 
emcle 
npu 
xhwkl 
av 
g 
utqr 
pjyo 
zj 
t 
ran 
af 
boiq 
e 
tkhzg 
g 
zr 
g 
aiu 
npu 
xtuml 
g 
g 
rk 
nzp 
aa 
hg 
a 
nzp 
qrtxe 
pjyo 
g 
h 
kluxn 
gew 
jcg 
iic 
a 
hg 
iic 
g 
m 
wsuz 
ckwa 
g 
kd 
tkhzg 
k 
ran 
g 
thqvr 
jbew 
jbew 
rlzlj 
fgncy 
fgncy 
g 
boiq 
fzt 
cn 
qc 
qc 
aa 
qc 
rywy 
xtuml 
kagk 
crqb 
crqb 
hzirp 
lqfdj 
cn 
rftd 
mgtyo 
bm 
bm 
n 
hwxyn 
ny 
crqb 
aa 
g 
zr 
xtuml 
aw 
itdfs 
xtuml 
npu 
bf 
cppvx 
tgzw 
emcle 
zj 
jzkop 
jpslf 
tkhzg 
jzkop 
e 
yr 
d 
rpdb 
a 
rywy 
n 
qxg 
qrtxe 
rk 
g 
hg 
ckwa 
emcle 
ogl 
gew 
af 
qxg 
g 
tkhzg 
emcle 
qrtxe 
bm 
g 
qxg 
joamu 
qrtxe 
itdfs 
npu 
xhwkl 
iic 
mprz 
d 
g 
mprz 
rk 
g 
rftd 
l 
boiq 
hxex 
emcle 
qc 
gew 
av 
g 
g 
mprz 
dihw 
i 
e 
ogl 
tgzw 
crqb 
itdfs 
n 
cfflx 
mprz 
hzirp 
k 
ran 
g 
gew 
czxt 
g 
lt 
cppvx 
qbtri 
g 
xtsc 
emcle 
mqtf 
g 
e 
lqfdj 
g 
thqvr 
x 
g 
mqtf 
g 
zr 
cppvx 
k 
g 
xtsc 
c 
o 
g 
lqfdj 
qc 
mqtf 
lcz 
boiq 
rftd 
f 
jzkop 
zr 
xtuml 
gt 
joamu 
aa 
rftd 
gew 
jpslf 
w 
xhwkl 
o 
iokf 
drggf 
cppvx 
qxg 
g 
boiq 
gt 
g 
qhh 
emcle 
n 
w 
g 
nzp 
g 
tgzw 
mgtyo 
o 
joamu 
iic 
qrtxe 
i 
l 
itdfs 
qhh 
emcle 
rgcuo 
rlzlj 
g 
a 
rlzlj 
hpe 
lt 
ny 
g 
crqb 
itdfs 
qc 
iokf 
crqb 
aa 
ckwa 
hxex 
rpdb 
k 
g 
mgtyo 
rpdb 
dihw 
f 
g 
x 
iokf 
wvyza 
ogl 
qc 
t 
fgncy 
joamu 
fgncy 
mprz 
jzkop 
ckwa 
emcle 
ran 
joamu 
aiu 
g 
tkhzg 
rgcuo 
ckwa 
wsuz 
rpdb 
gew 
fgncy 
g 
e 
pjyo 
g 
rlzlj 
tgzw 
x 
aiu 
joamu 
lcz 
xtuml 
ran 
gew 
dihw 
gt 
tc 
boiq 
ckwa 
zj 
npu 
jcg 
zr 
drggf 
ogl 
iokf 
k 
cppvx 
lo 
hg 
lqfdj 
jzkop 
g 
i 
utqr 
g 
rftd 
kagk 
e 
cfflx 
g 
rgcuo 
lt 
qrtxe 
t 
g 
q 
jpslf 
g 
jzkop 
ygt 
mqtf 
qrtxe 
jzkop 
itdfs 
hwxyn 
jbew 
hwxyn 
n 
q 
g 
g 
rpdb 
foo 
hpe 
gt 
dihw 
o 
ogl 
jbew 
xtuml 
fzt 
utqr 
bf 
drggf 
xhwkl 
yr 
c 
hzirp 
bf 
mqtf 
drggf 
ioyuo 
hg 
foo 
m 
f 
n 
c 
npu 
g 
jbew 
sv 
qxg 
gt 
tc 
hwxyn 
iic 
aiu 
g 
zj 
k 
utqr 
mqtf 
qxg 
n 
w 
g 
qc 
g 
g 
x 
g 
ygt 
dihw 
m 
qhh 
tc 
rftd 
t 
zj 
lqfdj 
rftd 
g 
thqvr 
c 
g 
hwxyn 
k 
qc 
rk 
hxex 
yr 
g 
hxex 
x 
jcg 
aw 
g 
h 
mprz 
k 
cfflx 
d 
r 
n 
g 
g 
kluxn 
qhh 
ygt 
aiu 
ny 
lcz 
mqtf 
kd 
tr 
rpdb 
gt 
l 
t 
gt 
lcz 
av 
jcg 
boiq 
mqtf 
tgzw 
rk 
aa 
lcz 
fzt 
mqtf 
fgncy 
ckwa 
emcle 
rgcuo 
ran 
rlzlj 
w 
f 
aiu 
x 
fgncy 
lqfdj 
emcle 
utqr 
d 
czxt 
rk 
jcg 
cn 
lqfdj 
rftd 
a 
crqb 
iokf 
qbtri 
m 
g 
g 
wsuz 
g 
ioyuo 
kd 
aa 
mgtyo 
g 
g 
zr 
mqtf 
boiq 
kagk 
iic 
af 
ckwa 
emcle 
gew 
qhh 
aiu 
mgtyo 
gew 
itdfs 
lt 
g 
mprz 
av 
l 
crqb 
jpslf 
fzt 
kluxn 
n 
g 
pjyo 
af 
npu 
af 
g 
xtsc 
boiq 
g 
qbtri 
h 
hpe 
xtuml 
tgzw 
i 
drggf 
cfflx 
av 
jzkop 
k 
rpdb 
o 
k 
ny 
jzkop 
w 
g 
fgncy 
bm 
jbew 
czxt 
hxex 
qrtxe 
hzirp 
drggf 
w 
g 
a 
xr 
lt 
gew 
g 
r 
cn 
mprz 
jpslf 
g 
tgzw 
npu 
fzt 
g 
av 
c 
npu 
lqfdj 
av 
l 
g 
crqb 
qc 
af 
kluxn 
av 
crqb 
o 
crqb 
hwxyn 
jpslf 
nzp 
g 
i 
av 
k 
n 
iokf 
n 
tr 
sv 
qxg 
jzkop 
mgtyo 
jbew 
ioyuo 
drggf 
jbew 
aa 
kagk 
a 
xhwkl 
lqfdj 
ioyuo 
jbew 
r 
o 
hg 
g 
jbew 
cfflx 
iokf 
e 
g 
g 
g 
g 
hwxyn 
jbew 
npu 
g 
m 
xtuml 
ran 
rftd 
bf 
xr 
aw 
af 
k 
rpdb 
hg 
g 
zr 
hpe 
crqb 
ny 
emcle 
f 
itdfs 
rk 
hg 
w 
hwxyn 
kluxn 
d 
fgncy 
rpdb 
dihw 
kd 
tgzw 
qc 
wvyza 
nzp 
u 
e 
kd 
pjyo 
k 
hwxyn 
bm 
g 
fzt 
gt 
rpdb 
hpe 
r 
ny 
x 
hxex 
kd 
x 
ygt 
hxex 
npu 
x 
cppvx 
lo 
jzkop 
rftd 
g 
nzp 
cn 
k 
utqr 
iic 
g 
mgtyo 
sv 
rftd 
rywy 
qxg 
nzp 
hpe 
ran 
o 
tr 
g 
lo 
gew 
av 
npu 
rpdb 
tc 
rpdb 
gt 
joamu 
cfflx 
af 
ogl 
lt 
ygt 
xhwkl 
lo 
itdfs 
fgncy 
bm 
joamu 
iokf 
k 
zj 
t 
w 
q 
i 
utqr 
n 
bm 
xr 
av 
cn 
ygt 
mgtyo 
xr 
kd 
g 
utqr 
g 
zr 
mqtf 
a 
f 
e 
mprz 
wvyza 
aa 
xhwkl 
o 
thqvr 
boiq 
wvyza 
ran 
npu 
ckwa 
ogl 
nzp 
x 
czxt 
mgtyo 
iic 
gt 
x 
l 
m 
zr 
rywy 
ran 
pjyo 
g 
rk 
mgtyo 
bm 
g 
e 
cn 
joamu 
sv 
tr 
itdfs 
crqb 
itdfs 
jbew 
g 
czxt 
d 
wsuz 
dihw 
xtuml 
g 
rlzlj 
hzirp 
mqtf 
af 
iic 
e 
ogl 
qc 
hzirp 
g 
av 
d 
tc 
hpe 
qbtri 
qc 
w 
g 
hzirp 
g 
rlzlj 
g 
lcz 
rywy 
xhwkl 
rywy 
u 
g 
lt 
r 
av 
cfflx 
mprz 
foo 
g 
ran 
tgzw 
ioyuo 
mprz 
g 
aiu 
w 
xhwkl 
zj 
qhh 
qrtxe 
mprz 
w 
rgcuo 
g 
jcg 
g 
a 
g 
nzp 
hwxyn 
emcle 
g 
dihw 
kagk 
mqtf 
czxt 
zr 
npu 
c 
qc 
jpslf 
wsuz 
ny 
tkhzg 
g 
qc 
o 
rgcuo 
m 
ioyuo 
gt 
n 
sv 
fzt 
drggf 
iic 
tgzw 
g 
bm 
nzp 
tc 
crqb 
fzt 
pjyo 
w 
tr 
g 
mqtf 
nzp 
jcg 
ckwa 
rftd 
kluxn 
crqb 
g 
g 
rftd 
lqfdj 
rpdb 
rlzlj 
cfflx 
emcle 
gew 
hpe 
o 
ogl 
czxt 
af 
c 
lcz 
g 
kd 
g 
joamu 
g 
qbtri 
rk 
aa 
e 
czxt 
lo 
tgzw 
rk 
g 
g 
cppvx 
g 
qrtxe 
utqr 
ckwa 
x 
thqvr 
fzt 
hwxyn 
jcg 
emcle 
aiu 
dihw 
fgncy 
qxg 
itdfs 
g 
ogl 
wsuz 
ckwa 
g 
g 
d 
g 
rlzlj 
gt 
g 
npu 
n 
e 
czxt 
h 
u 
w 
kagk 
joamu 
g 
fgncy 
crqb 
rk 
fgncy 
r 
g 
g 
aiu 
n 
n 
i 
mgtyo 
rgcuo 
juas 
iic 
af 
foo 
rftd 
lcz 
e 
rftd 
gt 
zr 
cfflx 
aa 
emcle 
wvyza 
juas 
npu 
g 
ygt 
hpe 
e 
hpe 
h 
pjyo 
g 
tgzw 
w 
e 
mgtyo 
d 
jbew 
tc 
aa 
g 
rlzlj 
fgncy 
g 
l 
sv 
k 
cfflx 
qbtri 
zr 
u 
yr 
af 
gt 
lcz 
g 
itdfs 
rlzlj 
cfflx 
crqb 
xtsc 
ioyuo 
jbew 
bm 
o 
thqvr 
sv 
nzp 
itdfs 
xtsc 
hwxyn 
jpslf 
emcle 
hpe 
rywy 
rgcuo 
fzt 
bm 
boiq 
npu 
i 
wsuz 
zr 
u 
iokf 
c 
k 
rywy 
g 
crqb 
pjyo 
ny 
hpe 
kluxn 
n 
mprz 
gt 
u 
drggf 
g 
qbtri 
itdfs 
g 
c 
af 
jpslf 
ogl 
qbtri 
mprz 
c 
hxex 
av 
rpdb 
boiq 
rpdb 
lcz 
tr 
jpslf 
q 
xtsc 
rgcuo 
lo 
cn 
thqvr 
emcle 
k 
tr 
g 
g 
xtuml 
g 
hwxyn 
af 
qxg 
rywy 
l 
kluxn 
qxg 
qhh 
qxg 
n 
k 
qbtri 
hg 
xtsc 
e 
thqvr 
sv 
itdfs 
aw 
rywy 
itdfs 
cn 
g 
czxt 
dihw 
n 
aw 
jpslf 
ran 
rftd 
xr 
w 
drggf 
g 
iokf 
jpslf 
o 
g 
ygt 
tr 
cn 
ran 
npu 
m 
lcz 
kluxn 
hg 
npu 
rywy 
fgncy 
i 
xtsc 
czxt 
n 
rftd 
f 
tkhzg 
zj 
x 
thqvr 
lqfdj 
tc 
itdfs 
xtuml 
w 
xr 
bm 
lt 
wvyza 
qbtri 
jpslf 
lt 
yr 
g 
g 
g 
mgtyo 
cn 
nzp 
jbew 
rgcuo 
g 
g 
tgzw 
xtuml 
aiu 
joamu 
o 
xr 
gt 
xhwkl 
dihw 
aw 
u 
cn 
qc 
w 
juas 
l 
xhwkl 
g 
gt 
npu 
x 
ogl 
kluxn 
ran 
lcz 
qc 
thqvr 
hwxyn 
aw 
g 
pjyo 
kluxn 
tgzw 
o 
g 
tgzw 
ckwa 
d 
jpslf 
dihw 
aw 
rk 
cfflx 
g 
dihw 
joamu 
d 
ny 
joamu 
thqvr 
g 
fzt 
m 
xr 
x 
rpdb 
emcle 
g 
q 
rlzlj 
qhh 
g 
aw 
czxt 
qrtxe 
cfflx 
kluxn 
joamu 
rftd 
i 
boiq 
l 
g 
ogl 
aw 
cn 
cn 
mqtf 
iic 
cppvx 
g 
rgcuo 
g 
g 
g 
g 
wsuz 
f 
aa 
m 
cn 
npu 
e 
qxg 
xtuml 
q 
hzirp 
zr 
e 
g 
t 
rpdb 
qc 
xr 
i 
nzp 
hg 
wsuz 
zj 
mqtf 
zj 
qbtri 
yr 
czxt 
emcle 
utqr 
drggf 
ny 
kluxn 
tgzw 
ioyuo 
yr 
aiu 
lqfdj 
wsuz 
k 
g 
ran 
rpdb 
xhwkl 
gew 
g 
i 
bf 
qxg 
foo 
g 
h 
thqvr 
c 
ioyuo 
h 
qxg 
jpslf 
qrtxe 
iic 
m 
rftd 
qhh 
sv 
jzkop 
av 
npu 
rywy 
joamu 
n 
thqvr 
rgcuo 
lqfdj 
cfflx 
hg 
lt 
kluxn 
rgcuo 
lt 
e 
e 
ckwa 
lcz 
h 
thqvr 
fgncy 
g 
jcg 
aiu 
xr 
l 
sv 
wsuz 
jbew 
mgtyo 
czxt 
g 
jpslf 
bf 
juas 
g 
h 
juas 
ioyuo 
h 
emcle 
c 
m 
aa 
o 
tkhzg 
x 
bm 
jpslf 
jpslf 
n 
ran 
lo 
drggf 
g 
xhwkl 
av 
hwxyn 
nzp 
yr 
qxg 
f 
t 
rpdb 
fgncy 
ckwa 
iokf 
jbew 
rgcuo 
tr 
joamu 
rlzlj 
g 
bf 
bm 
mqtf 
cppvx 
g 
lt 
nzp 
hpe 
tr 
iic 
g 
hpe 
emcle 
aa 
bm 
x 
c 
d 
tgzw 
a 
gt 
l 
q 
ckwa 
nzp 
m 
g 
jpslf 
qc 
drggf 
xr 
r 
e 
mgtyo 
mqtf 
tgzw 
g 
g 
thqvr 
xhwkl 
dihw 
bf 
jzkop 
g 
hxex 
l 
hwxyn 
bm 
e 
ny 
g 
cfflx 
g 
g 
thqvr 
qxg 
g 
jpslf 
r 
bf 
juas 
foo 
tkhzg 
av 
jbew 
tgzw 
qc 
av 
drggf 
nzp 
u 
ygt 
xtsc 
t 
yr 
d 
qc 
utqr 
kagk 
dihw 
wvyza 
qbtri 
fzt 
av 
hzirp 
n 
kd 
aw 
rywy 
w 
dihw 
wvyza 
tc 
cppvx 
hg 
g 
l 
rk 
cfflx 
l 
h 
cppvx 
ckwa 
qhh 
lqfdj 
lcz 
lcz 
f 
bf 
jcg 
cppvx 
itdfs 
nzp 
hzirp 
lo 
x 
mgtyo 
rftd 
rftd 
k 
wsuz 
ny 
iokf 
hzirp 
gew 
g 
fgncy 
rpdb 
gt 
cn 
lqfdj 
rlzlj 
t 
g 
k 
g 
gew 
thqvr 
jpslf 
f 
gt 
m 
hg 
czxt 
rpdb 
g 
lo 
g 
h 
wsuz 
wsuz 
jcg 
zj 
q 
t 
jzkop 
rftd 
l 
rywy 
g 
tgzw 
n 
qxg 
qxg 
q 
foo 
cn 
tc 
emcle 
zj 
n 
lqfdj 
qrtxe 
fgncy 
g 
g 
wvyza 
emcle 
mgtyo 
d 
ran 
qbtri 
t 
qc 
dihw 
hwxyn 
ygt 
f 
tkhzg 
jpslf 
av 
tkhzg 
g 
joamu 
tkhzg 
fgncy 
juas 
rk 
boiq 
lt 
crqb 
d 
h 
joamu 
bf 
iokf 
ogl 
lqfdj 
jcg 
joamu 
boiq 
fgncy 
cfflx 
hzirp 
kluxn 
emcle 
fzt 
rftd 
d 
emcle 
qc 
qhh 
czxt 
fgncy 
q 
mprz 
g 
g 
boiq 
jzkop 
d 
zr 
lt 
av 
mgtyo 
m 
rywy 
o 
qbtri 
m 
zr 
d 
g 
juas 
tc 
g 
g 
g 
g 
nzp 
mqtf 
zr 
u 
qrtxe 
hwxyn 
ygt 
zj 
g 
tkhzg 
juas 
gt 
juas 
rftd 
ygt 
cn 
u 
qxg 
m 
crqb 
g 
rlzlj 
crqb 
cfflx 
gt 
itdfs 
t 
nzp 
fgncy 
zj 
itdfs 
av 
fgncy 
x 
fzt 
rywy 
thqvr 
av 
zj 
cn 
gew 
xhwkl 
i 
g 
kluxn 
ogl 
g 
xr 
g 
jzkop 
hwxyn 
juas 
npu 
jpslf 
wvyza 
q 
tgzw 
mqtf 
rywy 
lt 
d 
hg 
iokf 
hpe 
a 
gew 
qc 
o 
g 
joamu 
lcz 
rftd 
o 
gt 
cfflx 
kluxn 
itdfs 
lqfdj 
m 
g 
foo 
ran 
qrtxe 
mqtf 
itdfs 
fzt 
lqfdj 
qrtxe 
czxt 
f 
n 
utqr 
h 
kagk 
q 
nzp 
xtuml 
g 
ygt 
ran 
g 
q 
lt 
lo 
k 
af 
n 
yr 
xhwkl 
rftd 
kd 
wvyza 
ogl 
g 
wvyza 
crqb 
lo 
hg 
xtuml 
jpslf 
k 
ioyuo 
jpslf 
iokf 
dihw 
rpdb 
hzirp 
av 
itdfs 
emcle 
g 
cfflx 
xr 
g 
czxt 
zr 
u 
rk 
ny 
c 
i 
ckwa 
e 
zr 
emcle 
rk 
lt 
mprz 
fgncy 
pjyo 
cfflx 
hg 
thqvr 
tkhzg 
qbtri 
hg 
g 
joamu 
aw 
foo 
g 
lt 
xr 
iic 
qc 
mqtf 
kd 
kagk 
rpdb 
tr 
xtsc 
kagk 
g 
kluxn 
f 
czxt 
rk 
bm 
g 
ioyuo 
jzkop 
af 
rpdb 
jpslf 
aw 
n 
rywy 
rlzlj 
drggf 
juas 
g 
emcle 
ioyuo 
g 
cn 
aw 
g 
sv 
mqtf 
emcle 
g 
rftd 
bf 
npu 
cn 
lqfdj 
tkhzg 
mprz 
wsuz 
o 
lt 
bf 
g 
rywy 
wsuz 
g 
bf 
g 
ygt 
lo 
g 
u 
d 
rywy 
kd 
xr 
iic 
qhh 
czxt 
xtuml 
ran 
tr 
g 
kluxn 
czxt 
mqtf 
jcg 
ran 
ioyuo 
e 
lqfdj 
sv 
drggf 
m 
tkhzg 
f 
npu 
qxg 
hpe 
npu 
zj 
hg 
hg 
fgncy 
aw 
utqr 
mprz 
g 
emcle 
k 
ran 
f 
aa 
g 
yr 
thqvr 
mprz 
g 
kd 
ioyuo 
rftd 
m 
zr 
lqfdj 
kagk 
i 
wsuz 
rgcuo 
w 
av 
fzt 
emcle 
g 
tc 
n 
drggf 
l 
h 
bm 
thqvr 
mqtf 
xtsc 
rpdb 
g 
aa 
mgtyo 
m 
g 
qxg 
xtuml 
f 
jbew 
g 
g 
q 
a 
kagk 
lt 
rywy 
aiu 
rk 
ny 
u 
lo 
i 
cfflx 
aw 
a 
g 
o 
qxg 
tkhzg 
qhh 
h 
cn 
ogl 
lt 
g 
rgcuo 
hpe 
d 
xtuml 
ran 
tkhzg 
xr 
zj 
czxt 
sv 
npu 
g 
qc 
tkhzg 
mprz 
ogl 
tgzw 
aa 
lt 
h 
rftd 
lo 
lcz 
af 
q 
cppvx 
gt 
cn 
gt 
emcle 
lo 
iokf 
jbew 
aa 
lcz 
k 
aa 
hxex 
crqb 
tkhzg 
boiq 
qhh 
jcg 
g 
x 
bf 
emcle 
g 
d 
jzkop 
e 
hwxyn 
pjyo 
lt 
k 
g 
cfflx 
kagk 
xhwkl 
g 
emcle 
utqr 
aw 
zj 
fgncy 
ygt 
mqtf 
tgzw 
wsuz 
d 
xtsc 
w 
gt 
aa 
rgcuo 
rywy 
k 
ogl 
e 
mprz 
g 
g 
ckwa 
kluxn 
mgtyo 
rk 
iic 
h 
cn 
xr 
emcle 
xtsc 
lqfdj 
kagk 
lt 
lt 
boiq 
g 
o 
thqvr 
iic 
nzp 
m 
hzirp 
tc 
g 
t 
tr 
joamu 
kd 
g 
hzirp 
dihw 
itdfs 
f 
t 
u 
w 
hzirp 
o 
qrtxe 
g 
yr 
bf 
zj 
rk 
rlzlj 
juas 
iic 
rpdb 
tkhzg 
r 
rk 
wsuz 
lt 
mgtyo 
q 
mprz 
mgtyo 
ygt 
ogl 
ioyuo 
xtsc 
gew 
g 
h 
bm 
crqb 
ckwa 
yr 
itdfs 
qxg 
bm 
tgzw 
xtsc 
qxg 
g 
g 
aa 
g 
juas 
ygt 
foo 
joamu 
iic 
tkhzg 
tgzw 
juas 
rftd 
bm 
cn 
wsuz 
rgcuo 
mprz 
m 
d 
aa 
hwxyn 
pjyo 
yr 
g 
thqvr 
h 
thqvr 
hzirp 
ckwa 
qc 
czxt 
lt 
iic 
g 
qc 
i 
qc 
emcle 
g 
dihw 
i 
foo 
m 
lo 
xtsc 
boiq 
e 
wvyza 
tr 
g 
rlzlj 
boiq 
aa 
hxex 
bf 
itdfs 
tgzw 
boiq 
g 
dihw 
o 
g 
tc 
g 
av 
l 
ckwa 
f 
r 
r 
g 
d 
g 
d 
n 
lqfdj 
aa 
cppvx 
tkhzg 
hwxyn 
g 
tkhzg 
hzirp 
mqtf 
iic 
itdfs 
ygt 
q 
gt 
k 
fgncy 
jzkop 
o 
o 
g 
hpe 
lqfdj 
qc 
fzt 
g 
dihw 
nzp 
tkhzg 
l 
rywy 
gt 
u 
rywy 
qhh 
u 
tr 
xtsc 
kd 
qbtri 
ioyuo 
l 
l 
cn 
hwxyn 
xr 
cppvx 
itdfs 
gt 
g 
aa 
juas 
tkhzg 
thqvr 
wvyza 
rk 
emcle 
hxex 
g 
ogl 
w 
rftd 
a 
foo 
w 
w 
jpslf 
npu 
aa 
qxg 
gt 
aw 
rftd 
fzt 
ioyuo 
m 
hwxyn 
cn 
ran 
af 
rftd 
lt 
aa 
boiq 
ny 
cfflx 
mqtf 
ogl 
w 
g 
utqr 
aiu 
q 
yr 
qbtri 
sv 
utqr 
av 
gew 
rpdb 
g 
rpdb 
q 
cfflx 
rywy 
fzt 
lo 
hxex 
kagk 
q 
zj 
aw 
hxex 
qrtxe 
npu 
tkhzg 
rpdb 
kd 
qbtri 
dihw 
cn 
t 
o 
l 
x 
gew 
g 
r 
jcg 
dihw 
x 
qbtri 
kluxn 
zr 
g 
g 
n 
cn 
iokf 
utqr 
pjyo 
ygt 
g 
lt 
g 
hpe 
bm 
e 
g 
drggf 
g 
hzirp 
thqvr 
g 
lo 
foo 
jcg 
bm 
lcz 
af 
g 
jpslf 
g 
kagk 
lcz 
fgncy 
yr 
kd 
jcg 
g 
crqb 
o 
jcg 
rlzlj 
dihw 
g 
jcg 
gt 
jbew 
pjyo 
kd 
drggf 
rk 
rlzlj 
yr 
fgncy 
av 
xr 
foo 
zj 
xr 
m 
g 
aa 
lqfdj 
g 
sv 
tkhzg 
foo 
gew 
mgtyo 
jpslf 
hzirp 
aa 
sv 
rftd 
lo 
lcz 
bm 
ran 
joamu 
q 
foo 
mgtyo 
lqfdj 
dihw 
lcz 
h 
qxg 
rpdb 
cppvx 
mprz 
m 
x 
tc 
f 
yr 
itdfs 
dihw 
g 
g 
itdfs 
cfflx 
sv 
bm 
ny 
xtuml 
rywy 
g 
g 
tgzw 
iokf 
utqr 
jpslf 
af 
k 
yr 
lt 
bf 
cn 
crqb 
lcz 
qrtxe 
rgcuo 
zr 
drggf 
f 
hzirp 
dihw 
iokf 
sv 
q 
tc 
fgncy 
ygt 
d 
jbew 
ckwa 
yr 
iokf 
h 
emcle 
jbew 
tr 
i 
lt 
jbew 
lqfdj 
tc 
aa 
mprz 
tkhzg 
cppvx 
g 
rywy 
fzt 
ogl 
emcle 
czxt 
g 
fgncy 
yr 
ran 
crqb 
c 
xtsc 
m 
lcz 
gt 
w 
hpe 
jpslf 
tgzw 
rgcuo 
wvyza 
wsuz 
w 
g 
n 
g 
emcle 
cppvx 
g 
aiu 
qc 
lcz 
emcle 
q 
mgtyo 
r 
g 
lqfdj 
juas 
xtuml 
rk 
g 
g 
g 
itdfs 
d 
q 
r 
rpdb 
d 
xtuml 
jzkop 
aa 
hzirp 
dihw 
crqb 
hwxyn 
aiu 
drggf 
rpdb 
g 
itdfs 
x 
o 
iic 
mqtf 
lqfdj 
g 
rftd 
r 
ioyuo 
emcle 
cn 
g 
t 
c 
xhwkl 
o 
aw 
drggf 
e 
aiu 
yr 
g 
d 
tkhzg 
g 
g 
thqvr 
ran 
qhh 
f 
g 
g 
lcz 
ogl 
aiu 
xr 
i 
ran 
tgzw 
xtsc 
xhwkl 
av 
q 
boiq 
lqfdj 
g 
f 
m 
cn 
av 
lo 
zj 
yr 
npu 
ran 
iic 
g 
nzp 
rftd 
d 
g 
sv 
g 
hpe 
dihw 
dihw 
f 
cn 
l 
o 
u 
ygt 
lcz 
nzp 
qbtri 
k 
ckwa 
czxt 
foo 
r 
a 
cfflx 
kagk 
lt 
drggf 
aa 
ny 
av 
lo 
iokf 
kluxn 
c 
nzp 
zr 
iokf 
drggf 
mgtyo 
jzkop 
ckwa 
fgncy 
dihw 
rpdb 
cppvx 
nzp 
u 
mgtyo 
o 
d 
rftd 
qrtxe 
ran 
g 
jpslf 
rlzlj 
lcz 
mgtyo 
ogl 
r 
qbtri 
kd 
u 
iokf 
rlzlj 
g 
xtuml 
t 
k 
g 
o 
aiu 
ran 
jbew 
k 
gt 
cn 
czxt 
o 
h 
aw 
rftd 
aa 
rpdb 
g 
xtsc 
bm 
i 
rpdb 
av 
rgcuo 
wsuz 
xr 
qxg 
xtuml 
gt 
g 
jbew 
zr 
g 
g 
g 
hpe 
jbew 
g 
q 
hg 
o 
h 
g 
juas 
gew 
n 
k 
yr 
tkhzg 
kluxn 
drggf 
qhh 
fgncy 
rk 
kluxn 
rk 
aiu 
g 
xhwkl 
av 
mprz 
av 
g 
mqtf 
hpe 
g 
qrtxe 
o 
thqvr 
x 
g 
kagk 
e 
f 
jzkop 
fgncy 
qxg 
emcle 
n 
rpdb 
fgncy 
o 
g 
a 
c 
dihw 
nzp 
w 
tkhzg 
g 
sv 
qhh 
npu 
ckwa 
emcle 
g 
tr 
m 
juas 
qxg 
ogl 
hg 
npu 
cn 
rk 
x 
joamu 
af 
fzt 
n 
xhwkl 
qrtxe 
k 
af 
iokf 
av 
lqfdj 
xtsc 
hxex 
rlzlj 
xr 
tkhzg 
xtsc 
qrtxe 
foo 
r 
rlzlj 
x 
rftd 
g 
