foo 
zj 
jzkop 
c 
dihw 
c 
hwxyn 
tc 
ny 
qhh 
zj 
l 
qrtxe 
bm 
aiu 
aiu 
c 
jpslf 
qxg 
lo 
l 
xhwkl 
jpslf 
jpslf 
mprz 
kagk 
rftd 
jpslf 
mgtyo 
g 
n 
qxg 
aw 
ioyuo 
tkhzg 
juas 
gew 
i 
d 
jpslf 
czxt 
o 
rlzlj 
qbtri 
boiq 
jpslf 
qbtri 
rlzlj 
bf 
aiu 
l 
utqr 
yr 
iokf 
jpslf 
jpslf 
c 
g 
boiq 
fgncy 
pjyo 
hzirp 
m 
kluxn 
sv 
xhwkl 
ygt 
boiq 
qbtri 
jzkop 
hwxyn 
jpslf 
hpe 
tc 
lo 
k 
h 
af 
qhh 
utqr 
sv 
ygt 
nzp 
q 
k 
rpdb 
aw 
mprz 
foo 
xtuml 
rywy 
xhwkl 
qxg 
fgncy 
npu 
fgncy 
kd 
jpslf 
x 
jpslf 
o 
utqr 
jpslf 
rftd 
c 
aiu 
thqvr 
cfflx 
ygt 
ny 
n 
gt 
npu 
hpe 
af 
k 
fzt 
cn 
jpslf 
lt 
rpdb 
joamu 
thqvr 
lo 
u 
qxg 
fgncy 
drggf 
af 
lo 
qrtxe 
gt 
jpslf 
iic 
mqtf 
hwxyn 
rpdb 
fzt 
ny 
qxg 
wvyza 
mqtf 
t 
ran 
hwxyn 
iic 
rlzlj 
w 
l 
jpslf 
foo 
lqfdj 
ckwa 
mqtf 
jpslf 
gt 
jpslf 
hzirp 
tkhzg 
tgzw 
itdfs 
jpslf 
qbtri 
tc 
mqtf 
tgzw 
itdfs 
g 
d 
t 
nzp 
qrtxe 
aiu 
nzp 
lo 
rywy 
rgcuo 
zj 
lo 
kd 
emcle 
u 
kluxn 
bf 
joamu 
xtsc 
x 
wvyza 
xhwkl 
qc 
l 
x 
i 
kagk 
tgzw 
gew 
q 
iic 
jpslf 
tgzw 
tgzw 
qc 
af 
tkhzg 
zj 
qxg 
foo 
hwxyn 
n 
wsuz 
iic 
rpdb 
jpslf 
qbtri 
jpslf 
jzkop 
jpslf 
gt 
lt 
aiu 
crqb 
aa 
jpslf 
kagk 
bf 
w 
e 
qhh 
l 
ioyuo 
qc 
c 
juas 
w 
fzt 
jpslf 
e 
aw 
l 
zr 
e 
qhh 
jpslf 
qc 
pjyo 
yr 
jpslf 
jpslf 
tc 
tc 
iic 
crqb 
utqr 
rpdb 
x 
tc 
qrtxe 
thqvr 
lt 
thqvr 
f 
iokf 
zj 
t 
l 
q 
juas 
yr 
jpslf 
jpslf 
jpslf 
jpslf 
jpslf 
ygt 
kagk 
gt 
f 
d 
foo 
rftd 
qc 
hzirp 
qrtxe 
boiq 
bm 
cfflx 
fzt 
rftd 
iic 
rgcuo 
av 
boiq 
mgtyo 
m 
rgcuo 
foo 
a 
xhwkl 
rftd 
rgcuo 
fzt 
qhh 
rftd 
bm 
thqvr 
ygt 
itdfs 
r 
hg 
jpslf 
n 
t 
jcg 
xr 
qc 
rlzlj 
itdfs 
n 
d 
lo 
yr 
jpslf 
sv 
g 
tr 
tgzw 
rlzlj 
itdfs 
jpslf 
x 
rywy 
ran 
mgtyo 
nzp 
juas 
g 
lcz 
rgcuo 
i 
iic 
ogl 
ygt 
foo 
pjyo 
sv 
qhh 
jpslf 
rftd 
xr 
czxt 
thqvr 
yr 
rywy 
d 
g 
hpe 
zr 
xr 
rywy 
jpslf 
jpslf 
n 
lqfdj 
foo 
ogl 
mqtf 
jpslf 
tc 
jpslf 
af 
cn 
aiu 
af 
lt 
n 
jcg 
rywy 
h 
jzkop 
xtsc 
jzkop 
jbew 
jpslf 
jpslf 
k 
q 
e 
crqb 
iic 
iokf 
xr 
kluxn 
pjyo 
jpslf 
crqb 
nzp 
rk 
yr 
jpslf 
ny 
ioyuo 
jpslf 
qxg 
jpslf 
cn 
f 
gt 
crqb 
rpdb 
mprz 
rftd 
hpe 
jpslf 
lcz 
hpe 
jpslf 
tgzw 
af 
hzirp 
hpe 
wvyza 
jzkop 
tkhzg 
kagk 
xr 
cn 
rftd 
l 
jpslf 
f 
jpslf 
tkhzg 
dihw 
xtsc 
mqtf 
zr 
aa 
lo 
tgzw 
cppvx 
jpslf 
jpslf 
rftd 
xhwkl 
w 
foo 
emcle 
pjyo 
jpslf 
kd 
sv 
bf 
xtsc 
lo 
w 
w 
juas 
a 
xr 
jcg 
foo 
iokf 
emcle 
kagk 
utqr 
cn 
tr 
jbew 
jpslf 
jpslf 
hpe 
lo 
emcle 
rpdb 
u 
lcz 
crqb 
jpslf 
boiq 
jpslf 
rlzlj 
tr 
mqtf 
npu 
itdfs 
nzp 
nzp 
mprz 
hpe 
rk 
c 
itdfs 
ny 
x 
cfflx 
mgtyo 
iokf 
juas 
tgzw 
av 
juas 
u 
boiq 
tgzw 
foo 
ioyuo 
zr 
bf 
ioyuo 
qxg 
joamu 
hwxyn 
w 
jpslf 
ogl 
czxt 
ygt 
wvyza 
sv 
wsuz 
jpslf 
jpslf 
a 
crqb 
juas 
wvyza 
lo 
h 
kluxn 
czxt 
t 
jzkop 
npu 
u 
qxg 
ygt 
cfflx 
kluxn 
rpdb 
c 
hpe 
jzkop 
jpslf 
jpslf 
tr 
hpe 
sv 
u 
dihw 
jcg 
thqvr 
jzkop 
utqr 
lo 
h 
ygt 
k 
bf 
wsuz 
r 
c 
yr 
mqtf 
m 
iokf 
drggf 
r 
lt 
itdfs 
boiq 
ygt 
nzp 
q 
jpslf 
rk 
jcg 
hxex 
wsuz 
jpslf 
bf 
gew 
lt 
juas 
lo 
hzirp 
n 
aa 
jpslf 
q 
rpdb 
dihw 
tgzw 
xtuml 
w 
drggf 
wvyza 
af 
qxg 
xhwkl 
rywy 
w 
aw 
x 
zr 
a 
sv 
utqr 
pjyo 
zr 
foo 
thqvr 
rftd 
cn 
u 
kagk 
itdfs 
pjyo 
cfflx 
jpslf 
jpslf 
jpslf 
e 
xhwkl 
ny 
jpslf 
pjyo 
jpslf 
aiu 
jpslf 
boiq 
mqtf 
npu 
av 
mqtf 
qc 
gt 
sv 
jpslf 
foo 
bf 
lcz 
jpslf 
thqvr 
crqb 
wvyza 
jpslf 
yr 
t 
aiu 
hpe 
xhwkl 
g 
fgncy 
foo 
qhh 
rftd 
lcz 
a 
ioyuo 
rgcuo 
a 
sv 
cfflx 
kd 
czxt 
xtuml 
bm 
k 
jzkop 
xhwkl 
ny 
aw 
t 
pjyo 
zr 
rpdb 
gt 
d 
fgncy 
gt 
rgcuo 
ioyuo 
hxex 
jpslf 
u 
x 
fgncy 
hzirp 
hg 
l 
qbtri 
dihw 
wvyza 
n 
rlzlj 
npu 
zj 
iokf 
npu 
tkhzg 
kagk 
cn 
zj 
aw 
boiq 
wvyza 
tc 
joamu 
joamu 
gew 
npu 
aa 
xhwkl 
lo 
kluxn 
xtuml 
xtsc 
ogl 
jpslf 
ckwa 
jcg 
tkhzg 
w 
gew 
hpe 
joamu 
wsuz 
cfflx 
af 
jpslf 
boiq 
aa 
yr 
lcz 
jpslf 
xr 
ygt 
fgncy 
sv 
boiq 
jpslf 
r 
yr 
i 
jpslf 
pjyo 
jpslf 
rftd 
tr 
qxg 
kluxn 
c 
jpslf 
jpslf 
l 
qrtxe 
m 
jpslf 
rftd 
zr 
k 
fgncy 
ygt 
nzp 
n 
aiu 
jzkop 
qrtxe 
jpslf 
crqb 
jpslf 
cppvx 
k 
rlzlj 
wvyza 
rk 
hxex 
xtsc 
x 
af 
tc 
c 
xtuml 
rftd 
aw 
tc 
mprz 
av 
w 
r 
hpe 
o 
rywy 
af 
jzkop 
t 
hwxyn 
hpe 
boiq 
zj 
w 
jpslf 
jpslf 
xhwkl 
rftd 
jbew 
jzkop 
gew 
kagk 
aw 
mgtyo 
d 
w 
cn 
jpslf 
n 
m 
jpslf 
ogl 
bm 
ioyuo 
o 
lo 
nzp 
tr 
jbew 
aa 
ioyuo 
nzp 
jpslf 
npu 
gew 
lqfdj 
jzkop 
wvyza 
a 
sv 
t 
czxt 
mprz 
jbew 
zr 
aw 
jpslf 
iic 
x 
g 
npu 
mprz 
hxex 
czxt 
jpslf 
fgncy 
gt 
o 
ygt 
iokf 
cppvx 
jpslf 
gt 
pjyo 
i 
lqfdj 
bf 
gt 
qrtxe 
hg 
t 
xhwkl 
jpslf 
rk 
kd 
hpe 
jpslf 
t 
czxt 
ygt 
bm 
tr 
itdfs 
bm 
xhwkl 
yr 
qbtri 
r 
qxg 
itdfs 
jcg 
tr 
f 
jpslf 
mqtf 
l 
dihw 
hwxyn 
juas 
nzp 
q 
xtsc 
t 
xtsc 
ioyuo 
rftd 
hwxyn 
nzp 
rlzlj 
jpslf 
cppvx 
jbew 
jzkop 
utqr 
jzkop 
bm 
pjyo 
jpslf 
wvyza 
w 
rgcuo 
dihw 
jpslf 
crqb 
npu 
wvyza 
utqr 
rftd 
ioyuo 
u 
bm 
qbtri 
aw 
u 
rk 
ygt 
jpslf 
wvyza 
ygt 
itdfs 
u 
i 
jzkop 
t 
jpslf 
rgcuo 
xhwkl 
hpe 
af 
xtsc 
jpslf 
lo 
q 
rlzlj 
kd 
jcg 
w 
hwxyn 
jpslf 
thqvr 
jpslf 
ny 
jpslf 
k 
npu 
jbew 
q 
juas 
thqvr 
k 
n 
fgncy 
boiq 
tr 
jpslf 
e 
nzp 
juas 
jpslf 
n 
x 
kagk 
jpslf 
zr 
gt 
jpslf 
xhwkl 
kluxn 
jpslf 
ygt 
qxg 
ran 
aiu 
zj 
qxg 
jpslf 
jcg 
aw 
xtsc 
d 
zj 
fzt 
o 
qxg 
ioyuo 
nzp 
jpslf 
n 
jpslf 
jpslf 
dihw 
iokf 
jpslf 
e 
ioyuo 
zj 
cppvx 
hpe 
itdfs 
xtuml 
aw 
t 
tkhzg 
f 
k 
utqr 
hxex 
jpslf 
hxex 
crqb 
tr 
qbtri 
jpslf 
fgncy 
mgtyo 
i 
f 
itdfs 
cn 
o 
kluxn 
a 
bm 
npu 
n 
wvyza 
ckwa 
dihw 
aw 
tgzw 
hzirp 
qhh 
hg 
gt 
bf 
m 
wvyza 
cn 
cn 
av 
jpslf 
czxt 
o 
zr 
xtuml 
ran 
aa 
jpslf 
itdfs 
u 
qbtri 
itdfs 
q 
juas 
foo 
mgtyo 
zr 
h 
jpslf 
aw 
jpslf 
ygt 
jpslf 
n 
thqvr 
ckwa 
jpslf 
bm 
jpslf 
itdfs 
joamu 
boiq 
foo 
av 
x 
iokf 
ckwa 
wvyza 
h 
jpslf 
jpslf 
n 
tgzw 
d 
boiq 
jpslf 
aw 
wvyza 
hg 
hzirp 
l 
u 
tc 
ioyuo 
o 
zj 
ygt 
qc 
iokf 
xhwkl 
joamu 
w 
ny 
i 
l 
m 
rpdb 
jzkop 
boiq 
m 
boiq 
ran 
xhwkl 
kagk 
ran 
cn 
m 
lt 
boiq 
emcle 
rk 
r 
x 
n 
mgtyo 
gew 
iokf 
crqb 
n 
gt 
rywy 
wsuz 
w 
u 
mprz 
qrtxe 
crqb 
wsuz 
nzp 
cfflx 
sv 
hzirp 
jpslf 
itdfs 
juas 
crqb 
i 
x 
itdfs 
hwxyn 
hg 
czxt 
juas 
aiu 
l 
iokf 
qc 
jpslf 
cppvx 
xr 
jzkop 
ioyuo 
ny 
bm 
utqr 
jcg 
jpslf 
f 
f 
emcle 
drggf 
gt 
tc 
jpslf 
rk 
iokf 
i 
jpslf 
f 
x 
jpslf 
czxt 
tkhzg 
rlzlj 
af 
iic 
l 
mprz 
e 
a 
npu 
ckwa 
ygt 
af 
u 
iokf 
pjyo 
aa 
lcz 
jpslf 
kluxn 
rlzlj 
kagk 
itdfs 
juas 
ygt 
xtsc 
rpdb 
qxg 
hwxyn 
tc 
rftd 
aiu 
qxg 
aa 
jpslf 
xr 
cfflx 
ioyuo 
l 
xtuml 
lcz 
a 
hwxyn 
juas 
f 
jpslf 
f 
jpslf 
jpslf 
crqb 
hwxyn 
ygt 
h 
l 
bm 
qxg 
sv 
i 
gt 
ioyuo 
jpslf 
t 
kagk 
boiq 
rywy 
t 
qxg 
lcz 
tkhzg 
ny 
npu 
sv 
t 
xtsc 
emcle 
sv 
fzt 
rpdb 
jpslf 
cn 
joamu 
jpslf 
bf 
u 
f 
npu 
qc 
ny 
kagk 
xtuml 
wvyza 
k 
sv 
rftd 
zr 
jpslf 
jpslf 
ogl 
jpslf 
jpslf 
kluxn 
rftd 
jpslf 
sv 
boiq 
kluxn 
joamu 
qrtxe 
joamu 
jpslf 
qhh 
foo 
cppvx 
pjyo 
lqfdj 
o 
ran 
lo 
jpslf 
rgcuo 
o 
nzp 
ygt 
q 
jpslf 
k 
jcg 
jpslf 
thqvr 
rpdb 
ran 
iic 
nzp 
lqfdj 
aa 
ny 
iic 
hpe 
qbtri 
fzt 
rywy 
wvyza 
av 
t 
rlzlj 
zj 
iic 
qbtri 
qbtri 
jzkop 
hg 
lqfdj 
boiq 
ran 
joamu 
f 
lt 
kluxn 
xr 
tgzw 
xhwkl 
gew 
l 
jpslf 
utqr 
r 
xtuml 
zr 
jpslf 
dihw 
mqtf 
cn 
i 
utqr 
qhh 
ioyuo 
tkhzg 
rlzlj 
d 
jcg 
foo 
zj 
t 
xhwkl 
f 
utqr 
lqfdj 
cfflx 
jcg 
lo 
jbew 
cn 
joamu 
iic 
xtsc 
lt 
tkhzg 
l 
rywy 
jzkop 
mprz 
tgzw 
xr 
ogl 
ogl 
aiu 
jpslf 
lo 
czxt 
bm 
av 
rywy 
m 
rywy 
rk 
bf 
qrtxe 
kd 
hzirp 
aa 
qc 
zr 
zr 
h 
jzkop 
boiq 
jpslf 
rpdb 
mgtyo 
ogl 
qc 
iic 
d 
foo 
foo 
aiu 
rk 
qc 
dihw 
juas 
i 
qrtxe 
joamu 
ogl 
ny 
cn 
rlzlj 
rftd 
wsuz 
mqtf 
qbtri 
x 
boiq 
ran 
tgzw 
xhwkl 
ran 
jpslf 
ny 
qbtri 
e 
jpslf 
h 
aw 
utqr 
juas 
sv 
jpslf 
xr 
hpe 
foo 
hzirp 
npu 
qxg 
rywy 
jpslf 
jpslf 
rftd 
pjyo 
kagk 
aiu 
ckwa 
fzt 
lqfdj 
lcz 
hxex 
rpdb 
cfflx 
qrtxe 
lo 
gew 
wvyza 
cn 
jzkop 
ckwa 
jpslf 
bf 
af 
rlzlj 
g 
wvyza 
lcz 
o 
jpslf 
crqb 
av 
qc 
tc 
n 
jbew 
xr 
hg 
qc 
af 
aa 
ygt 
rpdb 
czxt 
jpslf 
gt 
rk 
xtsc 
crqb 
jbew 
lcz 
lo 
ny 
i 
joamu 
ny 
e 
mqtf 
lqfdj 
c 
ioyuo 
gew 
mgtyo 
cn 
mqtf 
emcle 
itdfs 
sv 
foo 
af 
qrtxe 
k 
iic 
qhh 
fgncy 
xtuml 
aiu 
i 
qbtri 
jbew 
rk 
jpslf 
emcle 
d 
kagk 
jpslf 
q 
jpslf 
o 
t 
tr 
aa 
i 
l 
jpslf 
itdfs 
xtuml 
ioyuo 
ogl 
fzt 
cppvx 
af 
u 
dihw 
jpslf 
mprz 
kagk 
joamu 
gt 
crqb 
joamu 
tkhzg 
rpdb 
t 
bf 
hg 
pjyo 
kd 
hg 
l 
jpslf 
hzirp 
jpslf 
jpslf 
ogl 
jpslf 
hg 
thqvr 
gt 
tgzw 
g 
lqfdj 
jpslf 
tkhzg 
hwxyn 
qbtri 
crqb 
foo 
ioyuo 
hpe 
rk 
jpslf 
fzt 
joamu 
av 
jzkop 
rk 
lt 
ran 
xhwkl 
tr 
u 
rlzlj 
sv 
utqr 
iic 
jzkop 
jpslf 
hzirp 
bf 
nzp 
x 
nzp 
kd 
cppvx 
aiu 
tkhzg 
lqfdj 
cn 
iic 
a 
lqfdj 
jpslf 
joamu 
itdfs 
i 
fgncy 
lqfdj 
pjyo 
zr 
bf 
qhh 
hg 
jpslf 
jpslf 
czxt 
rlzlj 
lcz 
zr 
av 
aiu 
n 
cppvx 
zr 
i 
jpslf 
mgtyo 
jpslf 
jcg 
i 
iokf 
lqfdj 
l 
xtsc 
rywy 
hpe 
jpslf 
rywy 
wsuz 
jbew 
jpslf 
jbew 
rlzlj 
rlzlj 
rlzlj 
thqvr 
aa 
jpslf 
wsuz 
kd 
i 
drggf 
qxg 
cn 
aw 
jpslf 
qbtri 
ioyuo 
bf 
jpslf 
ckwa 
w 
jpslf 
lt 
gt 
fzt 
tkhzg 
lqfdj 
k 
wsuz 
ygt 
nzp 
jpslf 
juas 
cfflx 
e 
lo 
thqvr 
thqvr 
mqtf 
juas 
rlzlj 
xhwkl 
rk 
jpslf 
a 
e 
crqb 
hxex 
lo 
n 
i 
bm 
ygt 
f 
jpslf 
juas 
g 
mqtf 
ny 
aa 
lqfdj 
w 
foo 
jbew 
f 
fzt 
fzt 
hwxyn 
wvyza 
jpslf 
lqfdj 
ygt 
x 
itdfs 
u 
drggf 
iic 
qc 
jpslf 
d 
zr 
jpslf 
jpslf 
jpslf 
rftd 
bm 
sv 
mgtyo 
k 
aiu 
l 
zr 
q 
foo 
iic 
gt 
iokf 
jpslf 
ygt 
m 
i 
cppvx 
cppvx 
c 
wvyza 
lqfdj 
r 
mqtf 
iic 
k 
wsuz 
k 
kd 
emcle 
ogl 
ckwa 
lo 
ny 
w 
h 
af 
hpe 
xtuml 
jpslf 
aiu 
pjyo 
cfflx 
czxt 
i 
czxt 
kd 
hxex 
qbtri 
sv 
o 
tkhzg 
jpslf 
r 
jpslf 
qc 
jpslf 
emcle 
jpslf 
mqtf 
bm 
ckwa 
sv 
dihw 
rlzlj 
tgzw 
l 
npu 
jzkop 
a 
lt 
jpslf 
joamu 
hg 
jpslf 
sv 
thqvr 
bf 
f 
thqvr 
r 
jpslf 
xtsc 
jpslf 
npu 
rgcuo 
d 
tr 
jpslf 
aa 
n 
hg 
nzp 
jpslf 
wvyza 
t 
mqtf 
jbew 
utqr 
jpslf 
aa 
tc 
tkhzg 
rk 
m 
jpslf 
mgtyo 
jpslf 
tkhzg 
jpslf 
crqb 
czxt 
ran 
af 
iokf 
aiu 
xr 
aiu 
i 
af 
c 
rk 
jbew 
ran 
n 
tgzw 
rftd 
cppvx 
fgncy 
ran 
wsuz 
qbtri 
hwxyn 
xr 
kluxn 
pjyo 
jpslf 
nzp 
qbtri 
af 
joamu 
lt 
jpslf 
hzirp 
xr 
ckwa 
nzp 
aa 
i 
zj 
itdfs 
xtuml 
gt 
cn 
qxg 
jzkop 
itdfs 
jpslf 
sv 
jpslf 
w 
lt 
x 
xhwkl 
bm 
boiq 
boiq 
qc 
cfflx 
af 
cfflx 
jpslf 
qrtxe 
jpslf 
af 
rftd 
cn 
rftd 
m 
jbew 
jpslf 
lqfdj 
mqtf 
emcle 
lqfdj 
tkhzg 
bm 
foo 
wsuz 
rk 
t 
hwxyn 
rk 
jpslf 
qxg 
f 
rywy 
i 
qc 
gew 
ygt 
lo 
x 
ny 
hg 
tc 
thqvr 
gt 
ioyuo 
ygt 
cppvx 
zr 
k 
kd 
xr 
ygt 
lqfdj 
xhwkl 
fzt 
hwxyn 
t 
ran 
kd 
cfflx 
lt 
g 
o 
hpe 
mqtf 
lcz 
c 
rgcuo 
kd 
d 
jpslf 
tr 
emcle 
gew 
jpslf 
xr 
n 
boiq 
foo 
tr 
jpslf 
itdfs 
pjyo 
jpslf 
utqr 
pjyo 
cppvx 
jpslf 
kluxn 
thqvr 
aiu 
drggf 
lqfdj 
jbew 
e 
sv 
l 
wvyza 
yr 
fzt 
k 
hxex 
kluxn 
jpslf 
l 
pjyo 
xr 
a 
czxt 
hzirp 
zr 
i 
ioyuo 
kagk 
zj 
czxt 
jpslf 
ygt 
aw 
jpslf 
jpslf 
nzp 
jpslf 
o 
bf 
ioyuo 
xhwkl 
mqtf 
qrtxe 
juas 
czxt 
npu 
jpslf 
rlzlj 
h 
cn 
gt 
iic 
av 
rk 
af 
rk 
qc 
x 
mqtf 
k 
yr 
bm 
drggf 
qbtri 
fzt 
mprz 
kd 
rlzlj 
tgzw 
ny 
emcle 
ran 
gew 
jpslf 
ogl 
k 
x 
ioyuo 
gew 
bm 
qhh 
jpslf 
jpslf 
thqvr 
w 
e 
ny 
iokf 
ny 
m 
jpslf 
xtsc 
gt 
rywy 
lo 
hxex 
gt 
hpe 
f 
mprz 
d 
jcg 
bf 
rlzlj 
ioyuo 
xtsc 
x 
rywy 
jpslf 
qhh 
kagk 
c 
qbtri 
n 
jpslf 
rpdb 
f 
d 
boiq 
rpdb 
f 
juas 
jpslf 
m 
foo 
tkhzg 
hpe 
kluxn 
qxg 
thqvr 
mqtf 
av 
jpslf 
npu 
jzkop 
a 
nzp 
rftd 
juas 
jpslf 
czxt 
crqb 
t 
jpslf 
q 
rywy 
mprz 
x 
mgtyo 
hg 
rywy 
xhwkl 
qxg 
jpslf 
x 
d 
i 
rpdb 
t 
hzirp 
juas 
xr 
ioyuo 
xtsc 
jpslf 
jbew 
av 
jbew 
pjyo 
kagk 
emcle 
mqtf 
rpdb 
npu 
qrtxe 
aw 
aiu 
gt 
u 
cn 
jpslf 
av 
gew 
lcz 
cfflx 
ny 
l 
cppvx 
q 
xr 
jpslf 
n 
jpslf 
h 
gt 
wvyza 
jpslf 
jpslf 
zj 
lqfdj 
wsuz 
kagk 
fgncy 
lqfdj 
lo 
gew 
jpslf 
tkhzg 
qrtxe 
foo 
xtuml 
d 
fgncy 
kagk 
d 
jpslf 
a 
r 
xtsc 
jpslf 
rftd 
xr 
i 
ny 
jpslf 
emcle 
hzirp 
hzirp 
hpe 
czxt 
czxt 
jpslf 
cppvx 
g 
mgtyo 
thqvr 
thqvr 
wsuz 
thqvr 
crqb 
wvyza 
juas 
npu 
npu 
qc 
itdfs 
mgtyo 
jzkop 
qbtri 
xhwkl 
xhwkl 
pjyo 
ckwa 
rgcuo 
npu 
wsuz 
jpslf 
n 
wvyza 
x 
k 
wvyza 
gt 
jbew 
t 
mprz 
aiu 
lcz 
o 
rk 
xr 
o 
q 
mqtf 
f 
boiq 
fgncy 
crqb 
pjyo 
bm 
lo 
zj 
jpslf 
kagk 
xtsc 
aiu 
hwxyn 
foo 
l 
bm 
jpslf 
xr 
aiu 
lo 
xhwkl 
jpslf 
bm 
c 
lo 
k 
gt 
u 
d 
rywy 
f 
jpslf 
rywy 
zj 
jpslf 
jzkop 
fzt 
cppvx 
utqr 
aiu 
thqvr 
foo 
cn 
jpslf 
jpslf 
rywy 
tr 
qhh 
q 
hwxyn 
mprz 
npu 
k 
pjyo 
ygt 
rywy 
qc 
i 
ny 
jpslf 
foo 
iokf 
jpslf 
af 
t 
dihw 
jpslf 
ogl 
aiu 
nzp 
jpslf 
q 
itdfs 
jpslf 
emcle 
joamu 
jpslf 
nzp 
jpslf 
n 
t 
i 
jpslf 
ogl 
rpdb 
lt 
jpslf 
itdfs 
thqvr 
nzp 
qxg 
cppvx 
jzkop 
bf 
o 
n 
wvyza 
ioyuo 
c 
wsuz 
jzkop 
foo 
rk 
w 
u 
lt 
drggf 
ran 
t 
bm 
jpslf 
cppvx 
ioyuo 
jpslf 
aa 
aiu 
pjyo 
w 
jpslf 
lqfdj 
jpslf 
mprz 
qbtri 
lt 
c 
d 
lo 
qhh 
fzt 
k 
aa 
aiu 
tc 
hpe 
jpslf 
fgncy 
hpe 
kluxn 
af 
rgcuo 
jpslf 
npu 
k 
thqvr 
drggf 
npu 
wsuz 
xtsc 
utqr 
boiq 
i 
jpslf 
qbtri 
boiq 
tr 
bf 
jpslf 
joamu 
drggf 
kd 
hwxyn 
thqvr 
cfflx 
czxt 
c 
czxt 
rywy 
o 
xtsc 
aiu 
ny 
c 
h 
jpslf 
xr 
tc 
xtsc 
r 
boiq 
foo 
czxt 
jpslf 
q 
gew 
jpslf 
hpe 
mprz 
joamu 
h 
c 
qxg 
wvyza 
ny 
foo 
tr 
ioyuo 
hg 
cppvx 
xtsc 
lcz 
gt 
xtuml 
n 
ran 
hwxyn 
drggf 
i 
t 
m 
kagk 
itdfs 
o 
jpslf 
qhh 
av 
jpslf 
jzkop 
juas 
q 
ygt 
jpslf 
tc 
af 
lo 
cfflx 
jpslf 
aw 
rk 
jpslf 
o 
hxex 
nzp 
lo 
o 
k 
ckwa 
hzirp 
ckwa 
pjyo 
aw 
jpslf 
jpslf 
boiq 
rlzlj 
kluxn 
ioyuo 
tr 
lt 
hwxyn 
hzirp 
wvyza 
g 
av 
jbew 
ran 
u 
mqtf 
rpdb 
qc 
jbew 
nzp 
ran 
zr 
kagk 
rlzlj 
a 
bf 
pjyo 
rpdb 
gt 
jpslf 
hzirp 
iic 
bm 
ioyuo 
hg 
ckwa 
d 
h 
jpslf 
lcz 
i 
av 
nzp 
bm 
pjyo 
w 
jpslf 
thqvr 
jpslf 
jpslf 
joamu 
jpslf 
hxex 
tr 
a 
aa 
hg 
jzkop 
cfflx 
lcz 
itdfs 
jzkop 
jpslf 
emcle 
rpdb 
jpslf 
ckwa 
i 
thqvr 
zj 
utqr 
mqtf 
jpslf 
utqr 
joamu 
xtuml 
x 
jpslf 
tkhzg 
rywy 
i 
ygt 
f 
sv 
pjyo 
jpslf 
jpslf 
qrtxe 
aa 
hxex 
h 
rgcuo 
qxg 
nzp 
rftd 
e 
boiq 
ioyuo 
fzt 
cfflx 
ioyuo 
qxg 
cn 
xtuml 
cppvx 
nzp 
mprz 
zj 
wsuz 
qxg 
g 
nzp 
czxt 
xtsc 
aiu 
tc 
ny 
hpe 
w 
bf 
h 
joamu 
czxt 
itdfs 
aiu 
av 
f 
iokf 
zj 
xtuml 
mgtyo 
itdfs 
jzkop 
fgncy 
npu 
drggf 
dihw 
a 
jpslf 
jpslf 
r 
jpslf 
zr 
rftd 
wsuz 
qbtri 
jpslf 
jpslf 
n 
nzp 
cppvx 
juas 
d 
l 
xtsc 
aiu 
foo 
aa 
h 
qbtri 
foo 
k 
af 
jpslf 
rywy 
cn 
fzt 
npu 
rk 
g 
qrtxe 
pjyo 
jpslf 
gew 
l 
gt 
l 
jpslf 
ogl 
cppvx 
jpslf 
dihw 
tkhzg 
kluxn 
wvyza 
mprz 
qhh 
ran 
ygt 
cn 
o 
i 
boiq 
lt 
i 
rgcuo 
o 
w 
jpslf 
czxt 
xhwkl 
hzirp 
iokf 
utqr 
lo 
qc 
ran 
w 
jpslf 
fgncy 
jcg 
af 
foo 
jpslf 
sv 
mgtyo 
rywy 
rk 
jpslf 
mprz 
gt 
g 
jpslf 
cn 
rpdb 
gt 
itdfs 
cn 
fzt 
jpslf 
npu 
thqvr 
l 
qrtxe 
cn 
npu 
lt 
npu 
ckwa 
rk 
lqfdj 
jpslf 
qhh 
cn 
i 
pjyo 
drggf 
pjyo 
e 
iic 
bm 
o 
qbtri 
hzirp 
zr 
ran 
hzirp 
wsuz 
juas 
fgncy 
u 
itdfs 
zr 
hzirp 
sv 
lt 
kagk 
jpslf 
hzirp 
ygt 
drggf 
q 
jpslf 
jpslf 
jpslf 
jpslf 
ckwa 
hzirp 
gt 
jpslf 
a 
wvyza 
ny 
jzkop 
jbew 
jcg 
x 
l 
i 
boiq 
kagk 
jpslf 
n 
kluxn 
npu 
rgcuo 
aiu 
bf 
k 
zj 
kagk 
w 
ckwa 
qrtxe 
f 
czxt 
boiq 
tr 
rftd 
mprz 
thqvr 
kd 
lqfdj 
yr 
q 
rftd 
gew 
i 
ckwa 
xhwkl 
jpslf 
g 
ioyuo 
boiq 
kluxn 
sv 
rgcuo 
joamu 
utqr 
rftd 
joamu 
hxex 
utqr 
gt 
joamu 
t 
m 
o 
jzkop 
jpslf 
lqfdj 
mgtyo 
i 
av 
d 
jpslf 
qbtri 
iic 
jzkop 
crqb 
bm 
lqfdj 
kluxn 
ny 
lt 
e 
jpslf 
m 
foo 
cn 
gt 
boiq 
hg 
boiq 
ioyuo 
c 
ygt 
l 
hwxyn 
af 
hxex 
u 
m 
k 
czxt 
xhwkl 
c 
drggf 
i 
lcz 
cfflx 
w 
aw 
qhh 
av 
pjyo 
xhwkl 
jcg 
cn 
mgtyo 
hxex 
qbtri 
jcg 
rftd 
jpslf 
av 
jpslf 
n 
nzp 
fgncy 
bf 
q 
rywy 
kd 
wsuz 
u 
lt 
emcle 
cppvx 
kd 
ny 
gt 
xtsc 
hwxyn 
lqfdj 
joamu 
iokf 
qbtri 
d 
ioyuo 
joamu 
fzt 
a 
n 
crqb 
ny 
gew 
jpslf 
zj 
qbtri 
xhwkl 
jpslf 
q 
mgtyo 
c 
iic 
e 
k 
npu 
k 
hzirp 
jpslf 
iokf 
f 
r 
tr 
wvyza 
jpslf 
hpe 
qc 
nzp 
l 
d 
q 
hwxyn 
thqvr 
qc 
jpslf 
cn 
f 
hg 
kluxn 
dihw 
thqvr 
w 
jpslf 
qc 
jpslf 
hpe 
jpslf 
qxg 
crqb 
u 
crqb 
yr 
jpslf 
af 
sv 
cn 
ygt 
rywy 
rlzlj 
jpslf 
ny 
mprz 
zr 
rywy 
jpslf 
h 
w 
u 
lcz 
aa 
lo 
rywy 
w 
tc 
jpslf 
xtuml 
jpslf 
fgncy 
jpslf 
lqfdj 
ckwa 
aiu 
jpslf 
tr 
juas 
nzp 
iokf 
n 
gt 
rpdb 
thqvr 
rk 
r 
rgcuo 
xr 
jpslf 
thqvr 
lt 
tc 
a 
zr 
ioyuo 
pjyo 
iic 
g 
ran 
d 
mprz 
jpslf 
xhwkl 
lqfdj 
hg 
npu 
g 
gew 
w 
e 
jpslf 
nzp 
lqfdj 
xtuml 
xtsc 
jzkop 
qrtxe 
npu 
jpslf 
jpslf 
jzkop 
itdfs 
boiq 
hpe 
ygt 
aiu 
foo 
kluxn 
lt 
hwxyn 
iokf 
l 
rpdb 
qxg 
jpslf 
rftd 
jpslf 
c 
jpslf 
dihw 
zj 
wsuz 
q 
iokf 
m 
mprz 
zj 
jpslf 
jpslf 
t 
jpslf 
lo 
av 
xtsc 
joamu 
emcle 
g 
ckwa 
xtuml 
aiu 
h 
tr 
czxt 
bm 
k 
jpslf 
hwxyn 
r 
xtsc 
jpslf 
jpslf 
f 
jpslf 
hpe 
ioyuo 
jpslf 
gt 
pjyo 
q 
iokf 
tkhzg 
yr 
w 
juas 
c 
jpslf 
czxt 
npu 
zj 
czxt 
sv 
jpslf 
jpslf 
h 
pjyo 
pjyo 
qhh 
qbtri 
tc 
tgzw 
d 
l 
rlzlj 
jzkop 
qxg 
q 
jzkop 
ioyuo 
n 
ygt 
wsuz 
aiu 
kd 
tgzw 
gt 
jpslf 
hxex 
kluxn 
q 
kluxn 
tkhzg 
gew 
jpslf 
mprz 
w 
q 
qbtri 
f 
hzirp 
hg 
wsuz 
jpslf 
hpe 
czxt 
jpslf 
fzt 
iic 
i 
ygt 
dihw 
n 
yr 
mqtf 
l 
ioyuo 
qxg 
jpslf 
k 
hpe 
ygt 
npu 
ogl 
zr 
hzirp 
xhwkl 
lt 
emcle 
iic 
lqfdj 
k 
ogl 
ckwa 
rk 
aiu 
kluxn 
crqb 
tc 
g 
xhwkl 
cppvx 
gt 
qhh 
r 
n 
yr 
drggf 
rpdb 
i 
crqb 
jpslf 
npu 
gew 
rgcuo 
kluxn 
qrtxe 
pjyo 
rywy 
ioyuo 
yr 
ran 
jpslf 
dihw 
k 
jpslf 
rpdb 
l 
rk 
hwxyn 
dihw 
rywy 
rpdb 
utqr 
cn 
boiq 
cppvx 
boiq 
qxg 
e 
rk 
aw 
ogl 
tc 
m 
mgtyo 
emcle 
aiu 
i 
e 
jpslf 
jpslf 
wvyza 
jpslf 
ckwa 
l 
bm 
crqb 
fzt 
qrtxe 
bm 
aa 
bm 
pjyo 
i 
dihw 
kagk 
ogl 
q 
emcle 
iic 
k 
x 
crqb 
k 
mgtyo 
jpslf 
iokf 
tr 
pjyo 
x 
rk 
ny 
jzkop 
jcg 
w 
ran 
jpslf 
drggf 
rk 
lt 
jpslf 
hxex 
e 
mgtyo 
ny 
gt 
a 
qxg 
qrtxe 
kagk 
gt 
crqb 
czxt 
qhh 
ogl 
iokf 
pjyo 
jzkop 
bf 
xr 
lcz 
joamu 
emcle 
itdfs 
hg 
k 
wvyza 
w 
jcg 
xhwkl 
af 
kd 
dihw 
rk 
af 
mqtf 
jpslf 
jpslf 
jpslf 
qbtri 
mgtyo 
lqfdj 
hzirp 
tc 
jpslf 
jpslf 
mprz 
wvyza 
h 
c 
lt 
jcg 
ioyuo 
u 
tr 
x 
yr 
mgtyo 
thqvr 
w 
tgzw 
fzt 
u 
jpslf 
ioyuo 
gt 
joamu 
hwxyn 
qrtxe 
ny 
qxg 
thqvr 
emcle 
ckwa 
x 
jpslf 
gew 
qrtxe 
mprz 
lt 
jpslf 
mprz 
xtsc 
f 
rk 
tr 
x 
zj 
ygt 
jpslf 
tr 
c 
f 
rgcuo 
c 
emcle 
jpslf 
g 
a 
jcg 
joamu 
boiq 
aiu 
jpslf 
aw 
hpe 
aa 
jpslf 
x 
iokf 
lo 
ygt 
qrtxe 
c 
jzkop 
qhh 
cppvx 
fzt 
jpslf 
hwxyn 
x 
mgtyo 
mgtyo 
nzp 
d 
t 
jpslf 
tc 
jpslf 
jpslf 
jpslf 
jpslf 
r 
bf 
wsuz 
a 
mgtyo 
gt 
q 
bm 
wvyza 
aw 
qc 
n 
q 
jpslf 
cfflx 
boiq 
thqvr 
jcg 
qhh 
lqfdj 
kagk 
r 
lcz 
nzp 
lcz 
dihw 
mqtf 
iokf 
aiu 
av 
ran 
rgcuo 
qrtxe 
mprz 
zr 
mqtf 
h 
itdfs 
r 
i 
jpslf 
ny 
boiq 
u 
foo 
jpslf 
qhh 
jbew 
bm 
rlzlj 
jpslf 
tkhzg 
emcle 
rpdb 
zr 
tkhzg 
bm 
rk 
lo 
d 
a 
jzkop 
aa 
iic 
o 
cn 
gt 
crqb 
c 
pjyo 
emcle 
tc 
itdfs 
ygt 
kagk 
af 
qrtxe 
tc 
af 
q 
q 
xtsc 
qxg 
tkhzg 
emcle 
czxt 
jpslf 
xtuml 
h 
jcg 
fzt 
iic 
r 
hzirp 
qbtri 
iokf 
jpslf 
rk 
jbew 
tgzw 
jpslf 
tkhzg 
tgzw 
zr 
tkhzg 
aiu 
rpdb 
a 
wsuz 
lt 
xr 
joamu 
xhwkl 
rk 
rk 
pjyo 
ny 
m 
ran 
jpslf 
u 
cn 
ckwa 
lqfdj 
mqtf 
bm 
bf 
cfflx 
boiq 
czxt 
xtsc 
drggf 
hzirp 
tc 
e 
c 
hpe 
jpslf 
jbew 
xhwkl 
nzp 
t 
jpslf 
af 
lqfdj 
kluxn 
e 
d 
jpslf 
kluxn 
aiu 
wsuz 
xhwkl 
joamu 
rpdb 
f 
mprz 
fgncy 
ioyuo 
fzt 
aw 
xtsc 
lqfdj 
a 
jpslf 
rk 
thqvr 
ran 
jcg 
sv 
q 
qbtri 
nzp 
mprz 
jpslf 
jpslf 
emcle 
u 
tr 
jbew 
o 
jpslf 
utqr 
fzt 
ckwa 
xhwkl 
q 
rgcuo 
jpslf 
ygt 
jpslf 
jpslf 
emcle 
bm 
jpslf 
rk 
sv 
jbew 
tgzw 
rlzlj 
xr 
cn 
hzirp 
mprz 
thqvr 
cn 
ran 
lqfdj 
yr 
hxex 
ogl 
cfflx 
mqtf 
f 
thqvr 
av 
juas 
tr 
kd 
dihw 
g 
cn 
qc 
pjyo 
rftd 
x 
crqb 
w 
tr 
kd 
hg 
t 
kagk 
jpslf 
fzt 
zj 
ygt 
fzt 
tkhzg 
t 
xtsc 
aa 
itdfs 
qxg 
qxg 
bf 
jbew 
xtuml 
t 
k 
lqfdj 
qc 
m 
joamu 
qbtri 
jzkop 
jzkop 
i 
r 
rgcuo 
drggf 
qc 
foo 
jpslf 
czxt 
boiq 
ioyuo 
mgtyo 
itdfs 
hpe 
cfflx 
jpslf 
i 
jpslf 
foo 
emcle 
rk 
bf 
ioyuo 
a 
kagk 
iokf 
boiq 
jpslf 
m 
jpslf 
tkhzg 
r 
r 
xtuml 
lcz 
aw 
cfflx 
o 
jzkop 
fzt 
crqb 
jpslf 
mprz 
pjyo 
bm 
bm 
aw 
rlzlj 
mgtyo 
hg 
aiu 
lcz 
pjyo 
itdfs 
lo 
czxt 
jpslf 
jpslf 
kd 
aiu 
qbtri 
f 
ny 
dihw 
cfflx 
thqvr 
tr 
ckwa 
hxex 
bf 
xr 
rk 
cn 
xr 
jpslf 
c 
xr 
czxt 
tgzw 
zj 
cppvx 
af 
npu 
f 
tkhzg 
c 
jbew 
drggf 
hwxyn 
itdfs 
xtuml 
c 
cppvx 
czxt 
ygt 
qc 
qrtxe 
aiu 
g 
jzkop 
f 
aiu 
thqvr 
aa 
iokf 
czxt 
aw 
rywy 
jpslf 
jpslf 
cppvx 
o 
f 
n 
af 
cn 
qbtri 
a 
crqb 
lt 
dihw 
a 
n 
f 
jpslf 
tgzw 
hg 
jpslf 
jpslf 
jpslf 
jpslf 
lqfdj 
nzp 
n 
yr 
lo 
ckwa 
hxex 
lcz 
jpslf 
xr 
tgzw 
ioyuo 
tgzw 
jzkop 
hxex 
mgtyo 
yr 
bm 
a 
npu 
jpslf 
hpe 
npu 
ygt 
ioyuo 
k 
cfflx 
lqfdj 
czxt 
lcz 
k 
cn 
czxt 
joamu 
g 
crqb 
emcle 
cn 
lcz 
mgtyo 
foo 
u 
qhh 
jpslf 
qrtxe 
hwxyn 
jpslf 
jcg 
jpslf 
o 
ckwa 
tgzw 
gt 
rk 
kd 
aw 
mprz 
nzp 
crqb 
af 
f 
kagk 
drggf 
kluxn 
fgncy 
foo 
thqvr 
lt 
jpslf 
c 
qxg 
jzkop 
lt 
ioyuo 
ygt 
qrtxe 
k 
itdfs 
a 
jpslf 
rlzlj 
ny 
lo 
nzp 
k 
g 
itdfs 
lo 
iokf 
bf 
pjyo 
av 
tkhzg 
juas 
aw 
lqfdj 
wvyza 
jpslf 
hxex 
ny 
jpslf 
aw 
af 
m 
i 
l 
pjyo 
mqtf 
u 
jzkop 
rftd 
kd 
hwxyn 
jpslf 
kd 
npu 
m 
kagk 
wvyza 
rk 
i 
zr 
rk 
drggf 
tr 
boiq 
qc 
cn 
k 
aiu 
jpslf 
ygt 
jcg 
jpslf 
iokf 
n 
yr 
zj 
rgcuo 
rpdb 
qhh 
xtsc 
q 
n 
aiu 
zj 
af 
rywy 
czxt 
gew 
ygt 
kagk 
emcle 
xr 
dihw 
kagk 
jpslf 
c 
x 
rlzlj 
jpslf 
af 
jcg 
d 
thqvr 
nzp 
rftd 
juas 
boiq 
e 
ogl 
juas 
jpslf 
qrtxe 
bf 
iokf 
zj 
xhwkl 
jpslf 
zr 
o 
l 
boiq 
rk 
x 
pjyo 
crqb 
hpe 
ran 
tgzw 
jpslf 
aiu 
zr 
jpslf 
mgtyo 
x 
jpslf 
iic 
nzp 
aiu 
jpslf 
jzkop 
jbew 
gt 
mgtyo 
itdfs 
xr 
rywy 
r 
lt 
af 
jbew 
jpslf 
crqb 
r 
jpslf 
jbew 
jpslf 
hxex 
m 
jpslf 
yr 
f 
crqb 
rftd 
jcg 
d 
aa 
iokf 
wvyza 
ny 
e 
jpslf 
qrtxe 
iokf 
nzp 
xtuml 
ny 
zr 
q 
itdfs 
iic 
ran 
a 
xr 
bf 
gt 
bm 
kluxn 
gt 
lcz 
kagk 
kagk 
czxt 
x 
av 
rywy 
jpslf 
aiu 
i 
ny 
bf 
wsuz 
jpslf 
mqtf 
emcle 
rywy 
jpslf 
rftd 
zr 
jzkop 
a 
n 
itdfs 
juas 
qhh 
r 
tc 
w 
cn 
g 
aiu 
jpslf 
hg 
pjyo 
ran 
fzt 
tkhzg 
xhwkl 
emcle 
nzp 
ogl 
boiq 
jpslf 
wsuz 
qbtri 
a 
jpslf 
bm 
wvyza 
bf 
hzirp 
jpslf 
jpslf 
aw 
fgncy 
juas 
af 
crqb 
h 
zj 
rgcuo 
yr 
m 
qhh 
ygt 
x 
fgncy 
jpslf 
lt 
bm 
xr 
aa 
tkhzg 
mgtyo 
hwxyn 
af 
jpslf 
tc 
kluxn 
f 
wvyza 
ny 
xr 
jcg 
lcz 
iokf 
iic 
gt 
jpslf 
thqvr 
xr 
rywy 
hwxyn 
mprz 
wsuz 
af 
tkhzg 
jzkop 
m 
qxg 
l 
aw 
t 
ioyuo 
mgtyo 
ioyuo 
aiu 
m 
drggf 
hzirp 
wsuz 
qxg 
i 
wsuz 
utqr 
npu 
xr 
cppvx 
aa 
xtuml 
jpslf 
joamu 
jbew 
aiu 
jpslf 
f 
o 
q 
ckwa 
gew 
af 
i 
jpslf 
ygt 
juas 
u 
jpslf 
aiu 
av 
x 
lcz 
czxt 
hxex 
nzp 
mprz 
r 
f 
ogl 
w 
ioyuo 
wsuz 
tc 
crqb 
i 
hwxyn 
q 
rywy 
jpslf 
jpslf 
xtsc 
qrtxe 
qbtri 
zj 
d 
tkhzg 
mgtyo 
jcg 
aiu 
ogl 
itdfs 
juas 
af 
af 
cppvx 
jpslf 
lt 
emcle 
d 
lqfdj 
a 
qc 
hg 
jpslf 
cfflx 
e 
c 
rftd 
jpslf 
qc 
tr 
k 
bf 
cfflx 
yr 
w 
qc 
lt 
lo 
jpslf 
mqtf 
jbew 
lcz 
zj 
hpe 
tgzw 
d 
boiq 
xr 
sv 
zj 
r 
af 
qbtri 
aw 
rywy 
qbtri 
hxex 
hwxyn 
zr 
ogl 
foo 
jpslf 
tkhzg 
xhwkl 
npu 
xtsc 
mqtf 
k 
bm 
xhwkl 
mprz 
ogl 
bm 
jpslf 
jpslf 
wsuz 
jpslf 
tgzw 
hxex 
rlzlj 
c 
d 
xr 
mprz 
tgzw 
jzkop 
xhwkl 
mgtyo 
r 
tc 
rywy 
a 
f 
wsuz 
ckwa 
gew 
mqtf 
jpslf 
emcle 
tkhzg 
emcle 
qc 
xtsc 
thqvr 
iokf 
af 
d 
jpslf 
thqvr 
qhh 
thqvr 
aiu 
jpslf 
tr 
qhh 
rlzlj 
a 
m 
ogl 
cppvx 
q 
kd 
e 
jpslf 
hpe 
cppvx 
wsuz 
utqr 
jbew 
k 
mprz 
cppvx 
jpslf 
tr 
lt 
jpslf 
hg 
jpslf 
cn 
fzt 
xtsc 
bf 
sv 
sv 
jpslf 
f 
jpslf 
f 
pjyo 
itdfs 
wsuz 
t 
xr 
ckwa 
jpslf 
xr 
qc 
nzp 
d 
k 
hxex 
aw 
ioyuo 
i 
czxt 
o 
lt 
lt 
jpslf 
kluxn 
itdfs 
thqvr 
g 
jpslf 
tr 
lqfdj 
xr 
fzt 
crqb 
ioyuo 
yr 
crqb 
aa 
yr 
e 
ogl 
rftd 
dihw 
zr 
fzt 
fzt 
mgtyo 
ckwa 
jcg 
t 
k 
ioyuo 
jpslf 
wsuz 
tgzw 
xr 
emcle 
kd 
zj 
aiu 
utqr 
jpslf 
hwxyn 
w 
jzkop 
fgncy 
rlzlj 
w 
w 
rk 
gt 
wsuz 
bm 
ioyuo 
x 
jzkop 
g 
zr 
a 
ckwa 
mgtyo 
ny 
l 
jzkop 
af 
wsuz 
cppvx 
rgcuo 
ygt 
nzp 
hwxyn 
w 
jpslf 
av 
h 
aw 
mqtf 
dihw 
iic 
av 
cn 
foo 
boiq 
jpslf 
boiq 
aw 
ygt 
crqb 
g 
m 
utqr 
juas 
aw 
lcz 
x 
utqr 
lo 
gt 
xr 
boiq 
rftd 
dihw 
tr 
mgtyo 
cfflx 
lt 
fzt 
joamu 
foo 
jpslf 
sv 
xtuml 
tr 
joamu 
dihw 
qrtxe 
n 
jpslf 
jpslf 
pjyo 
mgtyo 
drggf 
av 
gew 
hxex 
jpslf 
af 
jpslf 
kluxn 
xhwkl 
q 
jpslf 
ran 
jpslf 
qc 
emcle 
jpslf 
m 
rlzlj 
xtuml 
xhwkl 
qxg 
l 
jpslf 
rk 
jpslf 
juas 
qxg 
czxt 
mqtf 
rftd 
xtuml 
jpslf 
npu 
lt 
xtuml 
hpe 
tr 
jpslf 
xtuml 
ioyuo 
hzirp 
gew 
rftd 
ran 
zj 
hpe 
mqtf 
czxt 
cn 
jcg 
rlzlj 
lcz 
jcg 
a 
jpslf 
wsuz 
itdfs 
jpslf 
iic 
xr 
rlzlj 
foo 
qbtri 
rk 
qc 
wsuz 
iic 
jzkop 
m 
qxg 
xhwkl 
ny 
c 
aw 
rlzlj 
qbtri 
itdfs 
tr 
qxg 
tkhzg 
bm 
boiq 
t 
rywy 
a 
joamu 
hg 
bf 
mqtf 
k 
tr 
jpslf 
jpslf 
k 
ygt 
iic 
xhwkl 
rgcuo 
wvyza 
crqb 
jpslf 
jpslf 
mprz 
drggf 
av 
rk 
l 
i 
mqtf 
af 
jbew 
mgtyo 
npu 
qxg 
lo 
tc 
n 
ran 
bf 
qc 
tr 
drggf 
iic 
aw 
hg 
czxt 
hxex 
f 
hzirp 
xtsc 
mqtf 
drggf 
tkhzg 
aiu 
hzirp 
e 
qhh 
af 
hzirp 
itdfs 
hg 
wsuz 
rywy 
xr 
t 
jpslf 
crqb 
g 
hwxyn 
aiu 
iokf 
jpslf 
czxt 
mqtf 
ny 
npu 
rpdb 
ogl 
a 
qxg 
ioyuo 
w 
kluxn 
rk 
mprz 
tc 
kd 
r 
w 
jpslf 
pjyo 
jpslf 
aiu 
t 
jpslf 
h 
thqvr 
qxg 
aiu 
aw 
qbtri 
sv 
jpslf 
itdfs 
tgzw 
wvyza 
zj 
jpslf 
jpslf 
jpslf 
k 
f 
aw 
sv 
boiq 
f 
wvyza 
o 
wsuz 
qc 
tr 
npu 
ckwa 
h 
ran 
boiq 
jpslf 
k 
joamu 
lt 
d 
nzp 
itdfs 
jpslf 
jzkop 
sv 
zr 
aiu 
mgtyo 
jpslf 
cfflx 
rpdb 
u 
lt 
x 
ran 
q 
h 
mqtf 
jpslf 
f 
xr 
jpslf 
jpslf 
emcle 
ny 
aa 
bf 
jpslf 
jpslf 
qxg 
hwxyn 
h 
jcg 
qhh 
ny 
mprz 
ogl 
u 
cn 
aw 
cppvx 
itdfs 
jpslf 
bf 
a 
mgtyo 
cn 
m 
lcz 
mqtf 
gt 
ny 
d 
jpslf 
lqfdj 
jzkop 
f 
jpslf 
iic 
jpslf 
kluxn 
tr 
tr 
bf 
mgtyo 
fzt 
lt 
yr 
hxex 
qxg 
lqfdj 
dihw 
i 
xtsc 
iokf 
rlzlj 
sv 
fgncy 
ygt 
juas 
af 
ran 
wsuz 
rgcuo 
cn 
m 
drggf 
qrtxe 
rpdb 
lqfdj 
n 
drggf 
ran 
qbtri 
o 
xtsc 
czxt 
tr 
boiq 
t 
lqfdj 
yr 
qbtri 
lt 
f 
jzkop 
lo 
ny 
jpslf 
rk 
hpe 
qxg 
qbtri 
hwxyn 
sv 
dihw 
rftd 
yr 
drggf 
hpe 
jpslf 
wvyza 
cfflx 
i 
jpslf 
lt 
h 
ny 
hzirp 
i 
ioyuo 
mgtyo 
iokf 
lt 
tkhzg 
x 
jzkop 
wsuz 
boiq 
jpslf 
ogl 
xhwkl 
qhh 
boiq 
cn 
tc 
r 
jcg 
bm 
wvyza 
ioyuo 
jpslf 
hzirp 
n 
jpslf 
jpslf 
jpslf 
kluxn 
hzirp 
jpslf 
aw 
kagk 
lt 
tkhzg 
jpslf 
tgzw 
foo 
pjyo 
i 
mqtf 
xr 
qrtxe 
ran 
aa 
czxt 
zj 
qrtxe 
zj 
h 
jpslf 
u 
cn 
rywy 
cn 
jpslf 
nzp 
kluxn 
jpslf 
lo 
lt 
emcle 
joamu 
jpslf 
juas 
q 
bf 
o 
czxt 
bm 
aiu 
pjyo 
boiq 
czxt 
lt 
jpslf 
fgncy 
rpdb 
tr 
lqfdj 
w 
xr 
jpslf 
iic 
aa 
gt 
xtsc 
aiu 
jpslf 
e 
a 
tgzw 
bm 
hwxyn 
kagk 
gt 
mgtyo 
zj 
joamu 
c 
l 
g 
pjyo 
u 
lo 
i 
l 
drggf 
cn 
itdfs 
ogl 
utqr 
hpe 
jcg 
xr 
ogl 
lo 
rlzlj 
sv 
hpe 
joamu 
jzkop 
jpslf 
