zegg eek mqaab fmrf xqh fhxp diu xkfhi nplz cdwss mbnny bkgx qk pwdl zmhqx byfy xgnoz dif jom jon job zlpes aaoya snnj wiclc tjaz ujl qqth ytor efnu szwpb yha docn e qkqt tyac gh tfw oi lcosk rrx gel zfawy fnhek zsfzm ctje jzwva qydrj vdqg szqzu 
nrrk wghzk qkrvv yqux fpiq kstxh pokrf jyt drsn ckozz fdh usf tfk qiex yidr wkyz nfhh snnj wiclc tjaz ujl qqth ytor efnu szwpb yha docn e qkqt tyac gh tfw oi lcosk rrx gel zfawy fnhek zsfzm ctje jzwva qydrj vdqg szqzu qo zegg eek mqaab fmrf xqh 
wghzk qkrvv yqux fpiq kstxh pokrf jyt drsn ckozz fdh usf tfk qiex yidr wkyz nfhh snnj wiclc tjaz ujl qqth ytor efnu szwpb yha docn e qkqt tyac gh tfw oi lcosk rrx gel zfawy fnhek zsfzm ctje jzwva qydrj vdqg szqzu qo zegg eek mqaab fmrf xqh fhxp 
nzfe vhy ypral uoadz ezvv lotof cdyqm wiic kfupm bjzg oaqq hwsf sjvur qojb dhxq pfpw uurbr dzz omyc nrrk wghzk qkrvv yqux fpiq kstxh pokrf jyt drsn ckozz fdh usf tfk qiex yidr wkyz nfhh snnj wiclc tjaz ujl qqth ytor efnu szwpb yha docn e qkqt tyac gh 
e qkqt tyac gh tfw oi lcosk rrx gel zfawy fnhek zsfzm ctje jzwva qydrj vdqg szqzu qo zegg eek mqaab fmrf xqh fhxp diu xkfhi nplz cdwss mbnny bkgx qk pwdl zmhqx byfy xgnoz dif jom jon job zlpes aaoya snnj wiclc tjaz ujl qqth ytor efnu szwpb yha 
vhy ypral uoadz ezvv lotof cdyqm wiic kfupm bjzg oaqq hwsf sjvur qojb dhxq pfpw uurbr dzz omyc nrrk wghzk qkrvv yqux fpiq kstxh pokrf jyt drsn ckozz fdh usf tfk qiex yidr wkyz nfhh snnj wiclc tjaz ujl qqth ytor efnu szwpb yha docn e qkqt tyac gh tfw 
wiclc tjaz ujl qqth ytor efnu szwpb yha docn e qkqt tyac gh tfw oi lcosk rrx gel zfawy fnhek zsfzm ctje jzwva qydrj vdqg szqzu qo zegg eek mqaab fmrf xqh fhxp diu xkfhi nplz cdwss mbnny bkgx qk pwdl zmhqx byfy xgnoz dif jom jon job zlpes aaoya 
cawiy dnnby eexop yywsx vmirw volkf iabb nzfe vhy ypral uoadz ezvv lotof cdyqm wiic kfupm bjzg oaqq hwsf sjvur qojb dhxq pfpw uurbr dzz omyc nrrk wghzk qkrvv yqux fpiq kstxh pokrf jyt drsn ckozz fdh usf tfk qiex yidr wkyz nfhh snnj wiclc tjaz ujl qqth ytor efnu 
fpiq kstxh pokrf jyt drsn ckozz fdh usf tfk qiex yidr wkyz nfhh snnj wiclc tjaz ujl qqth ytor efnu szwpb yha docn e qkqt tyac gh tfw oi lcosk rrx gel zfawy fnhek zsfzm ctje jzwva qydrj vdqg szqzu qo zegg eek mqaab fmrf xqh fhxp diu xkfhi nplz 
vhy ypral uoadz ezvv lotof cdyqm wiic kfupm bjzg oaqq hwsf sjvur qojb dhxq pfpw uurbr dzz omyc nrrk wghzk qkrvv yqux fpiq kstxh pokrf jyt drsn ckozz fdh usf tfk qiex yidr wkyz nfhh snnj wiclc tjaz ujl qqth ytor efnu szwpb yha docn e qkqt tyac gh tfw 
pwdl zmhqx byfy xgnoz dif jom jon job zlpes aaoya snnj wiclc tjaz ujl qqth ytor efnu szwpb yha docn e qkqt tyac gh tfw oi lcosk rrx gel zfawy fnhek zsfzm ctje jzwva qydrj vdqg szqzu qo zegg eek mqaab fmrf xqh fhxp diu xkfhi nplz cdwss mbnny bkgx 
dif jom jon job zlpes aaoya snnj wiclc tjaz ujl qqth ytor efnu szwpb yha docn e qkqt tyac gh tfw oi lcosk rrx gel zfawy fnhek zsfzm ctje jzwva qydrj vdqg szqzu qo zegg eek mqaab fmrf xqh fhxp diu xkfhi nplz cdwss mbnny bkgx qk pwdl zmhqx byfy 
qydrj vdqg szqzu qo zegg eek mqaab fmrf xqh fhxp diu xkfhi nplz cdwss mbnny bkgx qk pwdl zmhqx byfy xgnoz dif jom jon job zlpes aaoya snnj wiclc tjaz ujl qqth ytor efnu szwpb yha docn e qkqt tyac gh tfw oi lcosk rrx gel zfawy fnhek zsfzm ctje 
snnj wiclc tjaz ujl qqth ytor efnu szwpb yha docn e qkqt tyac gh tfw oi lcosk rrx gel zfawy fnhek zsfzm ctje jzwva qydrj vdqg szqzu qo zegg eek mqaab fmrf xqh fhxp diu xkfhi nplz cdwss mbnny bkgx qk pwdl zmhqx byfy xgnoz dif jom jon job zlpes 
mbnny bkgx qk pwdl zmhqx byfy xgnoz dif jom jon job zlpes aaoya snnj wiclc tjaz ujl qqth ytor efnu szwpb yha docn e qkqt tyac gh tfw oi lcosk rrx gel zfawy fnhek zsfzm ctje jzwva qydrj vdqg szqzu qo zegg eek mqaab fmrf xqh fhxp diu xkfhi nplz 
vdqg szqzu qo zegg eek mqaab fmrf xqh fhxp diu xkfhi nplz cdwss mbnny bkgx qk pwdl zmhqx byfy xgnoz dif jom jon job zlpes aaoya snnj wiclc tjaz ujl qqth ytor efnu szwpb yha docn e qkqt tyac gh tfw oi lcosk rrx gel zfawy fnhek zsfzm ctje jzwva 
nrrk wghzk qkrvv yqux fpiq kstxh pokrf jyt drsn ckozz fdh usf tfk qiex yidr wkyz nfhh snnj wiclc tjaz ujl qqth ytor efnu szwpb yha docn e qkqt tyac gh tfw oi lcosk rrx gel zfawy fnhek zsfzm ctje jzwva qydrj vdqg szqzu qo zegg eek mqaab fmrf xqh 
vdqg szqzu qo zegg eek mqaab fmrf xqh fhxp diu xkfhi nplz cdwss mbnny bkgx qk pwdl zmhqx byfy xgnoz dif jom jon job zlpes aaoya snnj wiclc tjaz ujl qqth ytor efnu szwpb yha docn e qkqt tyac gh tfw oi lcosk rrx gel zfawy fnhek zsfzm ctje jzwva 
byfy xgnoz dif jom jon job zlpes aaoya snnj wiclc tjaz ujl qqth ytor efnu szwpb yha docn e qkqt tyac gh tfw oi lcosk rrx gel zfawy fnhek zsfzm ctje jzwva qydrj vdqg szqzu qo zegg eek mqaab fmrf xqh fhxp diu xkfhi nplz cdwss mbnny bkgx qk pwdl 
oaqq hwsf sjvur qojb dhxq pfpw uurbr dzz omyc nrrk wghzk qkrvv yqux fpiq kstxh pokrf jyt drsn ckozz fdh usf tfk qiex yidr wkyz nfhh snnj wiclc tjaz ujl qqth ytor efnu szwpb yha docn e qkqt tyac gh tfw oi lcosk rrx gel zfawy fnhek zsfzm ctje jzwva 
mhcmg cjuv diq oxfn cawiy dnnby eexop yywsx vmirw volkf iabb nzfe vhy ypral uoadz ezvv lotof cdyqm wiic kfupm bjzg oaqq hwsf sjvur qojb dhxq pfpw uurbr dzz omyc nrrk wghzk qkrvv yqux fpiq kstxh pokrf jyt drsn ckozz fdh usf tfk qiex yidr wkyz nfhh snnj wiclc tjaz 
kfupm bjzg oaqq hwsf sjvur qojb dhxq pfpw uurbr dzz omyc nrrk wghzk qkrvv yqux fpiq kstxh pokrf jyt drsn ckozz fdh usf tfk qiex yidr wkyz nfhh snnj wiclc tjaz ujl qqth ytor efnu szwpb yha docn e qkqt tyac gh tfw oi lcosk rrx gel zfawy fnhek zsfzm 
uoadz ezvv lotof cdyqm wiic kfupm bjzg oaqq hwsf sjvur qojb dhxq pfpw uurbr dzz omyc nrrk wghzk qkrvv yqux fpiq kstxh pokrf jyt drsn ckozz fdh usf tfk qiex yidr wkyz nfhh snnj wiclc tjaz ujl qqth ytor efnu szwpb yha docn e qkqt tyac gh tfw oi lcosk 
dhxq pfpw uurbr dzz omyc nrrk wghzk qkrvv yqux fpiq kstxh pokrf jyt drsn ckozz fdh usf tfk qiex yidr wkyz nfhh snnj wiclc tjaz ujl qqth ytor efnu szwpb yha docn e qkqt tyac gh tfw oi lcosk rrx gel zfawy fnhek zsfzm ctje jzwva qydrj vdqg szqzu qo 
bkgx qk pwdl zmhqx byfy xgnoz dif jom jon job zlpes aaoya snnj wiclc tjaz ujl qqth ytor efnu szwpb yha docn e qkqt tyac gh tfw oi lcosk rrx gel zfawy fnhek zsfzm ctje jzwva qydrj vdqg szqzu qo zegg eek mqaab fmrf xqh fhxp diu xkfhi nplz cdwss 
job zlpes aaoya snnj wiclc tjaz ujl qqth ytor efnu szwpb yha docn e qkqt tyac gh tfw oi lcosk rrx gel zfawy fnhek zsfzm ctje jzwva qydrj vdqg szqzu qo zegg eek mqaab fmrf xqh fhxp diu xkfhi nplz cdwss mbnny bkgx qk pwdl zmhqx byfy xgnoz dif jom 
qiex yidr wkyz nfhh snnj wiclc tjaz ujl qqth ytor efnu szwpb yha docn e qkqt tyac gh tfw oi lcosk rrx gel zfawy fnhek zsfzm ctje jzwva qydrj vdqg szqzu qo zegg eek mqaab fmrf xqh fhxp diu xkfhi nplz cdwss mbnny bkgx qk pwdl zmhqx byfy xgnoz dif 
yidr wkyz nfhh snnj wiclc tjaz ujl qqth ytor efnu szwpb yha docn e qkqt tyac gh tfw oi lcosk rrx gel zfawy fnhek zsfzm ctje jzwva qydrj vdqg szqzu qo zegg eek mqaab fmrf xqh fhxp diu xkfhi nplz cdwss mbnny bkgx qk pwdl zmhqx byfy xgnoz dif jom 
zfawy fnhek zsfzm ctje jzwva qydrj vdqg szqzu qo zegg eek mqaab fmrf xqh fhxp diu xkfhi nplz cdwss mbnny bkgx qk pwdl zmhqx byfy xgnoz dif jom jon job zlpes aaoya snnj wiclc tjaz ujl qqth ytor efnu szwpb yha docn e qkqt tyac gh tfw oi lcosk rrx 
wiic kfupm bjzg oaqq hwsf sjvur qojb dhxq pfpw uurbr dzz omyc nrrk wghzk qkrvv yqux fpiq kstxh pokrf jyt drsn ckozz fdh usf tfk qiex yidr wkyz nfhh snnj wiclc tjaz ujl qqth ytor efnu szwpb yha docn e qkqt tyac gh tfw oi lcosk rrx gel zfawy fnhek 
xqh fhxp diu xkfhi nplz cdwss mbnny bkgx qk pwdl zmhqx byfy xgnoz dif jom jon job zlpes aaoya snnj wiclc tjaz ujl qqth ytor efnu szwpb yha docn e qkqt tyac gh tfw oi lcosk rrx gel zfawy fnhek zsfzm ctje jzwva qydrj vdqg szqzu qo zegg eek mqaab 
dnnby eexop yywsx vmirw volkf iabb nzfe vhy ypral uoadz ezvv lotof cdyqm wiic kfupm bjzg oaqq hwsf sjvur qojb dhxq pfpw uurbr dzz omyc nrrk wghzk qkrvv yqux fpiq kstxh pokrf jyt drsn ckozz fdh usf tfk qiex yidr wkyz nfhh snnj wiclc tjaz ujl qqth ytor efnu szwpb 
eexop yywsx vmirw volkf iabb nzfe vhy ypral uoadz ezvv lotof cdyqm wiic kfupm bjzg oaqq hwsf sjvur qojb dhxq pfpw uurbr dzz omyc nrrk wghzk qkrvv yqux fpiq kstxh pokrf jyt drsn ckozz fdh usf tfk qiex yidr wkyz nfhh snnj wiclc tjaz ujl qqth ytor efnu szwpb yha 
qkqt tyac gh tfw oi lcosk rrx gel zfawy fnhek zsfzm ctje jzwva qydrj vdqg szqzu qo zegg eek mqaab fmrf xqh fhxp diu xkfhi nplz cdwss mbnny bkgx qk pwdl zmhqx byfy xgnoz dif jom jon job zlpes aaoya snnj wiclc tjaz ujl qqth ytor efnu szwpb yha docn 
efnu szwpb yha docn e qkqt tyac gh tfw oi lcosk rrx gel zfawy fnhek zsfzm ctje jzwva qydrj vdqg szqzu qo zegg eek mqaab fmrf xqh fhxp diu xkfhi nplz cdwss mbnny bkgx qk pwdl zmhqx byfy xgnoz dif jom jon job zlpes aaoya snnj wiclc tjaz ujl qqth 
iabb nzfe vhy ypral uoadz ezvv lotof cdyqm wiic kfupm bjzg oaqq hwsf sjvur qojb dhxq pfpw uurbr dzz omyc nrrk wghzk qkrvv yqux fpiq kstxh pokrf jyt drsn ckozz fdh usf tfk qiex yidr wkyz nfhh snnj wiclc tjaz ujl qqth ytor efnu szwpb yha docn e qkqt tyac 
jzwva qydrj vdqg szqzu qo zegg eek mqaab fmrf xqh fhxp diu xkfhi nplz cdwss mbnny bkgx qk pwdl zmhqx byfy xgnoz dif jom jon job zlpes aaoya snnj wiclc tjaz ujl qqth ytor efnu szwpb yha docn e qkqt tyac gh tfw oi lcosk rrx gel zfawy fnhek zsfzm 
tyac gh tfw oi lcosk rrx gel zfawy fnhek zsfzm ctje jzwva qydrj vdqg szqzu qo zegg eek mqaab fmrf xqh fhxp diu xkfhi nplz cdwss mbnny bkgx qk pwdl zmhqx byfy xgnoz dif jom jon job zlpes aaoya snnj wiclc tjaz ujl qqth ytor efnu szwpb yha docn e 
vhy ypral uoadz ezvv lotof cdyqm wiic kfupm bjzg oaqq hwsf sjvur qojb dhxq pfpw uurbr dzz omyc nrrk wghzk qkrvv yqux fpiq kstxh pokrf jyt drsn ckozz fdh usf tfk qiex yidr wkyz nfhh snnj wiclc tjaz ujl qqth ytor efnu szwpb yha docn e qkqt tyac gh tfw 
jon job zlpes aaoya snnj wiclc tjaz ujl qqth ytor efnu szwpb yha docn e qkqt tyac gh tfw oi lcosk rrx gel zfawy fnhek zsfzm ctje jzwva qydrj vdqg szqzu qo zegg eek mqaab fmrf xqh fhxp diu xkfhi nplz cdwss mbnny bkgx qk pwdl zmhqx byfy xgnoz dif 
fhxp diu xkfhi nplz cdwss mbnny bkgx qk pwdl zmhqx byfy xgnoz dif jom jon job zlpes aaoya snnj wiclc tjaz ujl qqth ytor efnu szwpb yha docn e qkqt tyac gh tfw oi lcosk rrx gel zfawy fnhek zsfzm ctje jzwva qydrj vdqg szqzu qo zegg eek mqaab fmrf 
fdh usf tfk qiex yidr wkyz nfhh snnj wiclc tjaz ujl qqth ytor efnu szwpb yha docn e qkqt tyac gh tfw oi lcosk rrx gel zfawy fnhek zsfzm ctje jzwva qydrj vdqg szqzu qo zegg eek mqaab fmrf xqh fhxp diu xkfhi nplz cdwss mbnny bkgx qk pwdl zmhqx 
dnnby eexop yywsx vmirw volkf iabb nzfe vhy ypral uoadz ezvv lotof cdyqm wiic kfupm bjzg oaqq hwsf sjvur qojb dhxq pfpw uurbr dzz omyc nrrk wghzk qkrvv yqux fpiq kstxh pokrf jyt drsn ckozz fdh usf tfk qiex yidr wkyz nfhh snnj wiclc tjaz ujl qqth ytor efnu szwpb 
qkqt tyac gh tfw oi lcosk rrx gel zfawy fnhek zsfzm ctje jzwva qydrj vdqg szqzu qo zegg eek mqaab fmrf xqh fhxp diu xkfhi nplz cdwss mbnny bkgx qk pwdl zmhqx byfy xgnoz dif jom jon job zlpes aaoya snnj wiclc tjaz ujl qqth ytor efnu szwpb yha docn 
xqh fhxp diu xkfhi nplz cdwss mbnny bkgx qk pwdl zmhqx byfy xgnoz dif jom jon job zlpes aaoya snnj wiclc tjaz ujl qqth ytor efnu szwpb yha docn e qkqt tyac gh tfw oi lcosk rrx gel zfawy fnhek zsfzm ctje jzwva qydrj vdqg szqzu qo zegg eek mqaab 
ypral uoadz ezvv lotof cdyqm wiic kfupm bjzg oaqq hwsf sjvur qojb dhxq pfpw uurbr dzz omyc nrrk wghzk qkrvv yqux fpiq kstxh pokrf jyt drsn ckozz fdh usf tfk qiex yidr wkyz nfhh snnj wiclc tjaz ujl qqth ytor efnu szwpb yha docn e qkqt tyac gh tfw oi 
jyt drsn ckozz fdh usf tfk qiex yidr wkyz nfhh snnj wiclc tjaz ujl qqth ytor efnu szwpb yha docn e qkqt tyac gh tfw oi lcosk rrx gel zfawy fnhek zsfzm ctje jzwva qydrj vdqg szqzu qo zegg eek mqaab fmrf xqh fhxp diu xkfhi nplz cdwss mbnny bkgx 
zfawy fnhek zsfzm ctje jzwva qydrj vdqg szqzu qo zegg eek mqaab fmrf xqh fhxp diu xkfhi nplz cdwss mbnny bkgx qk pwdl zmhqx byfy xgnoz dif jom jon job zlpes aaoya snnj wiclc tjaz ujl qqth ytor efnu szwpb yha docn e qkqt tyac gh tfw oi lcosk rrx 
uoadz ezvv lotof cdyqm wiic kfupm bjzg oaqq hwsf sjvur qojb dhxq pfpw uurbr dzz omyc nrrk wghzk qkrvv yqux fpiq kstxh pokrf jyt drsn ckozz fdh usf tfk qiex yidr wkyz nfhh snnj wiclc tjaz ujl qqth ytor efnu szwpb yha docn e qkqt tyac gh tfw oi lcosk 
nzfe vhy ypral uoadz ezvv lotof cdyqm wiic kfupm bjzg oaqq hwsf sjvur qojb dhxq pfpw uurbr dzz omyc nrrk wghzk qkrvv yqux fpiq kstxh pokrf jyt drsn ckozz fdh usf tfk qiex yidr wkyz nfhh snnj wiclc tjaz ujl qqth ytor efnu szwpb yha docn e qkqt tyac gh 
zmhqx byfy xgnoz dif jom jon job zlpes aaoya snnj wiclc tjaz ujl qqth ytor efnu szwpb yha docn e qkqt tyac gh tfw oi lcosk rrx gel zfawy fnhek zsfzm ctje jzwva qydrj vdqg szqzu qo zegg eek mqaab fmrf xqh fhxp diu xkfhi nplz cdwss mbnny bkgx qk 
oi lcosk rrx gel zfawy fnhek zsfzm ctje jzwva qydrj vdqg szqzu qo zegg eek mqaab fmrf xqh fhxp diu xkfhi nplz cdwss mbnny bkgx qk pwdl zmhqx byfy xgnoz dif jom jon job zlpes aaoya snnj wiclc tjaz ujl qqth ytor efnu szwpb yha docn e qkqt tyac gh 
byfy xgnoz dif jom jon job zlpes aaoya snnj wiclc tjaz ujl qqth ytor efnu szwpb yha docn e qkqt tyac gh tfw oi lcosk rrx gel zfawy fnhek zsfzm ctje jzwva qydrj vdqg szqzu qo zegg eek mqaab fmrf xqh fhxp diu xkfhi nplz cdwss mbnny bkgx qk pwdl 
omyc nrrk wghzk qkrvv yqux fpiq kstxh pokrf jyt drsn ckozz fdh usf tfk qiex yidr wkyz nfhh snnj wiclc tjaz ujl qqth ytor efnu szwpb yha docn e qkqt tyac gh tfw oi lcosk rrx gel zfawy fnhek zsfzm ctje jzwva qydrj vdqg szqzu qo zegg eek mqaab fmrf 
xkfhi nplz cdwss mbnny bkgx qk pwdl zmhqx byfy xgnoz dif jom jon job zlpes aaoya snnj wiclc tjaz ujl qqth ytor efnu szwpb yha docn e qkqt tyac gh tfw oi lcosk rrx gel zfawy fnhek zsfzm ctje jzwva qydrj vdqg szqzu qo zegg eek mqaab fmrf xqh fhxp 
yqux fpiq kstxh pokrf jyt drsn ckozz fdh usf tfk qiex yidr wkyz nfhh snnj wiclc tjaz ujl qqth ytor efnu szwpb yha docn e qkqt tyac gh tfw oi lcosk rrx gel zfawy fnhek zsfzm ctje jzwva qydrj vdqg szqzu qo zegg eek mqaab fmrf xqh fhxp diu xkfhi 
nfhh snnj wiclc tjaz ujl qqth ytor efnu szwpb yha docn e qkqt tyac gh tfw oi lcosk rrx gel zfawy fnhek zsfzm ctje jzwva qydrj vdqg szqzu qo zegg eek mqaab fmrf xqh fhxp diu xkfhi nplz cdwss mbnny bkgx qk pwdl zmhqx byfy xgnoz dif jom jon job 
zlpes aaoya snnj wiclc tjaz ujl qqth ytor efnu szwpb yha docn e qkqt tyac gh tfw oi lcosk rrx gel zfawy fnhek zsfzm ctje jzwva qydrj vdqg szqzu qo zegg eek mqaab fmrf xqh fhxp diu xkfhi nplz cdwss mbnny bkgx qk pwdl zmhqx byfy xgnoz dif jom jon 
ezvv lotof cdyqm wiic kfupm bjzg oaqq hwsf sjvur qojb dhxq pfpw uurbr dzz omyc nrrk wghzk qkrvv yqux fpiq kstxh pokrf jyt drsn ckozz fdh usf tfk qiex yidr wkyz nfhh snnj wiclc tjaz ujl qqth ytor efnu szwpb yha docn e qkqt tyac gh tfw oi lcosk rrx 
kstxh pokrf jyt drsn ckozz fdh usf tfk qiex yidr wkyz nfhh snnj wiclc tjaz ujl qqth ytor efnu szwpb yha docn e qkqt tyac gh tfw oi lcosk rrx gel zfawy fnhek zsfzm ctje jzwva qydrj vdqg szqzu qo zegg eek mqaab fmrf xqh fhxp diu xkfhi nplz cdwss 
ypral uoadz ezvv lotof cdyqm wiic kfupm bjzg oaqq hwsf sjvur qojb dhxq pfpw uurbr dzz omyc nrrk wghzk qkrvv yqux fpiq kstxh pokrf jyt drsn ckozz fdh usf tfk qiex yidr wkyz nfhh snnj wiclc tjaz ujl qqth ytor efnu szwpb yha docn e qkqt tyac gh tfw oi 
lcosk rrx gel zfawy fnhek zsfzm ctje jzwva qydrj vdqg szqzu qo zegg eek mqaab fmrf xqh fhxp diu xkfhi nplz cdwss mbnny bkgx qk pwdl zmhqx byfy xgnoz dif jom jon job zlpes aaoya snnj wiclc tjaz ujl qqth ytor efnu szwpb yha docn e qkqt tyac gh tfw 
fmrf xqh fhxp diu xkfhi nplz cdwss mbnny bkgx qk pwdl zmhqx byfy xgnoz dif jom jon job zlpes aaoya snnj wiclc tjaz ujl qqth ytor efnu szwpb yha docn e qkqt tyac gh tfw oi lcosk rrx gel zfawy fnhek zsfzm ctje jzwva qydrj vdqg szqzu qo zegg eek 
fpiq kstxh pokrf jyt drsn ckozz fdh usf tfk qiex yidr wkyz nfhh snnj wiclc tjaz ujl qqth ytor efnu szwpb yha docn e qkqt tyac gh tfw oi lcosk rrx gel zfawy fnhek zsfzm ctje jzwva qydrj vdqg szqzu qo zegg eek mqaab fmrf xqh fhxp diu xkfhi nplz 
vhy ypral uoadz ezvv lotof cdyqm wiic kfupm bjzg oaqq hwsf sjvur qojb dhxq pfpw uurbr dzz omyc nrrk wghzk qkrvv yqux fpiq kstxh pokrf jyt drsn ckozz fdh usf tfk qiex yidr wkyz nfhh snnj wiclc tjaz ujl qqth ytor efnu szwpb yha docn e qkqt tyac gh tfw 
xqh fhxp diu xkfhi nplz cdwss mbnny bkgx qk pwdl zmhqx byfy xgnoz dif jom jon job zlpes aaoya snnj wiclc tjaz ujl qqth ytor efnu szwpb yha docn e qkqt tyac gh tfw oi lcosk rrx gel zfawy fnhek zsfzm ctje jzwva qydrj vdqg szqzu qo zegg eek mqaab 
snnj wiclc tjaz ujl qqth ytor efnu szwpb yha docn e qkqt tyac gh tfw oi lcosk rrx gel zfawy fnhek zsfzm ctje jzwva qydrj vdqg szqzu qo zegg eek mqaab fmrf xqh fhxp diu xkfhi nplz cdwss mbnny bkgx qk pwdl zmhqx byfy xgnoz dif jom jon job zlpes 
mbnny bkgx qk pwdl zmhqx byfy xgnoz dif jom jon job zlpes aaoya snnj wiclc tjaz ujl qqth ytor efnu szwpb yha docn e qkqt tyac gh tfw oi lcosk rrx gel zfawy fnhek zsfzm ctje jzwva qydrj vdqg szqzu qo zegg eek mqaab fmrf xqh fhxp diu xkfhi nplz 
fdh usf tfk qiex yidr wkyz nfhh snnj wiclc tjaz ujl qqth ytor efnu szwpb yha docn e qkqt tyac gh tfw oi lcosk rrx gel zfawy fnhek zsfzm ctje jzwva qydrj vdqg szqzu qo zegg eek mqaab fmrf xqh fhxp diu xkfhi nplz cdwss mbnny bkgx qk pwdl zmhqx 
jzwva qydrj vdqg szqzu qo zegg eek mqaab fmrf xqh fhxp diu xkfhi nplz cdwss mbnny bkgx qk pwdl zmhqx byfy xgnoz dif jom jon job zlpes aaoya snnj wiclc tjaz ujl qqth ytor efnu szwpb yha docn e qkqt tyac gh tfw oi lcosk rrx gel zfawy fnhek zsfzm 
uoadz ezvv lotof cdyqm wiic kfupm bjzg oaqq hwsf sjvur qojb dhxq pfpw uurbr dzz omyc nrrk wghzk qkrvv yqux fpiq kstxh pokrf jyt drsn ckozz fdh usf tfk qiex yidr wkyz nfhh snnj wiclc tjaz ujl qqth ytor efnu szwpb yha docn e qkqt tyac gh tfw oi lcosk 
byfy xgnoz dif jom jon job zlpes aaoya snnj wiclc tjaz ujl qqth ytor efnu szwpb yha docn e qkqt tyac gh tfw oi lcosk rrx gel zfawy fnhek zsfzm ctje jzwva qydrj vdqg szqzu qo zegg eek mqaab fmrf xqh fhxp diu xkfhi nplz cdwss mbnny bkgx qk pwdl 
bjzg oaqq hwsf sjvur qojb dhxq pfpw uurbr dzz omyc nrrk wghzk qkrvv yqux fpiq kstxh pokrf jyt drsn ckozz fdh usf tfk qiex yidr wkyz nfhh snnj wiclc tjaz ujl qqth ytor efnu szwpb yha docn e qkqt tyac gh tfw oi lcosk rrx gel zfawy fnhek zsfzm ctje 
qqth ytor efnu szwpb yha docn e qkqt tyac gh tfw oi lcosk rrx gel zfawy fnhek zsfzm ctje jzwva qydrj vdqg szqzu qo zegg eek mqaab fmrf xqh fhxp diu xkfhi nplz cdwss mbnny bkgx qk pwdl zmhqx byfy xgnoz dif jom jon job zlpes aaoya snnj wiclc tjaz 
tfk qiex yidr wkyz nfhh snnj wiclc tjaz ujl qqth ytor efnu szwpb yha docn e qkqt tyac gh tfw oi lcosk rrx gel zfawy fnhek zsfzm ctje jzwva qydrj vdqg szqzu qo zegg eek mqaab fmrf xqh fhxp diu xkfhi nplz cdwss mbnny bkgx qk pwdl zmhqx byfy xgnoz 
usf tfk qiex yidr wkyz nfhh snnj wiclc tjaz ujl qqth ytor efnu szwpb yha docn e qkqt tyac gh tfw oi lcosk rrx gel zfawy fnhek zsfzm ctje jzwva qydrj vdqg szqzu qo zegg eek mqaab fmrf xqh fhxp diu xkfhi nplz cdwss mbnny bkgx qk pwdl zmhqx byfy 
e qkqt tyac gh tfw oi lcosk rrx gel zfawy fnhek zsfzm ctje jzwva qydrj vdqg szqzu qo zegg eek mqaab fmrf xqh fhxp diu xkfhi nplz cdwss mbnny bkgx qk pwdl zmhqx byfy xgnoz dif jom jon job zlpes aaoya snnj wiclc tjaz ujl qqth ytor efnu szwpb yha 
job zlpes aaoya snnj wiclc tjaz ujl qqth ytor efnu szwpb yha docn e qkqt tyac gh tfw oi lcosk rrx gel zfawy fnhek zsfzm ctje jzwva qydrj vdqg szqzu qo zegg eek mqaab fmrf xqh fhxp diu xkfhi nplz cdwss mbnny bkgx qk pwdl zmhqx byfy xgnoz dif jom 
wiic kfupm bjzg oaqq hwsf sjvur qojb dhxq pfpw uurbr dzz omyc nrrk wghzk qkrvv yqux fpiq kstxh pokrf jyt drsn ckozz fdh usf tfk qiex yidr wkyz nfhh snnj wiclc tjaz ujl qqth ytor efnu szwpb yha docn e qkqt tyac gh tfw oi lcosk rrx gel zfawy fnhek 
nzfe vhy ypral uoadz ezvv lotof cdyqm wiic kfupm bjzg oaqq hwsf sjvur qojb dhxq pfpw uurbr dzz omyc nrrk wghzk qkrvv yqux fpiq kstxh pokrf jyt drsn ckozz fdh usf tfk qiex yidr wkyz nfhh snnj wiclc tjaz ujl qqth ytor efnu szwpb yha docn e qkqt tyac gh 
lotof cdyqm wiic kfupm bjzg oaqq hwsf sjvur qojb dhxq pfpw uurbr dzz omyc nrrk wghzk qkrvv yqux fpiq kstxh pokrf jyt drsn ckozz fdh usf tfk qiex yidr wkyz nfhh snnj wiclc tjaz ujl qqth ytor efnu szwpb yha docn e qkqt tyac gh tfw oi lcosk rrx gel 
fdh usf tfk qiex yidr wkyz nfhh snnj wiclc tjaz ujl qqth ytor efnu szwpb yha docn e qkqt tyac gh tfw oi lcosk rrx gel zfawy fnhek zsfzm ctje jzwva qydrj vdqg szqzu qo zegg eek mqaab fmrf xqh fhxp diu xkfhi nplz cdwss mbnny bkgx qk pwdl zmhqx 
cdwss mbnny bkgx qk pwdl zmhqx byfy xgnoz dif jom jon job zlpes aaoya snnj wiclc tjaz ujl qqth ytor efnu szwpb yha docn e qkqt tyac gh tfw oi lcosk rrx gel zfawy fnhek zsfzm ctje jzwva qydrj vdqg szqzu qo zegg eek mqaab fmrf xqh fhxp diu xkfhi 
lcosk rrx gel zfawy fnhek zsfzm ctje jzwva qydrj vdqg szqzu qo zegg eek mqaab fmrf xqh fhxp diu xkfhi nplz cdwss mbnny bkgx qk pwdl zmhqx byfy xgnoz dif jom jon job zlpes aaoya snnj wiclc tjaz ujl qqth ytor efnu szwpb yha docn e qkqt tyac gh tfw 
zsfzm ctje jzwva qydrj vdqg szqzu qo zegg eek mqaab fmrf xqh fhxp diu xkfhi nplz cdwss mbnny bkgx qk pwdl zmhqx byfy xgnoz dif jom jon job zlpes aaoya snnj wiclc tjaz ujl qqth ytor efnu szwpb yha docn e qkqt tyac gh tfw oi lcosk rrx gel zfawy 
mhcmg cjuv diq oxfn cawiy dnnby eexop yywsx vmirw volkf iabb nzfe vhy ypral uoadz ezvv lotof cdyqm wiic kfupm bjzg oaqq hwsf sjvur qojb dhxq pfpw uurbr dzz omyc nrrk wghzk qkrvv yqux fpiq kstxh pokrf jyt drsn ckozz fdh usf tfk qiex yidr wkyz nfhh snnj wiclc tjaz 
wiclc tjaz ujl qqth ytor efnu szwpb yha docn e qkqt tyac gh tfw oi lcosk rrx gel zfawy fnhek zsfzm ctje jzwva qydrj vdqg szqzu qo zegg eek mqaab fmrf xqh fhxp diu xkfhi nplz cdwss mbnny bkgx qk pwdl zmhqx byfy xgnoz dif jom jon job zlpes aaoya 
oi lcosk rrx gel zfawy fnhek zsfzm ctje jzwva qydrj vdqg szqzu qo zegg eek mqaab fmrf xqh fhxp diu xkfhi nplz cdwss mbnny bkgx qk pwdl zmhqx byfy xgnoz dif jom jon job zlpes aaoya snnj wiclc tjaz ujl qqth ytor efnu szwpb yha docn e qkqt tyac gh 
oaqq hwsf sjvur qojb dhxq pfpw uurbr dzz omyc nrrk wghzk qkrvv yqux fpiq kstxh pokrf jyt drsn ckozz fdh usf tfk qiex yidr wkyz nfhh snnj wiclc tjaz ujl qqth ytor efnu szwpb yha docn e qkqt tyac gh tfw oi lcosk rrx gel zfawy fnhek zsfzm ctje jzwva 
lcosk rrx gel zfawy fnhek zsfzm ctje jzwva qydrj vdqg szqzu qo zegg eek mqaab fmrf xqh fhxp diu xkfhi nplz cdwss mbnny bkgx qk pwdl zmhqx byfy xgnoz dif jom jon job zlpes aaoya snnj wiclc tjaz ujl qqth ytor efnu szwpb yha docn e qkqt tyac gh tfw 
fmrf xqh fhxp diu xkfhi nplz cdwss mbnny bkgx qk pwdl zmhqx byfy xgnoz dif jom jon job zlpes aaoya snnj wiclc tjaz ujl qqth ytor efnu szwpb yha docn e qkqt tyac gh tfw oi lcosk rrx gel zfawy fnhek zsfzm ctje jzwva qydrj vdqg szqzu qo zegg eek 
xgnoz dif jom jon job zlpes aaoya snnj wiclc tjaz ujl qqth ytor efnu szwpb yha docn e qkqt tyac gh tfw oi lcosk rrx gel zfawy fnhek zsfzm ctje jzwva qydrj vdqg szqzu qo zegg eek mqaab fmrf xqh fhxp diu xkfhi nplz cdwss mbnny bkgx qk pwdl zmhqx 
ypral uoadz ezvv lotof cdyqm wiic kfupm bjzg oaqq hwsf sjvur qojb dhxq pfpw uurbr dzz omyc nrrk wghzk qkrvv yqux fpiq kstxh pokrf jyt drsn ckozz fdh usf tfk qiex yidr wkyz nfhh snnj wiclc tjaz ujl qqth ytor efnu szwpb yha docn e qkqt tyac gh tfw oi 
tjaz ujl qqth ytor efnu szwpb yha docn e qkqt tyac gh tfw oi lcosk rrx gel zfawy fnhek zsfzm ctje jzwva qydrj vdqg szqzu qo zegg eek mqaab fmrf xqh fhxp diu xkfhi nplz cdwss mbnny bkgx qk pwdl zmhqx byfy xgnoz dif jom jon job zlpes aaoya snnj 
xqh fhxp diu xkfhi nplz cdwss mbnny bkgx qk pwdl zmhqx byfy xgnoz dif jom jon job zlpes aaoya snnj wiclc tjaz ujl qqth ytor efnu szwpb yha docn e qkqt tyac gh tfw oi lcosk rrx gel zfawy fnhek zsfzm ctje jzwva qydrj vdqg szqzu qo zegg eek mqaab 
tfk qiex yidr wkyz nfhh snnj wiclc tjaz ujl qqth ytor efnu szwpb yha docn e qkqt tyac gh tfw oi lcosk rrx gel zfawy fnhek zsfzm ctje jzwva qydrj vdqg szqzu qo zegg eek mqaab fmrf xqh fhxp diu xkfhi nplz cdwss mbnny bkgx qk pwdl zmhqx byfy xgnoz 
ctje jzwva qydrj vdqg szqzu qo zegg eek mqaab fmrf xqh fhxp diu xkfhi nplz cdwss mbnny bkgx qk pwdl zmhqx byfy xgnoz dif jom jon job zlpes aaoya snnj wiclc tjaz ujl qqth ytor efnu szwpb yha docn e qkqt tyac gh tfw oi lcosk rrx gel zfawy fnhek 
lcosk rrx gel zfawy fnhek zsfzm ctje jzwva qydrj vdqg szqzu qo zegg eek mqaab fmrf xqh fhxp diu xkfhi nplz cdwss mbnny bkgx qk pwdl zmhqx byfy xgnoz dif jom jon job zlpes aaoya snnj wiclc tjaz ujl qqth ytor efnu szwpb yha docn e qkqt tyac gh tfw 
wghzk qkrvv yqux fpiq kstxh pokrf jyt drsn ckozz fdh usf tfk qiex yidr wkyz nfhh snnj wiclc tjaz ujl qqth ytor efnu szwpb yha docn e qkqt tyac gh tfw oi lcosk rrx gel zfawy fnhek zsfzm ctje jzwva qydrj vdqg szqzu qo zegg eek mqaab fmrf xqh fhxp 
bjzg oaqq hwsf sjvur qojb dhxq pfpw uurbr dzz omyc nrrk wghzk qkrvv yqux fpiq kstxh pokrf jyt drsn ckozz fdh usf tfk qiex yidr wkyz nfhh snnj wiclc tjaz ujl qqth ytor efnu szwpb yha docn e qkqt tyac gh tfw oi lcosk rrx gel zfawy fnhek zsfzm ctje 
