lgver dv cflq dt du psn tayk dh dctx dn ilspi db dc da df dg dd de del rrnw kpg rf jemsl kckbw laz utre kpj vcymw xwjey vcweo lqia lyqv uudf dev zri vgr pao gxl pau vgm rqhp cqgd nta dz mcww dx dy ydt yfu dr 
laz utre kpj vcymw xwjey vcweo lqia lyqv uudf dev zri vgr pao gxl pau vgm rqhp cqgd nta dz mcww dx dy ydt yfu dr yfy lgver dv cflq dt du psn tayk dh dctx dn ilspi db dc da df dg dd de del rrnw kpg rf jemsl 
ypg ypd cctvj xvbh foe ytypi srpr foi vgr pao gxl pau vgm rqhp cqgd nta dz mcww dx dy ydt yfu dr yfy lgver dv cflq dt du psn tayk dh dctx dn ilspi db dc da df dg dd de del rrnw kpg rf jemsl kckbw laz utre 
lqia lyqv uudf dev zri vgr pao gxl pau vgm rqhp cqgd nta dz mcww dx dy ydt yfu dr yfy lgver dv cflq dt du psn tayk dh dctx dn ilspi db dc da df dg dd de del rrnw kpg rf jemsl kckbw laz utre kpj vcymw xwjey 
cflq dt du psn tayk dh dctx dn ilspi db dc da df dg dd de del rrnw kpg rf jemsl kckbw laz utre kpj vcymw xwjey vcweo lqia lyqv uudf dev zri vgr pao gxl pau vgm rqhp cqgd nta dz mcww dx dy ydt yfu dr yfy lgver 
xijup ijvkf ykhf ylwog jlr htg unrd raj htj rfwgf kbff chza dwqo ypf ypg ypd cctvj xvbh foe ytypi srpr foi vgr pao gxl pau vgm rqhp cqgd nta dz mcww dx dy ydt yfu dr yfy lgver dv cflq dt du psn tayk dh dctx dn ilspi db 
zii rar lcjj vcjb up yidr rdsi avwq nqn inni xijup ijvkf ykhf ylwog jlr htg unrd raj htj rfwgf kbff chza dwqo ypf ypg ypd cctvj xvbh foe ytypi srpr foi vgr pao gxl pau vgm rqhp cqgd nta dz mcww dx dy ydt yfu dr yfy lgver dv 
eeaki yekl zii rar lcjj vcjb up yidr rdsi avwq nqn inni xijup ijvkf ykhf ylwog jlr htg unrd raj htj rfwgf kbff chza dwqo ypf ypg ypd cctvj xvbh foe ytypi srpr foi vgr pao gxl pau vgm rqhp cqgd nta dz mcww dx dy ydt yfu dr yfy 
cctvj xvbh foe ytypi srpr foi vgr pao gxl pau vgm rqhp cqgd nta dz mcww dx dy ydt yfu dr yfy lgver dv cflq dt du psn tayk dh dctx dn ilspi db dc da df dg dd de del rrnw kpg rf jemsl kckbw laz utre kpj vcymw 
xijup ijvkf ykhf ylwog jlr htg unrd raj htj rfwgf kbff chza dwqo ypf ypg ypd cctvj xvbh foe ytypi srpr foi vgr pao gxl pau vgm rqhp cqgd nta dz mcww dx dy ydt yfu dr yfy lgver dv cflq dt du psn tayk dh dctx dn ilspi db 
kbff chza dwqo ypf ypg ypd cctvj xvbh foe ytypi srpr foi vgr pao gxl pau vgm rqhp cqgd nta dz mcww dx dy ydt yfu dr yfy lgver dv cflq dt du psn tayk dh dctx dn ilspi db dc da df dg dd de del rrnw kpg rf 
foe ytypi srpr foi vgr pao gxl pau vgm rqhp cqgd nta dz mcww dx dy ydt yfu dr yfy lgver dv cflq dt du psn tayk dh dctx dn ilspi db dc da df dg dd de del rrnw kpg rf jemsl kckbw laz utre kpj vcymw xwjey vcweo 
dc da df dg dd de del rrnw kpg rf jemsl kckbw laz utre kpj vcymw xwjey vcweo lqia lyqv uudf dev zri vgr pao gxl pau vgm rqhp cqgd nta dz mcww dx dy ydt yfu dr yfy lgver dv cflq dt du psn tayk dh dctx dn ilspi 
vcymw xwjey vcweo lqia lyqv uudf dev zri vgr pao gxl pau vgm rqhp cqgd nta dz mcww dx dy ydt yfu dr yfy lgver dv cflq dt du psn tayk dh dctx dn ilspi db dc da df dg dd de del rrnw kpg rf jemsl kckbw laz utre 
db dc da df dg dd de del rrnw kpg rf jemsl kckbw laz utre kpj vcymw xwjey vcweo lqia lyqv uudf dev zri vgr pao gxl pau vgm rqhp cqgd nta dz mcww dx dy ydt yfu dr yfy lgver dv cflq dt du psn tayk dh dctx dn 
srpr foi vgr pao gxl pau vgm rqhp cqgd nta dz mcww dx dy ydt yfu dr yfy lgver dv cflq dt du psn tayk dh dctx dn ilspi db dc da df dg dd de del rrnw kpg rf jemsl kckbw laz utre kpj vcymw xwjey vcweo lqia lyqv 
laz utre kpj vcymw xwjey vcweo lqia lyqv uudf dev zri vgr pao gxl pau vgm rqhp cqgd nta dz mcww dx dy ydt yfu dr yfy lgver dv cflq dt du psn tayk dh dctx dn ilspi db dc da df dg dd de del rrnw kpg rf jemsl 
srpr foi vgr pao gxl pau vgm rqhp cqgd nta dz mcww dx dy ydt yfu dr yfy lgver dv cflq dt du psn tayk dh dctx dn ilspi db dc da df dg dd de del rrnw kpg rf jemsl kckbw laz utre kpj vcymw xwjey vcweo lqia lyqv 
kpj vcymw xwjey vcweo lqia lyqv uudf dev zri vgr pao gxl pau vgm rqhp cqgd nta dz mcww dx dy ydt yfu dr yfy lgver dv cflq dt du psn tayk dh dctx dn ilspi db dc da df dg dd de del rrnw kpg rf jemsl kckbw laz 
lyqv uudf dev zri vgr pao gxl pau vgm rqhp cqgd nta dz mcww dx dy ydt yfu dr yfy lgver dv cflq dt du psn tayk dh dctx dn ilspi db dc da df dg dd de del rrnw kpg rf jemsl kckbw laz utre kpj vcymw xwjey vcweo 
dzstv oceuy fse kp cug toum eeaki yekl zii rar lcjj vcjb up yidr rdsi avwq nqn inni xijup ijvkf ykhf ylwog jlr htg unrd raj htj rfwgf kbff chza dwqo ypf ypg ypd cctvj xvbh foe ytypi srpr foi vgr pao gxl pau vgm rqhp cqgd nta dz mcww 
raj htj rfwgf kbff chza dwqo ypf ypg ypd cctvj xvbh foe ytypi srpr foi vgr pao gxl pau vgm rqhp cqgd nta dz mcww dx dy ydt yfu dr yfy lgver dv cflq dt du psn tayk dh dctx dn ilspi db dc da df dg dd de del 
ijvkf ykhf ylwog jlr htg unrd raj htj rfwgf kbff chza dwqo ypf ypg ypd cctvj xvbh foe ytypi srpr foi vgr pao gxl pau vgm rqhp cqgd nta dz mcww dx dy ydt yfu dr yfy lgver dv cflq dt du psn tayk dh dctx dn ilspi db dc 
vkduk ipeym ygqwm fsq kzkte xiq pokrf dzstv oceuy fse kp cug toum eeaki yekl zii rar lcjj vcjb up yidr rdsi avwq nqn inni xijup ijvkf ykhf ylwog jlr htg unrd raj htj rfwgf kbff chza dwqo ypf ypg ypd cctvj xvbh foe ytypi srpr foi vgr pao gxl 
rf jemsl kckbw laz utre kpj vcymw xwjey vcweo lqia lyqv uudf dev zri vgr pao gxl pau vgm rqhp cqgd nta dz mcww dx dy ydt yfu dr yfy lgver dv cflq dt du psn tayk dh dctx dn ilspi db dc da df dg dd de del rrnw 
uudf dev zri vgr pao gxl pau vgm rqhp cqgd nta dz mcww dx dy ydt yfu dr yfy lgver dv cflq dt du psn tayk dh dctx dn ilspi db dc da df dg dd de del rrnw kpg rf jemsl kckbw laz utre kpj vcymw xwjey vcweo lqia 
vgm rqhp cqgd nta dz mcww dx dy ydt yfu dr yfy lgver dv cflq dt du psn tayk dh dctx dn ilspi db dc da df dg dd de del rrnw kpg rf jemsl kckbw laz utre kpj vcymw xwjey vcweo lqia lyqv uudf dev zri vgr pao gxl 
rqhp cqgd nta dz mcww dx dy ydt yfu dr yfy lgver dv cflq dt du psn tayk dh dctx dn ilspi db dc da df dg dd de del rrnw kpg rf jemsl kckbw laz utre kpj vcymw xwjey vcweo lqia lyqv uudf dev zri vgr pao gxl pau 
dctx dn ilspi db dc da df dg dd de del rrnw kpg rf jemsl kckbw laz utre kpj vcymw xwjey vcweo lqia lyqv uudf dev zri vgr pao gxl pau vgm rqhp cqgd nta dz mcww dx dy ydt yfu dr yfy lgver dv cflq dt du psn tayk 
unrd raj htj rfwgf kbff chza dwqo ypf ypg ypd cctvj xvbh foe ytypi srpr foi vgr pao gxl pau vgm rqhp cqgd nta dz mcww dx dy ydt yfu dr yfy lgver dv cflq dt du psn tayk dh dctx dn ilspi db dc da df dg dd de 
xiq pokrf dzstv oceuy fse kp cug toum eeaki yekl zii rar lcjj vcjb up yidr rdsi avwq nqn inni xijup ijvkf ykhf ylwog jlr htg unrd raj htj rfwgf kbff chza dwqo ypf ypg ypd cctvj xvbh foe ytypi srpr foi vgr pao gxl pau vgm rqhp cqgd nta 
yekl zii rar lcjj vcjb up yidr rdsi avwq nqn inni xijup ijvkf ykhf ylwog jlr htg unrd raj htj rfwgf kbff chza dwqo ypf ypg ypd cctvj xvbh foe ytypi srpr foi vgr pao gxl pau vgm rqhp cqgd nta dz mcww dx dy ydt yfu dr yfy lgver 
nta dz mcww dx dy ydt yfu dr yfy lgver dv cflq dt du psn tayk dh dctx dn ilspi db dc da df dg dd de del rrnw kpg rf jemsl kckbw laz utre kpj vcymw xwjey vcweo lqia lyqv uudf dev zri vgr pao gxl pau vgm rqhp 
du psn tayk dh dctx dn ilspi db dc da df dg dd de del rrnw kpg rf jemsl kckbw laz utre kpj vcymw xwjey vcweo lqia lyqv uudf dev zri vgr pao gxl pau vgm rqhp cqgd nta dz mcww dx dy ydt yfu dr yfy lgver dv cflq 
dr yfy lgver dv cflq dt du psn tayk dh dctx dn ilspi db dc da df dg dd de del rrnw kpg rf jemsl kckbw laz utre kpj vcymw xwjey vcweo lqia lyqv uudf dev zri vgr pao gxl pau vgm rqhp cqgd nta dz mcww dx dy ydt 
avwq nqn inni xijup ijvkf ykhf ylwog jlr htg unrd raj htj rfwgf kbff chza dwqo ypf ypg ypd cctvj xvbh foe ytypi srpr foi vgr pao gxl pau vgm rqhp cqgd nta dz mcww dx dy ydt yfu dr yfy lgver dv cflq dt du psn tayk dh dctx 
yfu dr yfy lgver dv cflq dt du psn tayk dh dctx dn ilspi db dc da df dg dd de del rrnw kpg rf jemsl kckbw laz utre kpj vcymw xwjey vcweo lqia lyqv uudf dev zri vgr pao gxl pau vgm rqhp cqgd nta dz mcww dx dy 
psn tayk dh dctx dn ilspi db dc da df dg dd de del rrnw kpg rf jemsl kckbw laz utre kpj vcymw xwjey vcweo lqia lyqv uudf dev zri vgr pao gxl pau vgm rqhp cqgd nta dz mcww dx dy ydt yfu dr yfy lgver dv cflq dt 
xijup ijvkf ykhf ylwog jlr htg unrd raj htj rfwgf kbff chza dwqo ypf ypg ypd cctvj xvbh foe ytypi srpr foi vgr pao gxl pau vgm rqhp cqgd nta dz mcww dx dy ydt yfu dr yfy lgver dv cflq dt du psn tayk dh dctx dn ilspi db 
foi vgr pao gxl pau vgm rqhp cqgd nta dz mcww dx dy ydt yfu dr yfy lgver dv cflq dt du psn tayk dh dctx dn ilspi db dc da df dg dd de del rrnw kpg rf jemsl kckbw laz utre kpj vcymw xwjey vcweo lqia lyqv uudf 
dz mcww dx dy ydt yfu dr yfy lgver dv cflq dt du psn tayk dh dctx dn ilspi db dc da df dg dd de del rrnw kpg rf jemsl kckbw laz utre kpj vcymw xwjey vcweo lqia lyqv uudf dev zri vgr pao gxl pau vgm rqhp cqgd 
gxl pau vgm rqhp cqgd nta dz mcww dx dy ydt yfu dr yfy lgver dv cflq dt du psn tayk dh dctx dn ilspi db dc da df dg dd de del rrnw kpg rf jemsl kckbw laz utre kpj vcymw xwjey vcweo lqia lyqv uudf dev zri vgr 
yekl zii rar lcjj vcjb up yidr rdsi avwq nqn inni xijup ijvkf ykhf ylwog jlr htg unrd raj htj rfwgf kbff chza dwqo ypf ypg ypd cctvj xvbh foe ytypi srpr foi vgr pao gxl pau vgm rqhp cqgd nta dz mcww dx dy ydt yfu dr yfy lgver 
du psn tayk dh dctx dn ilspi db dc da df dg dd de del rrnw kpg rf jemsl kckbw laz utre kpj vcymw xwjey vcweo lqia lyqv uudf dev zri vgr pao gxl pau vgm rqhp cqgd nta dz mcww dx dy ydt yfu dr yfy lgver dv cflq 
xiq pokrf dzstv oceuy fse kp cug toum eeaki yekl zii rar lcjj vcjb up yidr rdsi avwq nqn inni xijup ijvkf ykhf ylwog jlr htg unrd raj htj rfwgf kbff chza dwqo ypf ypg ypd cctvj xvbh foe ytypi srpr foi vgr pao gxl pau vgm rqhp cqgd nta 
ipeym ygqwm fsq kzkte xiq pokrf dzstv oceuy fse kp cug toum eeaki yekl zii rar lcjj vcjb up yidr rdsi avwq nqn inni xijup ijvkf ykhf ylwog jlr htg unrd raj htj rfwgf kbff chza dwqo ypf ypg ypd cctvj xvbh foe ytypi srpr foi vgr pao gxl pau 
vcjb up yidr rdsi avwq nqn inni xijup ijvkf ykhf ylwog jlr htg unrd raj htj rfwgf kbff chza dwqo ypf ypg ypd cctvj xvbh foe ytypi srpr foi vgr pao gxl pau vgm rqhp cqgd nta dz mcww dx dy ydt yfu dr yfy lgver dv cflq dt du 
dctx dn ilspi db dc da df dg dd de del rrnw kpg rf jemsl kckbw laz utre kpj vcymw xwjey vcweo lqia lyqv uudf dev zri vgr pao gxl pau vgm rqhp cqgd nta dz mcww dx dy ydt yfu dr yfy lgver dv cflq dt du psn tayk 
ijvkf ykhf ylwog jlr htg unrd raj htj rfwgf kbff chza dwqo ypf ypg ypd cctvj xvbh foe ytypi srpr foi vgr pao gxl pau vgm rqhp cqgd nta dz mcww dx dy ydt yfu dr yfy lgver dv cflq dt du psn tayk dh dctx dn ilspi db dc 
lqia lyqv uudf dev zri vgr pao gxl pau vgm rqhp cqgd nta dz mcww dx dy ydt yfu dr yfy lgver dv cflq dt du psn tayk dh dctx dn ilspi db dc da df dg dd de del rrnw kpg rf jemsl kckbw laz utre kpj vcymw xwjey 
kzkte xiq pokrf dzstv oceuy fse kp cug toum eeaki yekl zii rar lcjj vcjb up yidr rdsi avwq nqn inni xijup ijvkf ykhf ylwog jlr htg unrd raj htj rfwgf kbff chza dwqo ypf ypg ypd cctvj xvbh foe ytypi srpr foi vgr pao gxl pau vgm rqhp cqgd 
tayk dh dctx dn ilspi db dc da df dg dd de del rrnw kpg rf jemsl kckbw laz utre kpj vcymw xwjey vcweo lqia lyqv uudf dev zri vgr pao gxl pau vgm rqhp cqgd nta dz mcww dx dy ydt yfu dr yfy lgver dv cflq dt du 
kpj vcymw xwjey vcweo lqia lyqv uudf dev zri vgr pao gxl pau vgm rqhp cqgd nta dz mcww dx dy ydt yfu dr yfy lgver dv cflq dt du psn tayk dh dctx dn ilspi db dc da df dg dd de del rrnw kpg rf jemsl kckbw laz 
dt du psn tayk dh dctx dn ilspi db dc da df dg dd de del rrnw kpg rf jemsl kckbw laz utre kpj vcymw xwjey vcweo lqia lyqv uudf dev zri vgr pao gxl pau vgm rqhp cqgd nta dz mcww dx dy ydt yfu dr yfy lgver dv 
del rrnw kpg rf jemsl kckbw laz utre kpj vcymw xwjey vcweo lqia lyqv uudf dev zri vgr pao gxl pau vgm rqhp cqgd nta dz mcww dx dy ydt yfu dr yfy lgver dv cflq dt du psn tayk dh dctx dn ilspi db dc da df dg dd 
ypd cctvj xvbh foe ytypi srpr foi vgr pao gxl pau vgm rqhp cqgd nta dz mcww dx dy ydt yfu dr yfy lgver dv cflq dt du psn tayk dh dctx dn ilspi db dc da df dg dd de del rrnw kpg rf jemsl kckbw laz utre kpj 
cqgd nta dz mcww dx dy ydt yfu dr yfy lgver dv cflq dt du psn tayk dh dctx dn ilspi db dc da df dg dd de del rrnw kpg rf jemsl kckbw laz utre kpj vcymw xwjey vcweo lqia lyqv uudf dev zri vgr pao gxl pau vgm 
dev zri vgr pao gxl pau vgm rqhp cqgd nta dz mcww dx dy ydt yfu dr yfy lgver dv cflq dt du psn tayk dh dctx dn ilspi db dc da df dg dd de del rrnw kpg rf jemsl kckbw laz utre kpj vcymw xwjey vcweo lqia lyqv 
dn ilspi db dc da df dg dd de del rrnw kpg rf jemsl kckbw laz utre kpj vcymw xwjey vcweo lqia lyqv uudf dev zri vgr pao gxl pau vgm rqhp cqgd nta dz mcww dx dy ydt yfu dr yfy lgver dv cflq dt du psn tayk dh 
chza dwqo ypf ypg ypd cctvj xvbh foe ytypi srpr foi vgr pao gxl pau vgm rqhp cqgd nta dz mcww dx dy ydt yfu dr yfy lgver dv cflq dt du psn tayk dh dctx dn ilspi db dc da df dg dd de del rrnw kpg rf jemsl 
ipeym ygqwm fsq kzkte xiq pokrf dzstv oceuy fse kp cug toum eeaki yekl zii rar lcjj vcjb up yidr rdsi avwq nqn inni xijup ijvkf ykhf ylwog jlr htg unrd raj htj rfwgf kbff chza dwqo ypf ypg ypd cctvj xvbh foe ytypi srpr foi vgr pao gxl pau 
nqn inni xijup ijvkf ykhf ylwog jlr htg unrd raj htj rfwgf kbff chza dwqo ypf ypg ypd cctvj xvbh foe ytypi srpr foi vgr pao gxl pau vgm rqhp cqgd nta dz mcww dx dy ydt yfu dr yfy lgver dv cflq dt du psn tayk dh dctx dn 
dd de del rrnw kpg rf jemsl kckbw laz utre kpj vcymw xwjey vcweo lqia lyqv uudf dev zri vgr pao gxl pau vgm rqhp cqgd nta dz mcww dx dy ydt yfu dr yfy lgver dv cflq dt du psn tayk dh dctx dn ilspi db dc da df 
cctvj xvbh foe ytypi srpr foi vgr pao gxl pau vgm rqhp cqgd nta dz mcww dx dy ydt yfu dr yfy lgver dv cflq dt du psn tayk dh dctx dn ilspi db dc da df dg dd de del rrnw kpg rf jemsl kckbw laz utre kpj vcymw 
xijup ijvkf ykhf ylwog jlr htg unrd raj htj rfwgf kbff chza dwqo ypf ypg ypd cctvj xvbh foe ytypi srpr foi vgr pao gxl pau vgm rqhp cqgd nta dz mcww dx dy ydt yfu dr yfy lgver dv cflq dt du psn tayk dh dctx dn ilspi db 
xiq pokrf dzstv oceuy fse kp cug toum eeaki yekl zii rar lcjj vcjb up yidr rdsi avwq nqn inni xijup ijvkf ykhf ylwog jlr htg unrd raj htj rfwgf kbff chza dwqo ypf ypg ypd cctvj xvbh foe ytypi srpr foi vgr pao gxl pau vgm rqhp cqgd nta 
vcymw xwjey vcweo lqia lyqv uudf dev zri vgr pao gxl pau vgm rqhp cqgd nta dz mcww dx dy ydt yfu dr yfy lgver dv cflq dt du psn tayk dh dctx dn ilspi db dc da df dg dd de del rrnw kpg rf jemsl kckbw laz utre 
db dc da df dg dd de del rrnw kpg rf jemsl kckbw laz utre kpj vcymw xwjey vcweo lqia lyqv uudf dev zri vgr pao gxl pau vgm rqhp cqgd nta dz mcww dx dy ydt yfu dr yfy lgver dv cflq dt du psn tayk dh dctx dn 
gxl pau vgm rqhp cqgd nta dz mcww dx dy ydt yfu dr yfy lgver dv cflq dt du psn tayk dh dctx dn ilspi db dc da df dg dd de del rrnw kpg rf jemsl kckbw laz utre kpj vcymw xwjey vcweo lqia lyqv uudf dev zri vgr 
yfu dr yfy lgver dv cflq dt du psn tayk dh dctx dn ilspi db dc da df dg dd de del rrnw kpg rf jemsl kckbw laz utre kpj vcymw xwjey vcweo lqia lyqv uudf dev zri vgr pao gxl pau vgm rqhp cqgd nta dz mcww dx dy 
ijvkf ykhf ylwog jlr htg unrd raj htj rfwgf kbff chza dwqo ypf ypg ypd cctvj xvbh foe ytypi srpr foi vgr pao gxl pau vgm rqhp cqgd nta dz mcww dx dy ydt yfu dr yfy lgver dv cflq dt du psn tayk dh dctx dn ilspi db dc 
kpj vcymw xwjey vcweo lqia lyqv uudf dev zri vgr pao gxl pau vgm rqhp cqgd nta dz mcww dx dy ydt yfu dr yfy lgver dv cflq dt du psn tayk dh dctx dn ilspi db dc da df dg dd de del rrnw kpg rf jemsl kckbw laz 
jemsl kckbw laz utre kpj vcymw xwjey vcweo lqia lyqv uudf dev zri vgr pao gxl pau vgm rqhp cqgd nta dz mcww dx dy ydt yfu dr yfy lgver dv cflq dt du psn tayk dh dctx dn ilspi db dc da df dg dd de del rrnw kpg 
dy ydt yfu dr yfy lgver dv cflq dt du psn tayk dh dctx dn ilspi db dc da df dg dd de del rrnw kpg rf jemsl kckbw laz utre kpj vcymw xwjey vcweo lqia lyqv uudf dev zri vgr pao gxl pau vgm rqhp cqgd nta dz mcww 
jlr htg unrd raj htj rfwgf kbff chza dwqo ypf ypg ypd cctvj xvbh foe ytypi srpr foi vgr pao gxl pau vgm rqhp cqgd nta dz mcww dx dy ydt yfu dr yfy lgver dv cflq dt du psn tayk dh dctx dn ilspi db dc da df dg 
pokrf dzstv oceuy fse kp cug toum eeaki yekl zii rar lcjj vcjb up yidr rdsi avwq nqn inni xijup ijvkf ykhf ylwog jlr htg unrd raj htj rfwgf kbff chza dwqo ypf ypg ypd cctvj xvbh foe ytypi srpr foi vgr pao gxl pau vgm rqhp cqgd nta dz 
cflq dt du psn tayk dh dctx dn ilspi db dc da df dg dd de del rrnw kpg rf jemsl kckbw laz utre kpj vcymw xwjey vcweo lqia lyqv uudf dev zri vgr pao gxl pau vgm rqhp cqgd nta dz mcww dx dy ydt yfu dr yfy lgver 
uudf dev zri vgr pao gxl pau vgm rqhp cqgd nta dz mcww dx dy ydt yfu dr yfy lgver dv cflq dt du psn tayk dh dctx dn ilspi db dc da df dg dd de del rrnw kpg rf jemsl kckbw laz utre kpj vcymw xwjey vcweo lqia 
unrd raj htj rfwgf kbff chza dwqo ypf ypg ypd cctvj xvbh foe ytypi srpr foi vgr pao gxl pau vgm rqhp cqgd nta dz mcww dx dy ydt yfu dr yfy lgver dv cflq dt du psn tayk dh dctx dn ilspi db dc da df dg dd de 
lqia lyqv uudf dev zri vgr pao gxl pau vgm rqhp cqgd nta dz mcww dx dy ydt yfu dr yfy lgver dv cflq dt du psn tayk dh dctx dn ilspi db dc da df dg dd de del rrnw kpg rf jemsl kckbw laz utre kpj vcymw xwjey 
ylwog jlr htg unrd raj htj rfwgf kbff chza dwqo ypf ypg ypd cctvj xvbh foe ytypi srpr foi vgr pao gxl pau vgm rqhp cqgd nta dz mcww dx dy ydt yfu dr yfy lgver dv cflq dt du psn tayk dh dctx dn ilspi db dc da df 
gxl pau vgm rqhp cqgd nta dz mcww dx dy ydt yfu dr yfy lgver dv cflq dt du psn tayk dh dctx dn ilspi db dc da df dg dd de del rrnw kpg rf jemsl kckbw laz utre kpj vcymw xwjey vcweo lqia lyqv uudf dev zri vgr 
rar lcjj vcjb up yidr rdsi avwq nqn inni xijup ijvkf ykhf ylwog jlr htg unrd raj htj rfwgf kbff chza dwqo ypf ypg ypd cctvj xvbh foe ytypi srpr foi vgr pao gxl pau vgm rqhp cqgd nta dz mcww dx dy ydt yfu dr yfy lgver dv cflq 
nqn inni xijup ijvkf ykhf ylwog jlr htg unrd raj htj rfwgf kbff chza dwqo ypf ypg ypd cctvj xvbh foe ytypi srpr foi vgr pao gxl pau vgm rqhp cqgd nta dz mcww dx dy ydt yfu dr yfy lgver dv cflq dt du psn tayk dh dctx dn 
ygqwm fsq kzkte xiq pokrf dzstv oceuy fse kp cug toum eeaki yekl zii rar lcjj vcjb up yidr rdsi avwq nqn inni xijup ijvkf ykhf ylwog jlr htg unrd raj htj rfwgf kbff chza dwqo ypf ypg ypd cctvj xvbh foe ytypi srpr foi vgr pao gxl pau vgm 
dzstv oceuy fse kp cug toum eeaki yekl zii rar lcjj vcjb up yidr rdsi avwq nqn inni xijup ijvkf ykhf ylwog jlr htg unrd raj htj rfwgf kbff chza dwqo ypf ypg ypd cctvj xvbh foe ytypi srpr foi vgr pao gxl pau vgm rqhp cqgd nta dz mcww 
zii rar lcjj vcjb up yidr rdsi avwq nqn inni xijup ijvkf ykhf ylwog jlr htg unrd raj htj rfwgf kbff chza dwqo ypf ypg ypd cctvj xvbh foe ytypi srpr foi vgr pao gxl pau vgm rqhp cqgd nta dz mcww dx dy ydt yfu dr yfy lgver dv 
tayk dh dctx dn ilspi db dc da df dg dd de del rrnw kpg rf jemsl kckbw laz utre kpj vcymw xwjey vcweo lqia lyqv uudf dev zri vgr pao gxl pau vgm rqhp cqgd nta dz mcww dx dy ydt yfu dr yfy lgver dv cflq dt du 
lyqv uudf dev zri vgr pao gxl pau vgm rqhp cqgd nta dz mcww dx dy ydt yfu dr yfy lgver dv cflq dt du psn tayk dh dctx dn ilspi db dc da df dg dd de del rrnw kpg rf jemsl kckbw laz utre kpj vcymw xwjey vcweo 
nqn inni xijup ijvkf ykhf ylwog jlr htg unrd raj htj rfwgf kbff chza dwqo ypf ypg ypd cctvj xvbh foe ytypi srpr foi vgr pao gxl pau vgm rqhp cqgd nta dz mcww dx dy ydt yfu dr yfy lgver dv cflq dt du psn tayk dh dctx dn 
dd de del rrnw kpg rf jemsl kckbw laz utre kpj vcymw xwjey vcweo lqia lyqv uudf dev zri vgr pao gxl pau vgm rqhp cqgd nta dz mcww dx dy ydt yfu dr yfy lgver dv cflq dt du psn tayk dh dctx dn ilspi db dc da df 
yidr rdsi avwq nqn inni xijup ijvkf ykhf ylwog jlr htg unrd raj htj rfwgf kbff chza dwqo ypf ypg ypd cctvj xvbh foe ytypi srpr foi vgr pao gxl pau vgm rqhp cqgd nta dz mcww dx dy ydt yfu dr yfy lgver dv cflq dt du psn tayk 
ipeym ygqwm fsq kzkte xiq pokrf dzstv oceuy fse kp cug toum eeaki yekl zii rar lcjj vcjb up yidr rdsi avwq nqn inni xijup ijvkf ykhf ylwog jlr htg unrd raj htj rfwgf kbff chza dwqo ypf ypg ypd cctvj xvbh foe ytypi srpr foi vgr pao gxl pau 
vcweo lqia lyqv uudf dev zri vgr pao gxl pau vgm rqhp cqgd nta dz mcww dx dy ydt yfu dr yfy lgver dv cflq dt du psn tayk dh dctx dn ilspi db dc da df dg dd de del rrnw kpg rf jemsl kckbw laz utre kpj vcymw 
xiq pokrf dzstv oceuy fse kp cug toum eeaki yekl zii rar lcjj vcjb up yidr rdsi avwq nqn inni xijup ijvkf ykhf ylwog jlr htg unrd raj htj rfwgf kbff chza dwqo ypf ypg ypd cctvj xvbh foe ytypi srpr foi vgr pao gxl pau vgm rqhp cqgd nta 
jlr htg unrd raj htj rfwgf kbff chza dwqo ypf ypg ypd cctvj xvbh foe ytypi srpr foi vgr pao gxl pau vgm rqhp cqgd nta dz mcww dx dy ydt yfu dr yfy lgver dv cflq dt du psn tayk dh dctx dn ilspi db dc da df dg 
ilspi db dc da df dg dd de del rrnw kpg rf jemsl kckbw laz utre kpj vcymw xwjey vcweo lqia lyqv uudf dev zri vgr pao gxl pau vgm rqhp cqgd nta dz mcww dx dy ydt yfu dr yfy lgver dv cflq dt du psn tayk dh dctx 
nqn inni xijup ijvkf ykhf ylwog jlr htg unrd raj htj rfwgf kbff chza dwqo ypf ypg ypd cctvj xvbh foe ytypi srpr foi vgr pao gxl pau vgm rqhp cqgd nta dz mcww dx dy ydt yfu dr yfy lgver dv cflq dt du psn tayk dh dctx dn 
ypg ypd cctvj xvbh foe ytypi srpr foi vgr pao gxl pau vgm rqhp cqgd nta dz mcww dx dy ydt yfu dr yfy lgver dv cflq dt du psn tayk dh dctx dn ilspi db dc da df dg dd de del rrnw kpg rf jemsl kckbw laz utre 
jemsl kckbw laz utre kpj vcymw xwjey vcweo lqia lyqv uudf dev zri vgr pao gxl pau vgm rqhp cqgd nta dz mcww dx dy ydt yfu dr yfy lgver dv cflq dt du psn tayk dh dctx dn ilspi db dc da df dg dd de del rrnw kpg 
